02-22 11:22:08.477   918   918 E wificond: vivo add tx_good 131125 tx_bad 3 rx_good 277442 tx_retry 16403
02-22 15:28:59.665   918   918 E wificond: vivo add tx_good 903379 tx_bad 12 rx_good 1311226 tx_retry 70186
02-22 17:44:54.138   918   918 E wificond: vivo add tx_good 1473120 tx_bad 30 rx_good 2311245 tx_retry 118739
02-22 17:44:57.337   918   918 E wificond: vivo add tx_good 1473128 tx_bad 30 rx_good 2311256 tx_retry 118739
02-22 17:45:00.355   918   918 E wificond: vivo add tx_good 1473128 tx_bad 30 rx_good 2311258 tx_retry 118739
02-22 17:45:03.376   918   918 E wificond: vivo add tx_good 1473133 tx_bad 30 rx_good 2311263 tx_retry 118739
02-22 17:45:06.384   918   918 E wificond: vivo add tx_good 1473138 tx_bad 30 rx_good 2311269 tx_retry 118740
02-22 20:03:12.603   918   918 E wificond: vivo add tx_good 1943568 tx_bad 39 rx_good 3112032 tx_retry 163473
02-22 20:53:43.590   918   918 E wificond: vivo add tx_good 2194306 tx_bad 46 rx_good 3531321 tx_retry 183112
02-22 20:53:46.598   918   918 E wificond: vivo add tx_good 2194312 tx_bad 46 rx_good 3531330 tx_retry 183112
02-22 22:02:37.230  1447  1474 E _V_VivoVibratorServiceImpl: onProcessDied pid: 31124,uid: 10182
02-22 22:03:42.942   918   918 E wificond: vivo add tx_good 263112 tx_bad 13 rx_good 517400 tx_retry 25908
02-22 22:15:07.019   918   918 E wificond: vivo add tx_good 290993 tx_bad 14 rx_good 556352 tx_retry 31122
02-23 00:14:17.524   918   918 E wificond: vivo add tx_good 63112 tx_bad 14 rx_good 180319 tx_retry 9404
02-23 00:45:26.977  3112 19149 E WakeLock: GCM_CONN_ALARM ** IS FORCE-RELEASED ON TIMEOUT **
02-23 00:46:22.199  3112 19928 E WakeLock: GCM_HB_ALARM release without a matched acquire!
02-23 00:46:27.206  3112 19149 E WakeLock: GCM_CONN_ALARM ** IS FORCE-RELEASED ON TIMEOUT **
02-23 00:47:22.647  3112 19928 E WakeLock: GCM_HB_ALARM release without a matched acquire!
02-23 00:52:29.814  3112 21038 E WorkSourceUtil: Could not find package: com.google.android.gms.westworld
02-23 00:52:51.224  3112 21099 E WorkSourceUtil: Could not find package: com.google.android.gms.westworld
02-23 00:58:07.676  3112 21104 E WakeLock: GCM_CONN_ALARM ** IS FORCE-RELEASED ON TIMEOUT **
02-23 00:59:02.868  3112 20519 E WakeLock: GCM_HB_ALARM release without a matched acquire!
02-23 00:59:07.879  3112 21104 E WakeLock: GCM_CONN_ALARM ** IS FORCE-RELEASED ON TIMEOUT **
02-23 01:00:03.227  3112 21432 E WakeLock: GCM_HB_ALARM release without a matched acquire!
02-23 01:15:03.290  3112 21432 E WakeLock: GCM_HB_ALARM release without a matched acquire!
02-23 01:17:53.288  3112 21114 E biip    : Phenotype API error. Event # dirm@5a0a88d5, EventCode: 7 [CONTEXT service_id=51 ]
02-23 01:17:53.288  3112 21114 E biip    : bihr: 29505: No config packages for log source, or config package not registered
02-23 01:17:53.288  3112 21114 E biip    : 	at bijl.b(:com.google.android.gms@230514037@23.05.14 (150400-509319212):4)
02-23 01:17:53.288  3112 21114 E biip    : 	at biji.g(:com.google.android.gms@230514037@23.05.14 (150400-509319212):0)
02-23 01:17:53.288  3112 21114 E biip    : 	at biip.e(:com.google.android.gms@230514037@23.05.14 (150400-509319212):4)
02-23 01:17:53.288  3112 21114 E biip    : 	at biip.f(:com.google.android.gms@230514037@23.05.14 (150400-509319212):2)
02-23 01:17:53.288  3112 21114 E biip    : 	at aspv.er(:com.google.android.gms@230514037@23.05.14 (150400-509319212):1)
02-23 01:17:53.288  3112 21114 E biip    : 	at asqb.run(:com.google.android.gms@230514037@23.05.14 (150400-509319212):12)
02-23 01:17:53.288  3112 21114 E biip    : 	at cnqy.run(:com.google.android.gms@230514037@23.05.14 (150400-509319212):2)
02-23 01:17:53.288  3112 21114 E biip    : 	at aaiq.c(:com.google.android.gms@230514037@23.05.14 (150400-509319212):6)
02-23 01:17:53.288  3112 21114 E biip    : 	at aaiq.run(:com.google.android.gms@230514037@23.05.14 (150400-509319212):7)
02-23 01:17:53.288  3112 21114 E biip    : 	at java.util.concurrent.ThreadPoolExecutor.runWorker(ThreadPoolExecutor.java:1167)
02-23 01:17:53.288  3112 21114 E biip    : 	at java.util.concurrent.ThreadPoolExecutor$Worker.run(ThreadPoolExecutor.java:641)
02-23 01:17:53.288  3112 21114 E biip    : 	at aanw.run(:com.google.android.gms@230514037@23.05.14 (150400-509319212):0)
02-23 01:17:53.288  3112 21114 E biip    : 	at java.lang.Thread.run(Thread.java:923)
02-23 01:32:12.471  3112 21432 E WakeLock: GCM_HB_ALARM release without a matched acquire!
02-23 01:49:05.715  3112 21114 W GmsStrictMode: DISK_READ [CONTEXT service_id=256 ]
02-23 01:49:05.715  3112 21114 W GmsStrictMode: android.os.strictmode.DiskReadViolation
02-23 01:49:05.715  3112 21114 W GmsStrictMode: 	at android.os.StrictMode$AndroidBlockGuardPolicy.onReadFromDisk(StrictMode.java:1596)
02-23 01:49:05.715  3112 21114 W GmsStrictMode: 	at libcore.io.BlockGuardOs.access(BlockGuardOs.java:71)
02-23 01:49:05.715  3112 21114 W GmsStrictMode: 	at libcore.io.ForwardingOs.access(ForwardingOs.java:72)
02-23 01:49:05.715  3112 21114 W GmsStrictMode: 	at android.app.ActivityThread$AndroidOs.access(ActivityThread.java:8094)
02-23 01:49:05.715  3112 21114 W GmsStrictMode: 	at java.io.UnixFileSystem.checkAccess(UnixFileSystem.java:281)
02-23 01:49:05.715  3112 21114 W GmsStrictMode: 	at java.io.File.exists(File.java:815)
02-23 01:49:05.715  3112 21114 W GmsStrictMode: 	at android.app.ContextImpl.getDataDir(ContextImpl.java:2596)
02-23 01:49:05.715  3112 21114 W GmsStrictMode: 	at android.app.ContextImpl.getPreferencesDir(ContextImpl.java:651)
02-23 01:49:05.715  3112 21114 W GmsStrictMode: 	at android.app.ContextImpl.getSharedPreferencesPath(ContextImpl.java:878)
02-23 01:49:05.715  3112 21114 W GmsStrictMode: 	at android.app.ContextImpl.getSharedPreferences(ContextImpl.java:500)
02-23 01:49:05.715  3112 21114 W GmsStrictMode: 	at android.content.ContextWrapper.getSharedPreferences(ContextWrapper.java:188)
02-23 01:49:05.715  3112 21114 W GmsStrictMode: 	at android.content.ContextWrapper.getSharedPreferences(ContextWrapper.java:188)
02-23 01:49:05.715  3112 21114 W GmsStrictMode: 	at android.content.ContextWrapper.getSharedPreferences(ContextWrapper.java:188)
02-23 01:49:05.715  3112 21114 W GmsStrictMode: 	at com.google.android.gms.stats.PlatformStatsCollectorChimeraService.d(:com.google.android.gms@230514037@23.05.14 (150400-509319212):1)
02-23 01:49:05.715  3112 21114 W GmsStrictMode: 	at com.google.android.gms.stats.PlatformStatsCollectorChimeraService.onCreate(:com.google.android.gms@230514037@23.05.14 (150400-509319212):2)
02-23 01:49:05.715  3112 21114 W GmsStrictMode: 	at gor.onCreate(:com.google.android.gms@230514037@23.05.14 (150400-509319212):1)
02-23 01:49:05.715  3112 21114 W GmsStrictMode: 	at xlw.onCreate(:com.google.android.gms@230514037@23.05.14 (150400-509319212):4)
02-23 01:49:05.715  3112 21114 W GmsStrictMode: 	at android.app.ActivityThread.handleCreateService(ActivityThread.java:4541)
02-23 01:49:05.715  3112 21114 W GmsStrictMode: 	at android.app.ActivityThread.access$1800(ActivityThread.java:265)
02-23 01:49:05.715  3112 21114 W GmsStrictMode: 	at android.app.ActivityThread$H.handleMessage(ActivityThread.java:2188)
02-23 01:49:05.715  3112 21114 W GmsStrictMode: 	at android.os.Handler.dispatchMessage(Handler.java:106)
02-23 01:49:05.715  3112 21114 W GmsStrictMode: 	at android.os.Looper.loop(Looper.java:257)
02-23 01:49:05.715  3112 21114 W GmsStrictMode: 	at android.app.ActivityThread.main(ActivityThread.java:8220)
02-23 01:49:05.715  3112 21114 W GmsStrictMode: 	at java.lang.reflect.Method.invoke(Native Method)
02-23 01:49:05.715  3112 21114 W GmsStrictMode: 	at com.android.internal.os.RuntimeInit$MethodAndArgsCaller.run(RuntimeInit.java:626)
02-23 01:49:05.715  3112 21114 W GmsStrictMode: 	at com.android.internal.os.ZygoteInit.main(ZygoteInit.java:1015)
02-23 01:49:05.717  3112 21114 W GmsStrictMode: DISK_READ [CONTEXT service_id=256 ]
02-23 01:49:05.717  3112 21114 W GmsStrictMode: android.os.strictmode.DiskReadViolation
02-23 01:49:05.717  3112 21114 W GmsStrictMode: 	at android.os.StrictMode$AndroidBlockGuardPolicy.onReadFromDisk(StrictMode.java:1596)
02-23 01:49:05.717  3112 21114 W GmsStrictMode: 	at libcore.io.BlockGuardOs.access(BlockGuardOs.java:71)
02-23 01:49:05.717  3112 21114 W GmsStrictMode: 	at libcore.io.ForwardingOs.access(ForwardingOs.java:72)
02-23 01:49:05.717  3112 21114 W GmsStrictMode: 	at android.app.ActivityThread$AndroidOs.access(ActivityThread.java:8094)
02-23 01:49:05.717  3112 21114 W GmsStrictMode: 	at java.io.UnixFileSystem.checkAccess(UnixFileSystem.java:281)
02-23 01:49:05.717  3112 21114 W GmsStrictMode: 	at java.io.File.exists(File.java:815)
02-23 01:49:05.717  3112 21114 W GmsStrictMode: 	at android.app.ContextImpl.ensurePrivateDirExists(ContextImpl.java:706)
02-23 01:49:05.717  3112 21114 W GmsStrictMode: 	at android.app.ContextImpl.ensurePrivateDirExists(ContextImpl.java:697)
02-23 01:49:05.717  3112 21114 W GmsStrictMode: 	at android.app.ContextImpl.getPreferencesDir(ContextImpl.java:653)
02-23 01:49:05.717  3112 21114 W GmsStrictMode: 	at android.app.ContextImpl.getSharedPreferencesPath(ContextImpl.java:878)
02-23 01:49:05.717  3112 21114 W GmsStrictMode: 	at android.app.ContextImpl.getSharedPreferences(ContextImpl.java:500)
02-23 01:49:05.717  3112 21114 W GmsStrictMode: 	at android.content.ContextWrapper.getSharedPreferences(ContextWrapper.java:188)
02-23 01:49:05.717  3112 21114 W GmsStrictMode: 	at android.content.ContextWrapper.getSharedPreferences(ContextWrapper.java:188)
02-23 01:49:05.717  3112 21114 W GmsStrictMode: 	at android.content.ContextWrapper.getSharedPreferences(ContextWrapper.java:188)
02-23 01:49:05.717  3112 21114 W GmsStrictMode: 	at com.google.android.gms.stats.PlatformStatsCollectorChimeraService.d(:com.google.android.gms@230514037@23.05.14 (150400-509319212):1)
02-23 01:49:05.717  3112 21114 W GmsStrictMode: 	at com.google.android.gms.stats.PlatformStatsCollectorChimeraService.onCreate(:com.google.android.gms@230514037@23.05.14 (150400-509319212):2)
02-23 01:49:05.717  3112 21114 W GmsStrictMode: 	at gor.onCreate(:com.google.android.gms@230514037@23.05.14 (150400-509319212):1)
02-23 01:49:05.717  3112 21114 W GmsStrictMode: 	at xlw.onCreate(:com.google.android.gms@230514037@23.05.14 (150400-509319212):4)
02-23 01:49:05.717  3112 21114 W GmsStrictMode: 	at android.app.ActivityThread.handleCreateService(ActivityThread.java:4541)
02-23 01:49:05.717  3112 21114 W GmsStrictMode: 	at android.app.ActivityThread.access$1800(ActivityThread.java:265)
02-23 01:49:05.717  3112 21114 W GmsStrictMode: 	at android.app.ActivityThread$H.handleMessage(ActivityThread.java:2188)
02-23 01:49:05.717  3112 21114 W GmsStrictMode: 	at android.os.Handler.dispatchMessage(Handler.java:106)
02-23 01:49:05.717  3112 21114 W GmsStrictMode: 	at android.os.Looper.loop(Looper.java:257)
02-23 01:49:05.717  3112 21114 W GmsStrictMode: 	at android.app.ActivityThread.main(ActivityThread.java:8220)
02-23 01:49:05.717  3112 21114 W GmsStrictMode: 	at java.lang.reflect.Method.invoke(Native Method)
02-23 01:49:05.717  3112 21114 W GmsStrictMode: 	at com.android.internal.os.RuntimeInit$MethodAndArgsCaller.run(RuntimeInit.java:626)
02-23 01:49:05.717  3112 21114 W GmsStrictMode: 	at com.android.internal.os.ZygoteInit.main(ZygoteInit.java:1015)
02-23 01:49:05.719  3112 25233 I NetworkScheduler.Stats: Task com.google.android.gms/com.google.android.gms.stats.PlatformStatsCollectorService started execution. cause:11 exec_start_elapsed_seconds: 122437 [CONTEXT service_id=218 ]
02-23 01:49:06.252  3112 22130 E NetworkScheduler.TED: Unable to bind to task service: ComponentInfo{com.google.android.gms/com.google.android.gms.semanticlocationhistory.federated.FederatedTaskIdentityDataService}
02-23 02:05:05.386  3112 26694 E WakeLock: GCM_HB_ALARM release without a matched acquire!
02-23 02:17:06.024  3112  3112 D BoundBrokerSvc: onRebind: Intent { act=com.google.android.gms.clearcut.bootcount.service.START pkg=com.google.android.gms }
02-23 03:09:04.415  3112 26694 E WakeLock: GCM_HB_ALARM release without a matched acquire!
02-23 03:25:05.471  3112  4792 E _V_SensorManager: registerListenerImpl type:1 strType=android.sensor.accelerometer delay:20000 maxLatency:2147483647 by: class com.google.android.location.collectionlib.BatchSignalCollector$BatchSensorEventListener num: 0
02-23 03:25:05.515  3112 27172 E _V_SensorManager: registerListenerImpl type:1 strType=android.sensor.accelerometer delay:20000 maxLatency:0 by: class com.google.android.location.collectionlib.SensorScanner$SensorEventListenerAdapter num: 0
02-23 03:25:05.658  3112 21104 W GmsStrictMode: DISK_READ [CONTEXT service_id=256 ]
02-23 03:25:05.658  3112 21104 W GmsStrictMode: android.os.strictmode.DiskReadViolation
02-23 03:25:05.658  3112 21104 W GmsStrictMode: 	at android.os.StrictMode$AndroidBlockGuardPolicy.onReadFromDisk(StrictMode.java:1596)
02-23 03:25:05.658  3112 21104 W GmsStrictMode: 	at libcore.io.BlockGuardOs.access(BlockGuardOs.java:71)
02-23 03:25:05.658  3112 21104 W GmsStrictMode: 	at libcore.io.ForwardingOs.access(ForwardingOs.java:72)
02-23 03:25:05.658  3112 21104 W GmsStrictMode: 	at android.app.ActivityThread$AndroidOs.access(ActivityThread.java:8094)
02-23 03:25:05.658  3112 21104 W GmsStrictMode: 	at java.io.UnixFileSystem.checkAccess(UnixFileSystem.java:281)
02-23 03:25:05.658  3112 21104 W GmsStrictMode: 	at java.io.File.exists(File.java:815)
02-23 03:25:05.658  3112 21104 W GmsStrictMode: 	at android.app.ContextImpl.getDataDir(ContextImpl.java:2596)
02-23 03:25:05.658  3112 21104 W GmsStrictMode: 	at android.app.ContextImpl.getPreferencesDir(ContextImpl.java:651)
02-23 03:25:05.658  3112 21104 W GmsStrictMode: 	at android.app.ContextImpl.getSharedPreferencesPath(ContextImpl.java:878)
02-23 03:25:05.658  3112 21104 W GmsStrictMode: 	at android.app.ContextImpl.getSharedPreferences(ContextImpl.java:500)
02-23 03:25:05.658  3112 21104 W GmsStrictMode: 	at android.content.ContextWrapper.getSharedPreferences(ContextWrapper.java:188)
02-23 03:25:05.658  3112 21104 W GmsStrictMode: 	at android.content.ContextWrapper.getSharedPreferences(ContextWrapper.java:188)
02-23 03:25:05.658  3112 21104 W GmsStrictMode: 	at android.content.ContextWrapper.getSharedPreferences(ContextWrapper.java:188)
02-23 03:25:05.658  3112 21104 W GmsStrictMode: 	at com.google.android.gms.stats.PlatformStatsCollectorChimeraService.d(:com.google.android.gms@230514037@23.05.14 (150400-509319212):1)
02-23 03:25:05.658  3112 21104 W GmsStrictMode: 	at com.google.android.gms.stats.PlatformStatsCollectorChimeraService.onCreate(:com.google.android.gms@230514037@23.05.14 (150400-509319212):2)
02-23 03:25:05.658  3112 21104 W GmsStrictMode: 	at gor.onCreate(:com.google.android.gms@230514037@23.05.14 (150400-509319212):1)
02-23 03:25:05.658  3112 21104 W GmsStrictMode: 	at xlw.onCreate(:com.google.android.gms@230514037@23.05.14 (150400-509319212):4)
02-23 03:25:05.658  3112 21104 W GmsStrictMode: 	at android.app.ActivityThread.handleCreateService(ActivityThread.java:4541)
02-23 03:25:05.658  3112 21104 W GmsStrictMode: 	at android.app.ActivityThread.access$1800(ActivityThread.java:265)
02-23 03:25:05.658  3112 21104 W GmsStrictMode: 	at android.app.ActivityThread$H.handleMessage(ActivityThread.java:2188)
02-23 03:25:05.658  3112 21104 W GmsStrictMode: 	at android.os.Handler.dispatchMessage(Handler.java:106)
02-23 03:25:05.658  3112 21104 W GmsStrictMode: 	at android.os.Looper.loop(Looper.java:257)
02-23 03:25:05.658  3112 21104 W GmsStrictMode: 	at android.app.ActivityThread.main(ActivityThread.java:8220)
02-23 03:25:05.658  3112 21104 W GmsStrictMode: 	at java.lang.reflect.Method.invoke(Native Method)
02-23 03:25:05.658  3112 21104 W GmsStrictMode: 	at com.android.internal.os.RuntimeInit$MethodAndArgsCaller.run(RuntimeInit.java:626)
02-23 03:25:05.658  3112 21104 W GmsStrictMode: 	at com.android.internal.os.ZygoteInit.main(ZygoteInit.java:1015)
02-23 03:25:05.662  3112 26694 I NetworkScheduler.Stats: Task com.google.android.gms/com.google.android.gms.stats.PlatformStatsCollectorService started execution. cause:10 exec_start_elapsed_seconds: 128197 [CONTEXT service_id=218 ]
02-23 03:25:05.674  3112 21104 W GmsStrictMode: DISK_READ [CONTEXT service_id=256 ]
02-23 03:25:05.674  3112 21104 W GmsStrictMode: android.os.strictmode.DiskReadViolation
02-23 03:25:05.674  3112 21104 W GmsStrictMode: 	at android.os.StrictMode$AndroidBlockGuardPolicy.onReadFromDisk(StrictMode.java:1596)
02-23 03:25:05.674  3112 21104 W GmsStrictMode: 	at libcore.io.BlockGuardOs.access(BlockGuardOs.java:71)
02-23 03:25:05.674  3112 21104 W GmsStrictMode: 	at libcore.io.ForwardingOs.access(ForwardingOs.java:72)
02-23 03:25:05.674  3112 21104 W GmsStrictMode: 	at android.app.ActivityThread$AndroidOs.access(ActivityThread.java:8094)
02-23 03:25:05.674  3112 21104 W GmsStrictMode: 	at java.io.UnixFileSystem.checkAccess(UnixFileSystem.java:281)
02-23 03:25:05.674  3112 21104 W GmsStrictMode: 	at java.io.File.exists(File.java:815)
02-23 03:25:05.674  3112 21104 W GmsStrictMode: 	at android.app.ContextImpl.ensurePrivateDirExists(ContextImpl.java:706)
02-23 03:25:05.674  3112 21104 W GmsStrictMode: 	at android.app.ContextImpl.ensurePrivateDirExists(ContextImpl.java:697)
02-23 03:25:05.674  3112 21104 W GmsStrictMode: 	at android.app.ContextImpl.getPreferencesDir(ContextImpl.java:653)
02-23 03:25:05.674  3112 21104 W GmsStrictMode: 	at android.app.ContextImpl.getSharedPreferencesPath(ContextImpl.java:878)
02-23 03:25:05.674  3112 21104 W GmsStrictMode: 	at android.app.ContextImpl.getSharedPreferences(ContextImpl.java:500)
02-23 03:25:05.674  3112 21104 W GmsStrictMode: 	at android.content.ContextWrapper.getSharedPreferences(ContextWrapper.java:188)
02-23 03:25:05.674  3112 21104 W GmsStrictMode: 	at android.content.ContextWrapper.getSharedPreferences(ContextWrapper.java:188)
02-23 03:25:05.674  3112 21104 W GmsStrictMode: 	at android.content.ContextWrapper.getSharedPreferences(ContextWrapper.java:188)
02-23 03:25:05.674  3112 21104 W GmsStrictMode: 	at com.google.android.gms.stats.PlatformStatsCollectorChimeraService.d(:com.google.android.gms@230514037@23.05.14 (150400-509319212):1)
02-23 03:25:05.674  3112 21104 W GmsStrictMode: 	at com.google.android.gms.stats.PlatformStatsCollectorChimeraService.onCreate(:com.google.android.gms@230514037@23.05.14 (150400-509319212):2)
02-23 03:25:05.674  3112 21104 W GmsStrictMode: 	at gor.onCreate(:com.google.android.gms@230514037@23.05.14 (150400-509319212):1)
02-23 03:25:05.674  3112 21104 W GmsStrictMode: 	at xlw.onCreate(:com.google.android.gms@230514037@23.05.14 (150400-509319212):4)
02-23 03:25:05.674  3112 21104 W GmsStrictMode: 	at android.app.ActivityThread.handleCreateService(ActivityThread.java:4541)
02-23 03:25:05.674  3112 21104 W GmsStrictMode: 	at android.app.ActivityThread.access$1800(ActivityThread.java:265)
02-23 03:25:05.674  3112 21104 W GmsStrictMode: 	at android.app.ActivityThread$H.handleMessage(ActivityThread.java:2188)
02-23 03:25:05.674  3112 21104 W GmsStrictMode: 	at android.os.Handler.dispatchMessage(Handler.java:106)
02-23 03:25:05.674  3112 21104 W GmsStrictMode: 	at android.os.Looper.loop(Looper.java:257)
02-23 03:25:05.674  3112 21104 W GmsStrictMode: 	at android.app.ActivityThread.main(ActivityThread.java:8220)
02-23 03:25:05.674  3112 21104 W GmsStrictMode: 	at java.lang.reflect.Method.invoke(Native Method)
02-23 03:25:05.674  3112 21104 W GmsStrictMode: 	at com.android.internal.os.RuntimeInit$MethodAndArgsCaller.run(RuntimeInit.java:626)
02-23 03:25:05.674  3112 21104 W GmsStrictMode: 	at com.android.internal.os.ZygoteInit.main(ZygoteInit.java:1015)
02-23 03:25:06.084  3112 26626 E NetworkScheduler.TED: Unable to bind to task service: ComponentInfo{com.google.android.gms/com.google.android.gms.semanticlocationhistory.federated.FederatedTaskIdentityDataService}
02-23 03:25:08.977  3112 27172 E _V_SensorManager: unregisterListenerImpl listener=com.google.android.location.collectionlib.SensorScanner$SensorEventListenerAdapter@5b1a997sensor=NULL num: 1
02-23 04:09:18.510  3112 27194 E WakeLock: GCM_HB_ALARM release without a matched acquire!
02-23 05:09:24.496  3112 26845 E WakeLock: GCM_HB_ALARM release without a matched acquire!
02-23 05:25:04.575  3112 27264 E _V_SensorManager: registerListenerImpl type:1 strType=android.sensor.accelerometer delay:20000 maxLatency:0 by: class com.google.android.location.collectionlib.SensorScanner$SensorEventListenerAdapter num: 0
02-23 05:25:04.782  3112 27194 I NetworkScheduler.Stats: Task com.google.android.gms/com.google.android.gms.checkin.EventLogService started execution. cause:4 exec_start_elapsed_seconds: 135396 [CONTEXT service_id=218 ]
02-23 05:25:04.815  3112  8842 E NetworkScheduler.ATC: Error finding compatible intent-filter to handle SERVICE_ACTION_EXECUTE_TASK for com.google.android.gms/.chimera.GmsInternalBoundBrokerService [CONTEXT service_id=218 ]
02-23 05:25:04.816  3112  8842 E NetworkScheduler.TED: Invalid service definition provided: null [CONTEXT service_id=218 ]
02-23 05:25:04.820  3112 27194 I NetworkScheduler.Stats: Task com.google.android.gms/com.google.android.gms.chimera.GmsInternalBoundBrokerService finished executing. cause:4 result: 10 elapsed_millis: 31 uptime_millis: 31 exec_start_elapsed_seconds: 135396 [CONTEXT service_id=218 ]
02-23 05:25:04.964  3112  3112 D BoundBrokerSvc: onBind: Intent { act=com.google.android.contextmanager.service.ContextManagerLogsUploadBoundService.ACTION_TASK_READY dat=chimera-action: cmp=com.google.android.gms/.chimera.PersistentInternalBoundBrokerService }
02-23 05:25:04.964  3112  3112 D BoundBrokerSvc: Loading bound service for intent: Intent { act=com.google.android.contextmanager.service.ContextManagerLogsUploadBoundService.ACTION_TASK_READY dat=chimera-action: cmp=com.google.android.gms/.chimera.PersistentInternalBoundBrokerService }
02-23 05:25:04.973  3112 27141 I NetworkScheduler.Stats: Task com.google.android.gms/com.google.android.contextmanager.service.ContextManagerLogsUploadBoundService started execution. cause:10 exec_start_elapsed_seconds: 135396 [CONTEXT service_id=218 ]
02-23 05:25:04.988  3112  3112 D BoundBrokerSvc: onUnbind: Intent { act=com.google.android.contextmanager.service.ContextManagerLogsUploadBoundService.ACTION_TASK_READY dat=chimera-action: cmp=com.google.android.gms/.chimera.PersistentInternalBoundBrokerService }
02-23 05:25:04.988  3112 27270 I NetworkScheduler.Stats: Task com.google.android.gms/com.google.android.contextmanager.service.ContextManagerLogsUploadBoundService finished executing. cause:10 result: 1 elapsed_millis: 30 uptime_millis: 29 exec_start_elapsed_seconds: 135396 [CONTEXT service_id=218 ]
02-23 05:25:05.060  3112  3133 I .gms.persisten: Background young concurrent copying GC freed 67995(4333KB) AllocSpace objects, 7(188KB) LOS objects, 16% free, 23MB/27MB, paused 182us total 123.059ms
02-23 05:25:05.124  3112 27141 E NetworkScheduler.TED: Unable to bind to task service: ComponentInfo{com.google.android.gms/com.google.android.gms.semanticlocationhistory.federated.FederatedTaskIdentityDataService}
02-23 05:25:05.130  3112 27270 I NetworkScheduler.Stats: Task com.google.android.gms/com.google.android.gms.semanticlocationhistory.federated.FederatedTaskIdentityDataService finished executing. cause:5 result: 7 elapsed_millis: 11 uptime_millis: 11 exec_start_elapsed_seconds: 135396 [CONTEXT service_id=218 ]
02-23 05:25:08.048  3112 27264 E _V_SensorManager: unregisterListenerImpl listener=com.google.android.location.collectionlib.SensorScanner$SensorEventListenerAdapter@25c80bfsensor=NULL num: 1
02-23 05:25:08.122  3112  4792 E _V_SensorManager: unregisterListenerImpl listener=com.google.android.location.collectionlib.BatchSignalCollector$BatchSensorEventListener@4914933sensor=android.sensor.accelerometer num: 1
02-23 05:29:26.517  3112 27353 E WorkSourceUtil: Could not find package: com.google.android.gms.westworld
02-23 05:49:27.819  3112 27354 E WorkSourceUtil: Could not find package: com.google.android.gms.westworld
02-23 06:09:29.580  3112 26845 E WakeLock: GCM_HB_ALARM release without a matched acquire!
02-23 07:09:34.568  3112 27141 E WakeLock: GCM_HB_ALARM release without a matched acquire!
02-23 08:09:40.652  3112 27141 E WakeLock: GCM_HB_ALARM release without a matched acquire!
02-23 08:58:28.745  3112  4792 E _V_SensorManager: registerListenerImpl type:1 strType=android.sensor.accelerometer delay:20000 maxLatency:2147483647 by: class com.google.android.location.collectionlib.BatchSignalCollector$BatchSensorEventListener num: 0
02-23 08:58:28.849  3112 27734 E _V_SensorManager: registerListenerImpl type:1 strType=android.sensor.accelerometer delay:20000 maxLatency:0 by: class com.google.android.location.collectionlib.SensorScanner$SensorEventListenerAdapter num: 0
02-23 08:58:32.191  3112 27734 E _V_SensorManager: unregisterListenerImpl listener=com.google.android.location.collectionlib.SensorScanner$SensorEventListenerAdapter@250772esensor=NULL num: 1
02-23 08:58:33.031  3112 27980 E _V_SensorManager: registerListenerImpl type:1 strType=android.sensor.accelerometer delay:20000 maxLatency:0 by: class com.google.android.location.collectionlib.SensorScanner$SensorEventListenerAdapter num: 0
02-23 08:58:36.371  3112 27980 E _V_SensorManager: unregisterListenerImpl listener=com.google.android.location.collectionlib.SensorScanner$SensorEventListenerAdapter@861db88sensor=NULL num: 1
02-23 08:58:38.878  3112 27997 E _V_SensorManager: registerListenerImpl type:1 strType=android.sensor.accelerometer delay:20000 maxLatency:0 by: class com.google.android.location.collectionlib.SensorScanner$SensorEventListenerAdapter num: 0
02-23 08:58:42.354  3112 27997 E _V_SensorManager: unregisterListenerImpl listener=com.google.android.location.collectionlib.SensorScanner$SensorEventListenerAdapter@4951453sensor=NULL num: 1
02-23 08:59:12.706  3112  3133 I .gms.persisten: Background concurrent copying GC freed 53758(2072KB) AllocSpace objects, 114(5928KB) LOS objects, 23% free, 19MB/25MB, paused 186us total 297.656ms
02-23 08:59:14.346  3112  3133 I .gms.persisten: Background concurrent copying GC freed 39867(1484KB) AllocSpace objects, 114(5928KB) LOS objects, 23% free, 19MB/25MB, paused 177us total 293.608ms
02-23 08:59:17.727  3112  3133 I .gms.persisten: Background concurrent copying GC freed 40383(1512KB) AllocSpace objects, 114(5928KB) LOS objects, 23% free, 19MB/25MB, paused 219us total 290.350ms
02-23 08:59:27.907  3112  3133 I .gms.persisten: Background concurrent copying GC freed 39723(1473KB) AllocSpace objects, 114(5928KB) LOS objects, 23% free, 19MB/25MB, paused 273us total 288.664ms
02-23 08:59:31.411  3112  3133 I .gms.persisten: Background concurrent copying GC freed 39048(1466KB) AllocSpace objects, 114(5928KB) LOS objects, 23% free, 19MB/25MB, paused 219us total 296.151ms
02-23 08:59:33.162  3112  3133 I .gms.persisten: Background concurrent copying GC freed 43495(1612KB) AllocSpace objects, 114(5928KB) LOS objects, 23% free, 19MB/25MB, paused 189us total 292.064ms
02-23 08:59:34.887  3112  3133 I .gms.persisten: Background concurrent copying GC freed 39618(1480KB) AllocSpace objects, 114(5928KB) LOS objects, 23% free, 19MB/25MB, paused 163us total 294.242ms
02-23 08:59:36.635  3112  3133 I .gms.persisten: Background concurrent copying GC freed 40745(1519KB) AllocSpace objects, 114(5928KB) LOS objects, 23% free, 19MB/25MB, paused 271us total 291.824ms
02-23 08:59:45.414  3112  3133 I .gms.persisten: Background concurrent copying GC freed 39901(1483KB) AllocSpace objects, 114(5928KB) LOS objects, 23% free, 19MB/25MB, paused 149us total 289.939ms
02-23 08:59:54.576  3112  3133 I .gms.persisten: Background concurrent copying GC freed 40427(1504KB) AllocSpace objects, 112(5824KB) LOS objects, 23% free, 19MB/25MB, paused 168us total 288.514ms
02-23 09:00:00.136  3112  3133 I .gms.persisten: Background concurrent copying GC freed 39842(1486KB) AllocSpace objects, 112(5824KB) LOS objects, 23% free, 19MB/25MB, paused 202us total 298.373ms
02-23 09:00:02.049  3112  3133 I .gms.persisten: Background concurrent copying GC freed 40660(1509KB) AllocSpace objects, 112(5824KB) LOS objects, 23% free, 19MB/25MB, paused 338us total 289.471ms
02-23 09:00:03.898  3112  3133 I .gms.persisten: Background concurrent copying GC freed 40695(1510KB) AllocSpace objects, 112(5824KB) LOS objects, 23% free, 19MB/25MB, paused 177us total 291.030ms
02-23 09:00:05.741  3112  3133 I .gms.persisten: Background concurrent copying GC freed 37642(1398KB) AllocSpace objects, 104(5408KB) LOS objects, 23% free, 20MB/26MB, paused 197us total 290.026ms
02-23 09:00:12.784  3112  3342 D SharedPreferencesImpl: Time required to fsync /data/user/0/com.google.android.gms/shared_prefs/tron_prefs.xml: [<1: 0, <2: 0, <4: 8007, <8: 6522, <16: 615, <32: 109, <64: 68, <128: 37, <256: 2, <512: 0, <1024: 0, <2048: 0, <4096: 0, <8192: 0, <16384: 0, >=16384: 0]
02-23 09:00:17.118  3112  3133 I .gms.persisten: Background concurrent copying GC freed 40212(1492KB) AllocSpace objects, 112(5824KB) LOS objects, 23% free, 19MB/25MB, paused 182us total 292.485ms
02-23 09:00:18.987  3112  3133 I .gms.persisten: Background concurrent copying GC freed 40608(1509KB) AllocSpace objects, 110(5720KB) LOS objects, 23% free, 19MB/25MB, paused 211us total 288.522ms
02-23 09:00:22.830  3112  3133 I .gms.persisten: Background concurrent copying GC freed 39794(1480KB) AllocSpace objects, 112(5824KB) LOS objects, 23% free, 19MB/25MB, paused 188us total 289.790ms
02-23 09:00:24.899  3112  3133 I .gms.persisten: Background concurrent copying GC freed 45006(1657KB) AllocSpace objects, 124(6448KB) LOS objects, 22% free, 20MB/26MB, paused 271us total 293.245ms
02-23 09:00:44.540  3112  3133 I .gms.persisten: Background concurrent copying GC freed 39676(1468KB) AllocSpace objects, 110(5720KB) LOS objects, 23% free, 19MB/25MB, paused 177us total 307.172ms
02-23 09:00:48.655  3112  3133 I .gms.persisten: Background concurrent copying GC freed 40263(1492KB) AllocSpace objects, 110(5720KB) LOS objects, 23% free, 19MB/25MB, paused 127us total 286.834ms
02-23 09:01:03.121  3112  3133 I .gms.persisten: Background concurrent copying GC freed 40452(1482KB) AllocSpace objects, 110(5720KB) LOS objects, 23% free, 19MB/25MB, paused 162us total 289.296ms
02-23 09:01:13.439  3112  3133 I .gms.persisten: Background concurrent copying GC freed 39784(1473KB) AllocSpace objects, 110(5720KB) LOS objects, 23% free, 19MB/25MB, paused 204us total 288.881ms
02-23 09:01:15.485  3112  3133 I .gms.persisten: Background concurrent copying GC freed 39133(1451KB) AllocSpace objects, 110(5720KB) LOS objects, 23% free, 19MB/25MB, paused 135us total 285.450ms
02-23 09:01:18.781  3112  3133 I .gms.persisten: Background concurrent copying GC freed 23831(920KB) AllocSpace objects, 140(7280KB) LOS objects, 22% free, 20MB/26MB, paused 194us total 288.470ms
02-23 09:01:20.072  3112  3133 I .gms.persisten: Background concurrent copying GC freed 23123(917KB) AllocSpace objects, 140(7280KB) LOS objects, 22% free, 20MB/26MB, paused 194us total 288.490ms
02-23 09:01:29.174  3112  3133 I .gms.persisten: Background concurrent copying GC freed 22829(873KB) AllocSpace objects, 136(7072KB) LOS objects, 22% free, 20MB/26MB, paused 201us total 286.670ms
02-23 09:01:33.962  3112 28116 D SharedPreferencesImpl: Time required to fsync /data/user/0/com.google.android.gms/shared_prefs/LogDropPref.xml: [<1: 0, <2: 0, <4: 871, <8: 1004, <16: 149, <32: 11, <64: 4, <128: 8, <256: 1, <512: 0, <1024: 0, <2048: 0, <4096: 0, <8192: 0, <16384: 0, >=16384: 0]
02-23 09:01:39.719  3112  3133 I .gms.persisten: Background concurrent copying GC freed 23456(915KB) AllocSpace objects, 144(7488KB) LOS objects, 23% free, 19MB/25MB, paused 179us total 291.501ms
02-23 09:01:43.649  3112  3133 I .gms.persisten: Background concurrent copying GC freed 23204(915KB) AllocSpace objects, 142(7384KB) LOS objects, 23% free, 20MB/26MB, paused 201us total 286.751ms
02-23 09:01:47.443  3112  3133 I .gms.persisten: Background concurrent copying GC freed 21784(853KB) AllocSpace objects, 132(6864KB) LOS objects, 23% free, 19MB/25MB, paused 165us total 290.295ms
02-23 09:01:54.634  3112 28116 D SharedPreferencesImpl: Time required to fsync /data/user/0/com.google.android.gms/shared_prefs/LogDropPref.xml: [<1: 0, <2: 0, <4: 1451, <8: 1391, <16: 199, <32: 13, <64: 7, <128: 10, <256: 1, <512: 0, <1024: 0, <2048: 0, <4096: 0, <8192: 0, <16384: 0, >=16384: 0]
02-23 09:01:55.560  3112  3133 I .gms.persisten: Background concurrent copying GC freed 24369(949KB) AllocSpace objects, 148(7696KB) LOS objects, 22% free, 20MB/26MB, paused 196us total 293.753ms
02-23 09:02:03.502  3112  3133 I .gms.persisten: Background concurrent copying GC freed 23236(908KB) AllocSpace objects, 138(7176KB) LOS objects, 22% free, 20MB/26MB, paused 186us total 288.570ms
02-23 09:02:11.583  3112  3133 I .gms.persisten: Background concurrent copying GC freed 22812(862KB) AllocSpace objects, 134(6968KB) LOS objects, 22% free, 20MB/26MB, paused 146us total 280.737ms
02-23 09:02:11.950  3112  3342 D SharedPreferencesImpl: Time required to fsync /data/user/0/com.google.android.gms/shared_prefs/tron_prefs.xml: [<1: 0, <2: 0, <4: 11838, <8: 8477, <16: 906, <32: 134, <64: 95, <128: 51, <256: 3, <512: 0, <1024: 0, <2048: 0, <4096: 0, <8192: 0, <16384: 0, >=16384: 0]
02-23 09:02:15.859  3112 28116 D SharedPreferencesImpl: Time required to fsync /data/user/0/com.google.android.gms/shared_prefs/LogDropPref.xml: [<1: 0, <2: 0, <4: 2068, <8: 1740, <16: 244, <32: 24, <64: 8, <128: 11, <256: 1, <512: 0, <1024: 0, <2048: 0, <4096: 0, <8192: 0, <16384: 0, >=16384: 0]
02-23 09:02:18.609  3112  3133 I .gms.persisten: Background concurrent copying GC freed 23605(929KB) AllocSpace objects, 144(7488KB) LOS objects, 22% free, 20MB/26MB, paused 165us total 280.400ms
02-23 09:02:25.796  3112  3133 I .gms.persisten: Background concurrent copying GC freed 22703(871KB) AllocSpace objects, 140(7280KB) LOS objects, 22% free, 20MB/26MB, paused 210us total 281.894ms
02-23 09:02:38.840  3112 28116 D SharedPreferencesImpl: Time required to fsync /data/user/0/com.google.android.gms/shared_prefs/LogDropPref.xml: [<1: 0, <2: 0, <4: 2745, <8: 2049, <16: 277, <32: 26, <64: 10, <128: 12, <256: 1, <512: 0, <1024: 0, <2048: 0, <4096: 0, <8192: 0, <16384: 0, >=16384: 0]
02-23 09:03:09.866  3112  3342 D SharedPreferencesImpl: Time required to fsync /data/user/0/com.google.android.gms/shared_prefs/tron_prefs.xml: [<1: 0, <2: 1, <4: 13240, <8: 10066, <16: 959, <32: 141, <64: 108, <128: 58, <256: 3, <512: 0, <1024: 0, <2048: 0, <4096: 0, <8192: 0, <16384: 0, >=16384: 0]
02-23 09:03:16.274  3112  3133 I .gms.persisten: Background concurrent copying GC freed 36653(1364KB) AllocSpace objects, 148(7696KB) LOS objects, 22% free, 20MB/26MB, paused 190us total 285.272ms
02-23 09:03:19.249  3112  3133 I .gms.persisten: Background concurrent copying GC freed 36515(1361KB) AllocSpace objects, 148(7696KB) LOS objects, 22% free, 20MB/26MB, paused 191us total 290.193ms
02-23 09:03:29.148  3112  3133 I .gms.persisten: Background concurrent copying GC freed 37283(1375KB) AllocSpace objects, 150(7800KB) LOS objects, 22% free, 20MB/26MB, paused 168us total 289.245ms
02-23 09:03:30.157  3112  3133 I .gms.persisten: Background concurrent copying GC freed 36209(1355KB) AllocSpace objects, 146(7592KB) LOS objects, 22% free, 20MB/26MB, paused 199us total 290.881ms
02-23 09:03:31.185  3112  3133 I .gms.persisten: Background concurrent copying GC freed 36207(1338KB) AllocSpace objects, 148(7696KB) LOS objects, 22% free, 20MB/26MB, paused 284us total 287.416ms
02-23 09:03:39.630  3112  3133 I .gms.persisten: Background concurrent copying GC freed 35778(1321KB) AllocSpace objects, 144(7488KB) LOS objects, 22% free, 20MB/26MB, paused 310us total 286.545ms
02-23 09:03:42.815  3112  3133 I .gms.persisten: Background concurrent copying GC freed 36219(1354KB) AllocSpace objects, 150(7800KB) LOS objects, 22% free, 20MB/26MB, paused 188us total 288.163ms
02-23 09:03:44.186  3112  3133 I .gms.persisten: Background concurrent copying GC freed 36566(1342KB) AllocSpace objects, 146(7592KB) LOS objects, 22% free, 20MB/26MB, paused 321us total 286.885ms
02-23 09:03:45.266  3112  3133 I .gms.persisten: Background concurrent copying GC freed 35581(1327KB) AllocSpace objects, 146(7592KB) LOS objects, 22% free, 20MB/26MB, paused 172us total 286.279ms
02-23 09:03:47.427  3112  3133 I .gms.persisten: Background concurrent copying GC freed 36391(1353KB) AllocSpace objects, 144(7488KB) LOS objects, 22% free, 20MB/26MB, paused 283us total 287.199ms
02-23 09:03:48.486  3112  3133 I .gms.persisten: Background concurrent copying GC freed 35590(1325KB) AllocSpace objects, 146(7592KB) LOS objects, 22% free, 20MB/26MB, paused 191us total 288.183ms
02-23 09:03:55.010  3112  3133 I .gms.persisten: Background concurrent copying GC freed 35173(1308KB) AllocSpace objects, 142(7384KB) LOS objects, 22% free, 20MB/26MB, paused 185us total 289.345ms
02-23 09:03:56.375  3112  3342 D SharedPreferencesImpl: Time required to fsync /data/user/0/com.google.android.gms/shared_prefs/tron_prefs.xml: [<1: 0, <2: 1, <4: 15015, <8: 11297, <16: 1009, <32: 148, <64: 115, <128: 60, <256: 3, <512: 0, <1024: 0, <2048: 0, <4096: 0, <8192: 0, <16384: 0, >=16384: 0]
02-23 09:04:03.952  3112  3133 I .gms.persisten: Background concurrent copying GC freed 34816(1298KB) AllocSpace objects, 142(7384KB) LOS objects, 22% free, 20MB/26MB, paused 277us total 288.165ms
02-23 09:04:06.232  3112  3133 I .gms.persisten: Background concurrent copying GC freed 35787(1321KB) AllocSpace objects, 142(7384KB) LOS objects, 22% free, 20MB/26MB, paused 199us total 285.454ms
02-23 09:04:09.610  3112  3133 I .gms.persisten: Background concurrent copying GC freed 34885(1300KB) AllocSpace objects, 140(7280KB) LOS objects, 22% free, 20MB/26MB, paused 145us total 288.268ms
02-23 09:04:10.749  3112  3133 I .gms.persisten: Background concurrent copying GC freed 35377(1311KB) AllocSpace objects, 146(7592KB) LOS objects, 22% free, 20MB/26MB, paused 283us total 289.981ms
02-23 09:04:11.894  3112  3133 I .gms.persisten: Background concurrent copying GC freed 34459(1282KB) AllocSpace objects, 136(7072KB) LOS objects, 22% free, 20MB/26MB, paused 199us total 283.442ms
02-23 09:04:13.036  3112  3133 I .gms.persisten: Background concurrent copying GC freed 35783(1343KB) AllocSpace objects, 144(7488KB) LOS objects, 22% free, 20MB/26MB, paused 194us total 285.424ms
02-23 09:04:14.160  3112  3133 I .gms.persisten: Background concurrent copying GC freed 34452(1279KB) AllocSpace objects, 138(7176KB) LOS objects, 22% free, 20MB/26MB, paused 187us total 283.966ms
02-23 09:04:16.462  3112  3133 I .gms.persisten: Background concurrent copying GC freed 34744(1280KB) AllocSpace objects, 144(7488KB) LOS objects, 22% free, 20MB/26MB, paused 188us total 287.456ms
02-23 09:04:21.070  3112  3133 I .gms.persisten: Background concurrent copying GC freed 34519(1291KB) AllocSpace objects, 142(7384KB) LOS objects, 22% free, 20MB/26MB, paused 169us total 287.802ms
02-23 09:04:28.153  3112  3133 I .gms.persisten: Background concurrent copying GC freed 37895(1398KB) AllocSpace objects, 154(8008KB) LOS objects, 22% free, 20MB/26MB, paused 179us total 288.896ms
02-23 09:04:31.697  3112  3133 I .gms.persisten: Background concurrent copying GC freed 34617(1294KB) AllocSpace objects, 142(7384KB) LOS objects, 22% free, 20MB/26MB, paused 185us total 287.878ms
02-23 09:04:35.259  3112  3133 I .gms.persisten: Background concurrent copying GC freed 34335(1271KB) AllocSpace objects, 138(7176KB) LOS objects, 22% free, 20MB/26MB, paused 178us total 287.221ms
02-23 09:04:40.045  3112  3133 I .gms.persisten: Background concurrent copying GC freed 34339(1257KB) AllocSpace objects, 138(7176KB) LOS objects, 22% free, 20MB/26MB, paused 184us total 285.693ms
02-23 09:04:42.425  3112  3133 I .gms.persisten: Background concurrent copying GC freed 33619(1239KB) AllocSpace objects, 136(7072KB) LOS objects, 22% free, 20MB/26MB, paused 172us total 287.015ms
02-23 09:04:43.635  3112  3133 I .gms.persisten: Background concurrent copying GC freed 33711(1238KB) AllocSpace objects, 134(6968KB) LOS objects, 22% free, 20MB/26MB, paused 191us total 285.561ms
02-23 09:04:46.089  3112  3133 I .gms.persisten: Background concurrent copying GC freed 34139(1275KB) AllocSpace objects, 142(7384KB) LOS objects, 22% free, 20MB/26MB, paused 170us total 287.044ms
02-23 09:04:47.321  3112  3133 I .gms.persisten: Background concurrent copying GC freed 33912(1276KB) AllocSpace objects, 146(7592KB) LOS objects, 22% free, 20MB/26MB, paused 184us total 287.409ms
02-23 09:04:49.747  3112  3133 I .gms.persisten: Background concurrent copying GC freed 34473(1278KB) AllocSpace objects, 140(7280KB) LOS objects, 22% free, 20MB/26MB, paused 172us total 283.566ms
02-23 09:04:53.487  3112  3133 I .gms.persisten: Background concurrent copying GC freed 34693(1307KB) AllocSpace objects, 138(7176KB) LOS objects, 22% free, 20MB/26MB, paused 147us total 287.499ms
02-23 09:04:54.847  3112  3133 I .gms.persisten: Background concurrent copying GC freed 40313(1486KB) AllocSpace objects, 164(8528KB) LOS objects, 22% free, 20MB/26MB, paused 339us total 291.654ms
02-23 09:04:57.359  3112  3133 I .gms.persisten: Background concurrent copying GC freed 33638(1243KB) AllocSpace objects, 138(7176KB) LOS objects, 22% free, 20MB/26MB, paused 179us total 284.344ms
02-23 09:04:59.895  3112  3133 I .gms.persisten: Background concurrent copying GC freed 34014(1266KB) AllocSpace objects, 136(7072KB) LOS objects, 22% free, 20MB/26MB, paused 204us total 286.312ms
02-23 09:05:01.134  3112  3133 I .gms.persisten: Background concurrent copying GC freed 34345(1272KB) AllocSpace objects, 136(7072KB) LOS objects, 22% free, 20MB/26MB, paused 159us total 285.359ms
02-23 09:05:08.684  3112  3133 I .gms.persisten: Background concurrent copying GC freed 34255(1270KB) AllocSpace objects, 136(7072KB) LOS objects, 22% free, 20MB/26MB, paused 181us total 283.559ms
02-23 09:05:26.362  3112  3133 I .gms.persisten: Background concurrent copying GC freed 33850(1243KB) AllocSpace objects, 132(6864KB) LOS objects, 22% free, 20MB/26MB, paused 325us total 284.387ms
02-23 09:05:28.939  3112  3133 I .gms.persisten: Background concurrent copying GC freed 33013(1218KB) AllocSpace objects, 130(6760KB) LOS objects, 22% free, 20MB/26MB, paused 277us total 281.633ms
02-23 09:05:50.880  3112  3133 I .gms.persisten: Background concurrent copying GC freed 33843(1262KB) AllocSpace objects, 146(7592KB) LOS objects, 22% free, 20MB/26MB, paused 285us total 284.019ms
02-23 09:05:55.592  3112 17757 D SharedPreferencesImpl: Time required to fsync /data/user/0/com.google.android.gms/shared_prefs/LogDropPref.xml: [<1: 0, <2: 0, <4: 7714, <8: 8044, <16: 521, <32: 49, <64: 32, <128: 23, <256: 1, <512: 0, <1024: 0, <2048: 0, <4096: 0, <8192: 0, <16384: 0, >=16384: 0]
02-23 09:06:26.818  3112  3133 I .gms.persisten: Background concurrent copying GC freed 33287(1239KB) AllocSpace objects, 130(6760KB) LOS objects, 22% free, 20MB/26MB, paused 185us total 280.757ms
02-23 09:06:29.521  3112  3133 I .gms.persisten: Background concurrent copying GC freed 32638(1192KB) AllocSpace objects, 132(6864KB) LOS objects, 22% free, 20MB/26MB, paused 157us total 284.314ms
02-23 09:06:30.872  3112  3133 I .gms.persisten: Background concurrent copying GC freed 32413(1184KB) AllocSpace objects, 130(6760KB) LOS objects, 22% free, 20MB/26MB, paused 151us total 283.515ms
02-23 09:06:33.594  3112  3133 I .gms.persisten: Background concurrent copying GC freed 32825(1189KB) AllocSpace objects, 132(6864KB) LOS objects, 23% free, 20MB/26MB, paused 251us total 284.799ms
02-23 09:06:36.298  3112  3133 I .gms.persisten: Background concurrent copying GC freed 32373(1195KB) AllocSpace objects, 130(6760KB) LOS objects, 22% free, 20MB/26MB, paused 559us total 284.932ms
02-23 09:06:52.634  3112  3133 I .gms.persisten: Background concurrent copying GC freed 32740(1210KB) AllocSpace objects, 130(6760KB) LOS objects, 22% free, 20MB/26MB, paused 162us total 284.280ms
02-23 09:07:02.054  3112 17757 D SharedPreferencesImpl: Time required to fsync /data/user/0/com.google.android.gms/shared_prefs/LogDropPref.xml: [<1: 0, <2: 0, <4: 9535, <8: 9204, <16: 604, <32: 55, <64: 34, <128: 23, <256: 1, <512: 0, <1024: 0, <2048: 0, <4096: 0, <8192: 0, <16384: 0, >=16384: 0]
02-23 09:07:18.922  3112  3133 I .gms.persisten: Background concurrent copying GC freed 33006(1223KB) AllocSpace objects, 132(6864KB) LOS objects, 22% free, 20MB/26MB, paused 167us total 290.935ms
02-23 09:07:27.376  3112  3133 I .gms.persisten: Background concurrent copying GC freed 32377(1197KB) AllocSpace objects, 130(6760KB) LOS objects, 23% free, 19MB/25MB, paused 225us total 287.849ms
02-23 09:07:35.841  3112  3133 I .gms.persisten: Background concurrent copying GC freed 32100(1214KB) AllocSpace objects, 130(6760KB) LOS objects, 22% free, 20MB/26MB, paused 305us total 283.570ms
02-23 09:07:48.545  3112 25323 D SharedPreferencesImpl: Time required to fsync /data/user/0/com.google.android.gms/shared_prefs/LogDropPref.xml: [<1: 0, <2: 0, <4: 10658, <8: 10055, <16: 666, <32: 66, <64: 35, <128: 23, <256: 1, <512: 0, <1024: 0, <2048: 0, <4096: 0, <8192: 0, <16384: 0, >=16384: 0]
02-23 09:08:36.799  3112 26619 D SharedPreferencesImpl: Time required to fsync /data/user/0/com.google.android.gms/shared_prefs/LogDropPref.xml: [<1: 0, <2: 0, <4: 11802, <8: 10861, <16: 760, <32: 69, <64: 36, <128: 23, <256: 1, <512: 0, <1024: 0, <2048: 0, <4096: 0, <8192: 0, <16384: 0, >=16384: 0]
02-23 09:09:01.570  3112 25324 D SharedPreferencesImpl: Time required to fsync /data/user/0/com.google.android.gms/shared_prefs/LogDropPref.xml: [<1: 0, <2: 0, <4: 12390, <8: 11257, <16: 796, <32: 70, <64: 39, <128: 23, <256: 1, <512: 0, <1024: 0, <2048: 0, <4096: 0, <8192: 0, <16384: 0, >=16384: 0]
02-23 09:09:26.582  3112 26619 D SharedPreferencesImpl: Time required to fsync /data/user/0/com.google.android.gms/shared_prefs/LogDropPref.xml: [<1: 0, <2: 0, <4: 12978, <8: 11642, <16: 844, <32: 73, <64: 39, <128: 23, <256: 1, <512: 0, <1024: 0, <2048: 0, <4096: 0, <8192: 0, <16384: 0, >=16384: 0]
02-23 09:09:27.808  3112  3133 I .gms.persisten: Background concurrent copying GC freed 31535(1166KB) AllocSpace objects, 126(6552KB) LOS objects, 22% free, 20MB/26MB, paused 350us total 283.114ms
02-23 09:09:40.749  3112 26619 E WakeLock: GCM_HB_ALARM release without a matched acquire!
02-23 09:09:44.306  3112  3133 I .gms.persisten: Background concurrent copying GC freed 31574(1196KB) AllocSpace objects, 126(6552KB) LOS objects, 22% free, 20MB/26MB, paused 169us total 280.521ms
02-23 09:09:52.037  3112 28676 D SharedPreferencesImpl: Time required to fsync /data/user/0/com.google.android.gms/shared_prefs/LogDropPref.xml: [<1: 0, <2: 0, <4: 13537, <8: 12056, <16: 894, <32: 74, <64: 39, <128: 23, <256: 1, <512: 0, <1024: 0, <2048: 0, <4096: 0, <8192: 0, <16384: 0, >=16384: 0]
02-23 09:10:08.438  3112  3133 I .gms.persisten: Background concurrent copying GC freed 30913(1160KB) AllocSpace objects, 124(6448KB) LOS objects, 23% free, 19MB/25MB, paused 224us total 279.805ms
02-23 09:10:17.775  3112 26619 D SharedPreferencesImpl: Time required to fsync /data/user/0/com.google.android.gms/shared_prefs/LogDropPref.xml: [<1: 0, <2: 0, <4: 14091, <8: 12472, <16: 947, <32: 75, <64: 39, <128: 23, <256: 1, <512: 0, <1024: 0, <2048: 0, <4096: 0, <8192: 0, <16384: 0, >=16384: 0]
02-23 09:10:20.515  3112  3133 I .gms.persisten: Background concurrent copying GC freed 31861(1187KB) AllocSpace objects, 126(6552KB) LOS objects, 22% free, 20MB/26MB, paused 370us total 283.509ms
02-23 09:10:43.441  3112  4792 E _V_SensorManager: unregisterListenerImpl listener=com.google.android.location.collectionlib.BatchSignalCollector$BatchSensorEventListener@4914933sensor=android.sensor.accelerometer num: 1
02-23 09:10:43.957  3112 26619 D SharedPreferencesImpl: Time required to fsync /data/user/0/com.google.android.gms/shared_prefs/LogDropPref.xml: [<1: 0, <2: 0, <4: 14613, <8: 12914, <16: 1002, <32: 79, <64: 40, <128: 23, <256: 1, <512: 0, <1024: 0, <2048: 0, <4096: 0, <8192: 0, <16384: 0, >=16384: 0]
02-23 09:10:49.625  3112  3133 I .gms.persisten: Background concurrent copying GC freed 30668(1150KB) AllocSpace objects, 124(6448KB) LOS objects, 23% free, 19MB/25MB, paused 162us total 281.675ms
02-23 09:10:57.409  3112  3133 I .gms.persisten: Background concurrent copying GC freed 31025(1147KB) AllocSpace objects, 126(6552KB) LOS objects, 23% free, 19MB/25MB, paused 161us total 276.098ms
02-23 09:11:05.866  3112  3342 D SharedPreferencesImpl: Time required to fsync /data/user/0/com.google.android.gms/shared_prefs/tron_prefs.xml: [<1: 0, <2: 2, <4: 23860, <8: 21446, <16: 1354, <32: 226, <64: 143, <128: 70, <256: 3, <512: 0, <1024: 0, <2048: 0, <4096: 0, <8192: 0, <16384: 0, >=16384: 0]
02-23 09:11:06.784  3112  3133 I .gms.persisten: Background concurrent copying GC freed 31026(1163KB) AllocSpace objects, 126(6552KB) LOS objects, 23% free, 19MB/25MB, paused 141us total 277.281ms
02-23 09:11:10.602  3112 28676 D SharedPreferencesImpl: Time required to fsync /data/user/0/com.google.android.gms/shared_prefs/LogDropPref.xml: [<1: 0, <2: 0, <4: 15143, <8: 13340, <16: 1063, <32: 86, <64: 40, <128: 23, <256: 1, <512: 0, <1024: 0, <2048: 0, <4096: 0, <8192: 0, <16384: 0, >=16384: 0]
02-23 09:11:27.123  3112  3133 I .gms.persisten: Background concurrent copying GC freed 31898(1174KB) AllocSpace objects, 128(6656KB) LOS objects, 23% free, 19MB/25MB, paused 160us total 275.948ms
02-23 09:11:37.406  3112 28676 D SharedPreferencesImpl: Time required to fsync /data/user/0/com.google.android.gms/shared_prefs/LogDropPref.xml: [<1: 0, <2: 0, <4: 15679, <8: 13780, <16: 1107, <32: 89, <64: 41, <128: 23, <256: 1, <512: 0, <1024: 0, <2048: 0, <4096: 0, <8192: 0, <16384: 0, >=16384: 0]
02-23 09:11:57.017  3112  3133 I .gms.persisten: Background concurrent copying GC freed 31790(1154KB) AllocSpace objects, 126(6552KB) LOS objects, 23% free, 19MB/25MB, paused 141us total 275.969ms
02-23 09:12:04.495  3112 26619 D SharedPreferencesImpl: Time required to fsync /data/user/0/com.google.android.gms/shared_prefs/LogDropPref.xml: [<1: 0, <2: 0, <4: 16225, <8: 14203, <16: 1160, <32: 90, <64: 42, <128: 23, <256: 1, <512: 0, <1024: 0, <2048: 0, <4096: 0, <8192: 0, <16384: 0, >=16384: 0]
02-23 09:12:08.126  3112  3133 I .gms.persisten: Background concurrent copying GC freed 31863(1171KB) AllocSpace objects, 126(6552KB) LOS objects, 23% free, 19MB/25MB, paused 151us total 274.950ms
02-23 09:12:09.707  3112  3133 I .gms.persisten: Background concurrent copying GC freed 31138(1149KB) AllocSpace objects, 124(6448KB) LOS objects, 23% free, 19MB/25MB, paused 154us total 275.853ms
02-23 09:12:24.042  3112  3133 I .gms.persisten: Background concurrent copying GC freed 30997(1148KB) AllocSpace objects, 124(6448KB) LOS objects, 23% free, 19MB/25MB, paused 172us total 278.408ms
02-23 09:12:27.225  3112  3133 I .gms.persisten: Background concurrent copying GC freed 31528(1174KB) AllocSpace objects, 126(6552KB) LOS objects, 23% free, 19MB/25MB, paused 145us total 276.581ms
02-23 09:12:31.824  3112 28676 D SharedPreferencesImpl: Time required to fsync /data/user/0/com.google.android.gms/shared_prefs/LogDropPref.xml: [<1: 0, <2: 0, <4: 16780, <8: 14614, <16: 1218, <32: 90, <64: 42, <128: 23, <256: 1, <512: 0, <1024: 0, <2048: 0, <4096: 0, <8192: 0, <16384: 0, >=16384: 0]
02-23 09:12:41.558  3112  3133 I .gms.persisten: Background concurrent copying GC freed 31146(1149KB) AllocSpace objects, 126(6552KB) LOS objects, 23% free, 19MB/25MB, paused 209us total 278.017ms
02-23 09:12:54.452  3112  3133 I .gms.persisten: Background concurrent copying GC freed 30663(1135KB) AllocSpace objects, 124(6448KB) LOS objects, 23% free, 19MB/25MB, paused 161us total 277.815ms
02-23 09:12:59.292  3112  3133 I .gms.persisten: Background concurrent copying GC freed 31793(1169KB) AllocSpace objects, 126(6552KB) LOS objects, 23% free, 19MB/25MB, paused 168us total 275.890ms
02-23 09:12:59.446  3112 25324 D SharedPreferencesImpl: Time required to fsync /data/user/0/com.google.android.gms/shared_prefs/LogDropPref.xml: [<1: 0, <2: 0, <4: 17328, <8: 15043, <16: 1264, <32: 91, <64: 42, <128: 23, <256: 1, <512: 0, <1024: 0, <2048: 0, <4096: 0, <8192: 0, <16384: 0, >=16384: 0]
02-23 09:13:02.503  3112  3133 I .gms.persisten: Background concurrent copying GC freed 30199(1116KB) AllocSpace objects, 122(6344KB) LOS objects, 23% free, 19MB/25MB, paused 146us total 278.030ms
02-23 09:13:08.947  3112  3133 I .gms.persisten: Background concurrent copying GC freed 30424(1123KB) AllocSpace objects, 120(6240KB) LOS objects, 23% free, 19MB/25MB, paused 128us total 274.975ms
02-23 09:13:10.560  3112  3133 I .gms.persisten: Background concurrent copying GC freed 31869(1172KB) AllocSpace objects, 128(6656KB) LOS objects, 23% free, 19MB/25MB, paused 168us total 276.870ms
02-23 09:13:12.183  3112  3133 I .gms.persisten: Background concurrent copying GC freed 31104(1150KB) AllocSpace objects, 126(6552KB) LOS objects, 23% free, 19MB/25MB, paused 157us total 277.572ms
02-23 09:13:17.037  3112  3133 I .gms.persisten: Background concurrent copying GC freed 30746(1136KB) AllocSpace objects, 124(6448KB) LOS objects, 23% free, 19MB/25MB, paused 243us total 277.721ms
02-23 09:13:23.518  3112  3133 I .gms.persisten: Background concurrent copying GC freed 30665(1134KB) AllocSpace objects, 124(6448KB) LOS objects, 23% free, 19MB/25MB, paused 161us total 277.476ms
02-23 09:13:26.766  3112  3133 I .gms.persisten: Background concurrent copying GC freed 30678(1150KB) AllocSpace objects, 124(6448KB) LOS objects, 23% free, 19MB/25MB, paused 156us total 277.076ms
02-23 09:13:27.428  3112 25324 D SharedPreferencesImpl: Time required to fsync /data/user/0/com.google.android.gms/shared_prefs/LogDropPref.xml: [<1: 0, <2: 0, <4: 17910, <8: 15440, <16: 1305, <32: 95, <64: 42, <128: 23, <256: 1, <512: 0, <1024: 0, <2048: 0, <4096: 0, <8192: 0, <16384: 0, >=16384: 0]
02-23 09:13:49.684  3112  3133 I .gms.persisten: Background concurrent copying GC freed 45987(1656KB) AllocSpace objects, 126(6552KB) LOS objects, 23% free, 19MB/25MB, paused 150us total 279.228ms
02-23 09:13:55.894  3112 26619 D SharedPreferencesImpl: Time required to fsync /data/user/0/com.google.android.gms/shared_prefs/LogDropPref.xml: [<1: 0, <2: 0, <4: 18492, <8: 15823, <16: 1363, <32: 96, <64: 42, <128: 23, <256: 1, <512: 0, <1024: 0, <2048: 0, <4096: 0, <8192: 0, <16384: 0, >=16384: 0]
02-23 09:14:07.851  3112  3133 I .gms.persisten: Background concurrent copying GC freed 31125(1144KB) AllocSpace objects, 124(6448KB) LOS objects, 23% free, 19MB/25MB, paused 135us total 278.298ms
02-23 09:14:21.097  3112  3133 I .gms.persisten: Background concurrent copying GC freed 30223(1117KB) AllocSpace objects, 122(6344KB) LOS objects, 23% free, 19MB/25MB, paused 432us total 279.501ms
02-23 09:14:22.745  3112  3133 I .gms.persisten: Background concurrent copying GC freed 30134(1115KB) AllocSpace objects, 122(6344KB) LOS objects, 23% free, 19MB/25MB, paused 167us total 281.112ms
02-23 09:14:24.628  3112 28676 D SharedPreferencesImpl: Time required to fsync /data/user/0/com.google.android.gms/shared_prefs/LogDropPref.xml: [<1: 0, <2: 0, <4: 19032, <8: 16258, <16: 1402, <32: 105, <64: 43, <128: 23, <256: 1, <512: 0, <1024: 0, <2048: 0, <4096: 0, <8192: 0, <16384: 0, >=16384: 0]
02-23 09:14:27.733  3112  3133 I .gms.persisten: Background concurrent copying GC freed 30204(1117KB) AllocSpace objects, 122(6344KB) LOS objects, 23% free, 19MB/25MB, paused 123us total 278.667ms
02-23 09:14:29.409  3112  3133 I .gms.persisten: Background concurrent copying GC freed 30801(1142KB) AllocSpace objects, 122(6344KB) LOS objects, 23% free, 19MB/25MB, paused 148us total 284.714ms
02-23 09:14:36.066  3112  3133 I .gms.persisten: Background concurrent copying GC freed 30190(1115KB) AllocSpace objects, 122(6344KB) LOS objects, 23% free, 19MB/25MB, paused 139us total 278.605ms
02-23 09:14:39.441  3112  3133 I .gms.persisten: Background concurrent copying GC freed 30393(1124KB) AllocSpace objects, 122(6344KB) LOS objects, 23% free, 19MB/25MB, paused 156us total 280.424ms
02-23 09:14:42.792  3112  3133 I .gms.persisten: Background concurrent copying GC freed 30440(1121KB) AllocSpace objects, 122(6344KB) LOS objects, 23% free, 19MB/25MB, paused 121us total 277.919ms
02-23 09:14:52.917  3112  3133 I .gms.persisten: Background concurrent copying GC freed 30839(1136KB) AllocSpace objects, 122(6344KB) LOS objects, 23% free, 19MB/25MB, paused 197us total 285.376ms
02-23 09:14:53.873  3112 25324 D SharedPreferencesImpl: Time required to fsync /data/user/0/com.google.android.gms/shared_prefs/LogDropPref.xml: [<1: 0, <2: 0, <4: 19568, <8: 16687, <16: 1454, <32: 110, <64: 43, <128: 25, <256: 1, <512: 0, <1024: 0, <2048: 0, <4096: 0, <8192: 0, <16384: 0, >=16384: 0]
02-23 09:14:59.705  3112  3133 I .gms.persisten: Background concurrent copying GC freed 30395(1132KB) AllocSpace objects, 122(6344KB) LOS objects, 23% free, 19MB/25MB, paused 137us total 274.518ms
02-23 09:15:03.140  3112  3133 I .gms.persisten: Background concurrent copying GC freed 29681(1101KB) AllocSpace objects, 120(6240KB) LOS objects, 23% free, 19MB/25MB, paused 160us total 275.802ms
02-23 09:15:15.157  3112  3133 I .gms.persisten: Background concurrent copying GC freed 30125(1102KB) AllocSpace objects, 122(6344KB) LOS objects, 23% free, 19MB/25MB, paused 145us total 277.709ms
02-23 09:15:16.873  3112  3133 I .gms.persisten: Background concurrent copying GC freed 30961(1158KB) AllocSpace objects, 124(6448KB) LOS objects, 23% free, 19MB/25MB, paused 192us total 278.259ms
02-23 09:15:18.586  3112  3133 I .gms.persisten: Background concurrent copying GC freed 30438(1127KB) AllocSpace objects, 120(6240KB) LOS objects, 23% free, 19MB/25MB, paused 147us total 275.891ms
02-23 09:15:23.759  3112  3133 I .gms.persisten: Background concurrent copying GC freed 29710(1117KB) AllocSpace objects, 120(6240KB) LOS objects, 23% free, 19MB/25MB, paused 176us total 276.727ms
02-23 09:15:23.985  3112 26619 D SharedPreferencesImpl: Time required to fsync /data/user/0/com.google.android.gms/shared_prefs/LogDropPref.xml: [<1: 0, <2: 0, <4: 20118, <8: 17117, <16: 1497, <32: 110, <64: 44, <128: 25, <256: 1, <512: 0, <1024: 0, <2048: 0, <4096: 0, <8192: 0, <16384: 0, >=16384: 0]
02-23 09:15:27.214  3112  3133 I .gms.persisten: Background concurrent copying GC freed 30412(1130KB) AllocSpace objects, 122(6344KB) LOS objects, 23% free, 19MB/25MB, paused 178us total 280.555ms
02-23 09:15:30.669  3112  3133 I .gms.persisten: Background concurrent copying GC freed 30665(1128KB) AllocSpace objects, 120(6240KB) LOS objects, 23% free, 19MB/25MB, paused 242us total 275.817ms
02-23 09:15:42.763  3112  3133 I .gms.persisten: Background concurrent copying GC freed 30487(1142KB) AllocSpace objects, 120(6240KB) LOS objects, 23% free, 19MB/25MB, paused 219us total 272.561ms
02-23 09:15:44.491  3112  3133 I .gms.persisten: Background concurrent copying GC freed 29572(1097KB) AllocSpace objects, 120(6240KB) LOS objects, 23% free, 19MB/25MB, paused 158us total 273.160ms
02-23 09:15:46.234  3112  3133 I .gms.persisten: Background concurrent copying GC freed 29874(1111KB) AllocSpace objects, 120(6240KB) LOS objects, 23% free, 19MB/25MB, paused 301us total 274.721ms
02-23 09:15:47.993  3112  3133 I .gms.persisten: Background concurrent copying GC freed 30141(1115KB) AllocSpace objects, 120(6240KB) LOS objects, 23% free, 19MB/25MB, paused 362us total 278.439ms
02-23 09:15:51.466  3112  3133 I .gms.persisten: Background concurrent copying GC freed 29535(1095KB) AllocSpace objects, 120(6240KB) LOS objects, 23% free, 19MB/25MB, paused 164us total 275.896ms
02-23 09:15:54.567  3112 28676 D SharedPreferencesImpl: Time required to fsync /data/user/0/com.google.android.gms/shared_prefs/LogDropPref.xml: [<1: 0, <2: 0, <4: 20682, <8: 17526, <16: 1545, <32: 111, <64: 46, <128: 25, <256: 1, <512: 0, <1024: 0, <2048: 0, <4096: 0, <8192: 0, <16384: 0, >=16384: 0]
02-23 09:15:56.695  3112  3133 I .gms.persisten: Background concurrent copying GC freed 29595(1095KB) AllocSpace objects, 120(6240KB) LOS objects, 23% free, 19MB/25MB, paused 146us total 278.630ms
02-23 09:15:58.434  3112  3133 I .gms.persisten: Background concurrent copying GC freed 29674(1101KB) AllocSpace objects, 118(6136KB) LOS objects, 23% free, 19MB/25MB, paused 180us total 274.532ms
02-23 09:16:00.173  3112  3133 I .gms.persisten: Background concurrent copying GC freed 29565(1096KB) AllocSpace objects, 120(6240KB) LOS objects, 23% free, 19MB/25MB, paused 183us total 278.020ms
02-23 09:16:01.923  3112  3133 I .gms.persisten: Background concurrent copying GC freed 29637(1099KB) AllocSpace objects, 120(6240KB) LOS objects, 23% free, 19MB/25MB, paused 252us total 277.324ms
02-23 09:16:07.146  3112  3133 I .gms.persisten: Background concurrent copying GC freed 30421(1127KB) AllocSpace objects, 118(6136KB) LOS objects, 23% free, 19MB/25MB, paused 127us total 273.621ms
02-23 09:16:10.631  3112  3133 I .gms.persisten: Background concurrent copying GC freed 29703(1101KB) AllocSpace objects, 120(6240KB) LOS objects, 23% free, 19MB/25MB, paused 182us total 277.178ms
02-23 09:16:12.389  3112  3133 I .gms.persisten: Background concurrent copying GC freed 30103(1116KB) AllocSpace objects, 120(6240KB) LOS objects, 23% free, 19MB/25MB, paused 212us total 276.756ms
02-23 09:16:14.139  3112  3133 I .gms.persisten: Background concurrent copying GC freed 30132(1117KB) AllocSpace objects, 122(6344KB) LOS objects, 23% free, 19MB/25MB, paused 150us total 277.213ms
02-23 09:16:19.394  3112  3133 I .gms.persisten: Background concurrent copying GC freed 29774(1109KB) AllocSpace objects, 120(6240KB) LOS objects, 23% free, 19MB/25MB, paused 128us total 277.333ms
02-23 09:16:21.155  3112  3133 I .gms.persisten: Background concurrent copying GC freed 29693(1109KB) AllocSpace objects, 118(6136KB) LOS objects, 23% free, 19MB/25MB, paused 187us total 276.268ms
02-23 09:16:22.926  3112  3133 I .gms.persisten: Background concurrent copying GC freed 29581(1098KB) AllocSpace objects, 118(6136KB) LOS objects, 23% free, 19MB/25MB, paused 166us total 276.065ms
02-23 09:16:24.684  3112  3133 I .gms.persisten: Background concurrent copying GC freed 29932(1112KB) AllocSpace objects, 120(6240KB) LOS objects, 23% free, 19MB/25MB, paused 206us total 277.326ms
02-23 09:16:25.473  3112 28676 D SharedPreferencesImpl: Time required to fsync /data/user/0/com.google.android.gms/shared_prefs/LogDropPref.xml: [<1: 0, <2: 0, <4: 21207, <8: 17970, <16: 1597, <32: 114, <64: 46, <128: 25, <256: 1, <512: 0, <1024: 0, <2048: 0, <4096: 0, <8192: 0, <16384: 0, >=16384: 0]
02-23 09:16:26.440  3112  3133 I .gms.persisten: Background concurrent copying GC freed 29463(1100KB) AllocSpace objects, 118(6136KB) LOS objects, 23% free, 19MB/25MB, paused 151us total 277.141ms
02-23 09:16:28.183  3112  3133 I .gms.persisten: Background concurrent copying GC freed 30495(1125KB) AllocSpace objects, 120(6240KB) LOS objects, 23% free, 19MB/25MB, paused 286us total 277.086ms
02-23 09:16:29.916  3112  3133 I .gms.persisten: Background concurrent copying GC freed 30587(1135KB) AllocSpace objects, 118(6136KB) LOS objects, 23% free, 19MB/25MB, paused 278us total 274.003ms
02-23 09:16:31.678  3112  3133 I .gms.persisten: Background concurrent copying GC freed 29397(1097KB) AllocSpace objects, 118(6136KB) LOS objects, 23% free, 19MB/25MB, paused 157us total 275.653ms
02-23 09:16:33.428  3112  3133 I .gms.persisten: Background concurrent copying GC freed 29945(1111KB) AllocSpace objects, 122(6344KB) LOS objects, 23% free, 19MB/25MB, paused 158us total 276.512ms
02-23 09:16:35.200  3112  3133 I .gms.persisten: Background concurrent copying GC freed 30143(1116KB) AllocSpace objects, 120(6240KB) LOS objects, 23% free, 19MB/25MB, paused 190us total 279.167ms
02-23 09:16:36.948  3112  3133 I .gms.persisten: Background concurrent copying GC freed 29737(1102KB) AllocSpace objects, 120(6240KB) LOS objects, 23% free, 19MB/25MB, paused 168us total 279.405ms
02-23 09:16:38.709  3112  3133 I .gms.persisten: Background concurrent copying GC freed 29776(1109KB) AllocSpace objects, 120(6240KB) LOS objects, 23% free, 19MB/25MB, paused 159us total 278.023ms
02-23 09:16:40.456  3112  3133 I .gms.persisten: Background concurrent copying GC freed 29904(1126KB) AllocSpace objects, 118(6136KB) LOS objects, 23% free, 19MB/25MB, paused 349us total 285.111ms
02-23 09:16:42.216  3112  3133 I .gms.persisten: Background concurrent copying GC freed 29722(1105KB) AllocSpace objects, 118(6136KB) LOS objects, 23% free, 19MB/25MB, paused 181us total 275.603ms
02-23 09:16:43.966  3112  3133 I .gms.persisten: Background concurrent copying GC freed 30781(1141KB) AllocSpace objects, 120(6240KB) LOS objects, 23% free, 19MB/25MB, paused 186us total 275.429ms
02-23 09:16:45.718  3112  3133 I .gms.persisten: Background concurrent copying GC freed 29653(1101KB) AllocSpace objects, 118(6136KB) LOS objects, 23% free, 19MB/25MB, paused 160us total 276.525ms
02-23 09:16:49.258  3112  3133 I .gms.persisten: Background concurrent copying GC freed 30309(1145KB) AllocSpace objects, 122(6344KB) LOS objects, 23% free, 19MB/25MB, paused 153us total 276.538ms
02-23 09:16:51.020  3112  3133 I .gms.persisten: Background concurrent copying GC freed 30011(1115KB) AllocSpace objects, 120(6240KB) LOS objects, 23% free, 19MB/25MB, paused 204us total 276.656ms
02-23 09:16:54.541  3112  3133 I .gms.persisten: Background concurrent copying GC freed 29982(1120KB) AllocSpace objects, 120(6240KB) LOS objects, 23% free, 19MB/25MB, paused 181us total 278.535ms
02-23 09:16:56.285  3112  3133 I .gms.persisten: Background concurrent copying GC freed 30593(1135KB) AllocSpace objects, 120(6240KB) LOS objects, 23% free, 19MB/25MB, paused 143us total 277.020ms
02-23 09:16:56.431  3112 28676 D SharedPreferencesImpl: Time required to fsync /data/user/0/com.google.android.gms/shared_prefs/LogDropPref.xml: [<1: 0, <2: 0, <4: 21762, <8: 18383, <16: 1651, <32: 114, <64: 48, <128: 25, <256: 1, <512: 0, <1024: 0, <2048: 0, <4096: 0, <8192: 0, <16384: 0, >=16384: 0]
02-23 09:16:59.832  3112  3133 I .gms.persisten: Background concurrent copying GC freed 30032(1113KB) AllocSpace objects, 120(6240KB) LOS objects, 23% free, 19MB/25MB, paused 300us total 278.897ms
02-23 09:17:01.615  3112  3133 I .gms.persisten: Background concurrent copying GC freed 29714(1102KB) AllocSpace objects, 120(6240KB) LOS objects, 23% free, 19MB/25MB, paused 314us total 276.473ms
02-23 09:17:03.380  3112  3133 I .gms.persisten: Background concurrent copying GC freed 29432(1096KB) AllocSpace objects, 118(6136KB) LOS objects, 23% free, 19MB/25MB, paused 144us total 275.457ms
02-23 09:17:05.153  3112  3133 I .gms.persisten: Background concurrent copying GC freed 29543(1097KB) AllocSpace objects, 118(6136KB) LOS objects, 23% free, 19MB/25MB, paused 309us total 275.862ms
02-23 09:17:06.950  3112  3133 I .gms.persisten: Background concurrent copying GC freed 30347(1120KB) AllocSpace objects, 122(6344KB) LOS objects, 23% free, 19MB/25MB, paused 160us total 278.809ms
02-23 09:17:08.697  3112  3133 I .gms.persisten: Background concurrent copying GC freed 30892(1127KB) AllocSpace objects, 120(6240KB) LOS objects, 23% free, 19MB/25MB, paused 261us total 278.324ms
02-23 09:17:10.468  3112  3133 I .gms.persisten: Background concurrent copying GC freed 29664(1086KB) AllocSpace objects, 118(6136KB) LOS objects, 23% free, 19MB/25MB, paused 291us total 277.770ms
02-23 09:17:12.253  3112  3133 I .gms.persisten: Background concurrent copying GC freed 29310(1127KB) AllocSpace objects, 119(6156KB) LOS objects, 23% free, 19MB/25MB, paused 169us total 275.262ms
02-23 09:17:14.032  3112  3133 I .gms.persisten: Background concurrent copying GC freed 29582(1100KB) AllocSpace objects, 118(6136KB) LOS objects, 23% free, 19MB/25MB, paused 205us total 275.664ms
02-23 09:17:15.797  3112  3133 I .gms.persisten: Background concurrent copying GC freed 29542(1094KB) AllocSpace objects, 120(6240KB) LOS objects, 23% free, 19MB/25MB, paused 172us total 279.158ms
02-23 09:17:17.581  3112  3133 I .gms.persisten: Background concurrent copying GC freed 29632(1100KB) AllocSpace objects, 120(6240KB) LOS objects, 23% free, 19MB/25MB, paused 226us total 279.970ms
02-23 09:17:19.379  3112  3133 I .gms.persisten: Background concurrent copying GC freed 29484(1113KB) AllocSpace objects, 118(6136KB) LOS objects, 23% free, 19MB/25MB, paused 174us total 278.328ms
02-23 09:17:20.346  3112  3133 I .gms.persisten: Background young concurrent copying GC freed 30314(1208KB) AllocSpace objects, 106(5512KB) LOS objects, 23% free, 19MB/25MB, paused 364us total 103.874ms
02-23 09:17:21.535  3112  4438 E AuthPII : [GoogleAccountDataServiceImpl] getToken() -> NETWORK_ERROR. App: com.google.android.youtube, Service: oauth2:https://www.googleapis.com/auth/peopleapi.readonly https://www.googleapis.com/auth/accounts.reauth https://www.googleapis.com/auth/youtube.force-ssl https://www.googleapis.com/auth/photos.image.readonly https://www.googleapis.com/auth/youtube https://www.googleapis.com/auth/identity.lateimpersonation https://www.googleapis.com/auth/assistant-sdk-prototype
02-23 09:17:21.535  3112  4438 E AuthPII : Message is Error when calling server.
02-23 09:17:21.536  3112  4438 W Auth    : [GetToken] GetToken failed with status code: NetworkError
02-23 09:17:23.424  3112  4739 I FontLog : Received query Noto Color Emoji Compat, URI content://com.google.android.gms.fonts [CONTEXT service_id=132 ]
02-23 09:17:23.426  3112  4739 I FontLog : Query [Noto Color Emoji Compat] resolved to {Noto Color Emoji Compat, wdth 100.0, wght 400, ital 0.0, bestEffort false} [CONTEXT service_id=132 ]
02-23 09:17:23.443  3112  4739 I FontLog : Fetch {Noto Color Emoji Compat, wdth 100.0, wght 400, ital 0.0, bestEffort false} end status Status{statusCode=SUCCESS, resolution=null} [CONTEXT service_id=132 ]
02-23 09:17:23.577  3112  4743 I FontLog : Pulling font file for id = 797, cache size = 6 [CONTEXT service_id=132 ]
02-23 09:17:23.922  3112  3133 I .gms.persisten: Background concurrent copying GC freed 55175(2410KB) AllocSpace objects, 92(4784KB) LOS objects, 23% free, 19MB/25MB, paused 199us total 396.656ms
02-23 09:17:26.196  3112  4739 I FontLog : Pulling font file for id = 798, cache size = 7 [CONTEXT service_id=132 ]
02-23 09:17:26.214  3112  4739 I FontLog : Received query name=Noto Color Emoji Compat&weight=400&besteffort=false, URI content://com.google.android.gms.fonts [CONTEXT service_id=132 ]
02-23 09:17:26.216  3112  4739 I FontLog : Query [name=Noto Color Emoji Compat&weight=400&besteffort=false] resolved to {Noto Color Emoji Compat, wdth 100.0, wght 400, ital 0.0, bestEffort false} [CONTEXT service_id=132 ]
02-23 09:17:26.221  3112  4739 I FontLog : Fetch {Noto Color Emoji Compat, wdth 100.0, wght 400, ital 0.0, bestEffort false} end status Status{statusCode=SUCCESS, resolution=null} [CONTEXT service_id=132 ]
02-23 09:17:26.276  3112  4739 I FontLog : Pulling font file for id = 800, cache size = 7 [CONTEXT service_id=132 ]
02-23 09:17:26.287  3112  4739 I FontLog : Received query name=Google Sans&weight=500&besteffort=false, URI content://com.google.android.gms.fonts [CONTEXT service_id=132 ]
02-23 09:17:26.288  3112  4739 I FontLog : Query [name=Google Sans&weight=500&besteffort=false] resolved to {Google Sans, wdth 100.0, wght 500, ital 0.0, bestEffort false} [CONTEXT service_id=132 ]
02-23 09:17:26.293  3112  4739 I FontLog : Font PFD returned from cache for {Google Sans, wdth 100.0, wght 500, ital 0.0, bestEffort false} [CONTEXT service_id=132 ]
02-23 09:17:26.294  3112  4739 I FontLog : Fetch {Google Sans, wdth 100.0, wght 500, ital 0.0, bestEffort false} end status Status{statusCode=SUCCESS, resolution=null} [CONTEXT service_id=132 ]
02-23 09:17:26.304  3112  4739 I FontLog : Pulling font file for id = 801, cache size = 6 [CONTEXT service_id=132 ]
02-23 09:17:26.848  3112 27748 E biip    : Phenotype API error. Event # dirm@cb0dd39e, EventCode: 7 [CONTEXT service_id=51 ]
02-23 09:17:26.848  3112 27748 E biip    : bihr: 29505: No config packages for log source, or config package not registered
02-23 09:17:26.848  3112 27748 E biip    : 	at bijl.b(:com.google.android.gms@230514037@23.05.14 (150400-509319212):4)
02-23 09:17:26.848  3112 27748 E biip    : 	at biji.g(:com.google.android.gms@230514037@23.05.14 (150400-509319212):0)
02-23 09:17:26.848  3112 27748 E biip    : 	at biip.e(:com.google.android.gms@230514037@23.05.14 (150400-509319212):4)
02-23 09:17:26.848  3112 27748 E biip    : 	at biip.f(:com.google.android.gms@230514037@23.05.14 (150400-509319212):2)
02-23 09:17:26.848  3112 27748 E biip    : 	at aspv.er(:com.google.android.gms@230514037@23.05.14 (150400-509319212):1)
02-23 09:17:26.848  3112 27748 E biip    : 	at asqb.run(:com.google.android.gms@230514037@23.05.14 (150400-509319212):12)
02-23 09:17:26.848  3112 27748 E biip    : 	at cnqy.run(:com.google.android.gms@230514037@23.05.14 (150400-509319212):2)
02-23 09:17:26.848  3112 27748 E biip    : 	at aaiq.c(:com.google.android.gms@230514037@23.05.14 (150400-509319212):6)
02-23 09:17:26.848  3112 27748 E biip    : 	at aaiq.run(:com.google.android.gms@230514037@23.05.14 (150400-509319212):7)
02-23 09:17:26.848  3112 27748 E biip    : 	at java.util.concurrent.ThreadPoolExecutor.runWorker(ThreadPoolExecutor.java:1167)
02-23 09:17:26.848  3112 27748 E biip    : 	at java.util.concurrent.ThreadPoolExecutor$Worker.run(ThreadPoolExecutor.java:641)
02-23 09:17:26.848  3112 27748 E biip    : 	at aanw.run(:com.google.android.gms@230514037@23.05.14 (150400-509319212):0)
02-23 09:17:26.848  3112 27748 E biip    : 	at java.lang.Thread.run(Thread.java:923)
02-23 09:17:26.850  3112 27748 W AsyncOperation: operation=GetExperimentTokensOperationCall, opStatusCode=29505 [CONTEXT service_id=51 ]
02-23 09:17:26.850  3112 27748 W AsyncOperation: OperationException[Status{statusCode=No config packages for log source, or config package not registered, resolution=null}]
02-23 09:17:26.850  3112 27748 W AsyncOperation: 	at biip.e(:com.google.android.gms@230514037@23.05.14 (150400-509319212):6)
02-23 09:17:26.850  3112 27748 W AsyncOperation: 	at biip.f(:com.google.android.gms@230514037@23.05.14 (150400-509319212):2)
02-23 09:17:26.850  3112 27748 W AsyncOperation: 	at aspv.er(:com.google.android.gms@230514037@23.05.14 (150400-509319212):1)
02-23 09:17:26.850  3112 27748 W AsyncOperation: 	at asqb.run(:com.google.android.gms@230514037@23.05.14 (150400-509319212):12)
02-23 09:17:26.850  3112 27748 W AsyncOperation: 	at cnqy.run(:com.google.android.gms@230514037@23.05.14 (150400-509319212):2)
02-23 09:17:26.850  3112 27748 W AsyncOperation: 	at aaiq.c(:com.google.android.gms@230514037@23.05.14 (150400-509319212):6)
02-23 09:17:26.850  3112 27748 W AsyncOperation: 	at aaiq.run(:com.google.android.gms@230514037@23.05.14 (150400-509319212):7)
02-23 09:17:26.850  3112 27748 W AsyncOperation: 	at java.util.concurrent.ThreadPoolExecutor.runWorker(ThreadPoolExecutor.java:1167)
02-23 09:17:26.850  3112 27748 W AsyncOperation: 	at java.util.concurrent.ThreadPoolExecutor$Worker.run(ThreadPoolExecutor.java:641)
02-23 09:17:26.850  3112 27748 W AsyncOperation: 	at aanw.run(:com.google.android.gms@230514037@23.05.14 (150400-509319212):0)
02-23 09:17:26.850  3112 27748 W AsyncOperation: 	at java.lang.Thread.run(Thread.java:923)
02-23 09:17:27.035  3112 27748 W GmsStrictMode: DISK_READ [CONTEXT service_id=256 ]
02-23 09:17:27.035  3112 27748 W GmsStrictMode: android.os.strictmode.DiskReadViolation
02-23 09:17:27.035  3112 27748 W GmsStrictMode: 	at android.os.StrictMode$AndroidBlockGuardPolicy.onReadFromDisk(StrictMode.java:1596)
02-23 09:17:27.035  3112 27748 W GmsStrictMode: 	at libcore.io.BlockGuardOs.access(BlockGuardOs.java:71)
02-23 09:17:27.035  3112 27748 W GmsStrictMode: 	at libcore.io.ForwardingOs.access(ForwardingOs.java:72)
02-23 09:17:27.035  3112 27748 W GmsStrictMode: 	at android.app.ActivityThread$AndroidOs.access(ActivityThread.java:8094)
02-23 09:17:27.035  3112 27748 W GmsStrictMode: 	at java.io.UnixFileSystem.checkAccess(UnixFileSystem.java:281)
02-23 09:17:27.035  3112 27748 W GmsStrictMode: 	at java.io.File.exists(File.java:815)
02-23 09:17:27.035  3112 27748 W GmsStrictMode: 	at android.app.ContextImpl.getDataDir(ContextImpl.java:2596)
02-23 09:17:27.035  3112 27748 W GmsStrictMode: 	at android.app.ContextImpl.getFilesDir(ContextImpl.java:740)
02-23 09:17:27.035  3112 27748 W GmsStrictMode: 	at android.content.ContextWrapper.getFilesDir(ContextWrapper.java:253)
02-23 09:17:27.035  3112 27748 W GmsStrictMode: 	at android.content.ContextWrapper.getFilesDir(ContextWrapper.java:253)
02-23 09:17:27.035  3112 27748 W GmsStrictMode: 	at android.content.ContextWrapper.getFilesDir(ContextWrapper.java:253)
02-23 09:17:27.035  3112 27748 W GmsStrictMode: 	at android.content.ContextWrapper.getFilesDir(ContextWrapper.java:253)
02-23 09:17:27.035  3112 27748 W GmsStrictMode: 	at qnf.<init>(:com.google.android.gms@230514037@23.05.14 (150400-509319212):1)
02-23 09:17:27.035  3112 27748 W GmsStrictMode: 	at gir.<init>(:com.google.android.gms@230514037@23.05.14 (150400-509319212):2)
02-23 09:17:27.035  3112 27748 W GmsStrictMode: 	at com.google.android.gms.auth.ChimeraGetToken.onCreate(:com.google.android.gms@230514037@23.05.14 (150400-509319212):0)
02-23 09:17:27.035  3112 27748 W GmsStrictMode: 	at gor.onCreate(:com.google.android.gms@230514037@23.05.14 (150400-509319212):1)
02-23 09:17:27.035  3112 27748 W GmsStrictMode: 	at xlw.onCreate(:com.google.android.gms@230514037@23.05.14 (150400-509319212):4)
02-23 09:17:27.035  3112 27748 W GmsStrictMode: 	at android.app.ActivityThread.handleCreateService(ActivityThread.java:4541)
02-23 09:17:27.035  3112 27748 W GmsStrictMode: 	at android.app.ActivityThread.access$1800(ActivityThread.java:265)
02-23 09:17:27.035  3112 27748 W GmsStrictMode: 	at android.app.ActivityThread$H.handleMessage(ActivityThread.java:2188)
02-23 09:17:27.035  3112 27748 W GmsStrictMode: 	at android.os.Handler.dispatchMessage(Handler.java:106)
02-23 09:17:27.035  3112 27748 W GmsStrictMode: 	at android.os.Looper.loop(Looper.java:257)
02-23 09:17:27.035  3112 27748 W GmsStrictMode: 	at android.app.ActivityThread.main(ActivityThread.java:8220)
02-23 09:17:27.035  3112 27748 W GmsStrictMode: 	at java.lang.reflect.Method.invoke(Native Method)
02-23 09:17:27.035  3112 27748 W GmsStrictMode: 	at com.android.internal.os.RuntimeInit$MethodAndArgsCaller.run(RuntimeInit.java:626)
02-23 09:17:27.035  3112 27748 W GmsStrictMode: 	at com.android.internal.os.ZygoteInit.main(ZygoteInit.java:1015)
02-23 09:17:27.037  3112 27748 W GmsStrictMode: DISK_READ [CONTEXT service_id=256 ]
02-23 09:17:27.037  3112 27748 W GmsStrictMode: android.os.strictmode.DiskReadViolation
02-23 09:17:27.037  3112 27748 W GmsStrictMode: 	at android.os.StrictMode$AndroidBlockGuardPolicy.onReadFromDisk(StrictMode.java:1596)
02-23 09:17:27.037  3112 27748 W GmsStrictMode: 	at libcore.io.BlockGuardOs.access(BlockGuardOs.java:71)
02-23 09:17:27.037  3112 27748 W GmsStrictMode: 	at libcore.io.ForwardingOs.access(ForwardingOs.java:72)
02-23 09:17:27.037  3112 27748 W GmsStrictMode: 	at android.app.ActivityThread$AndroidOs.access(ActivityThread.java:8094)
02-23 09:17:27.037  3112 27748 W GmsStrictMode: 	at java.io.UnixFileSystem.checkAccess(UnixFileSystem.java:281)
02-23 09:17:27.037  3112 27748 W GmsStrictMode: 	at java.io.File.exists(File.java:815)
02-23 09:17:27.037  3112 27748 W GmsStrictMode: 	at android.app.ContextImpl.ensurePrivateDirExists(ContextImpl.java:706)
02-23 09:17:27.037  3112 27748 W GmsStrictMode: 	at android.app.ContextImpl.ensurePrivateDirExists(ContextImpl.java:697)
02-23 09:17:27.037  3112 27748 W GmsStrictMode: 	at android.app.ContextImpl.getFilesDir(ContextImpl.java:742)
02-23 09:17:27.037  3112 27748 W GmsStrictMode: 	at android.content.ContextWrapper.getFilesDir(ContextWrapper.java:253)
02-23 09:17:27.037  3112 27748 W GmsStrictMode: 	at android.content.ContextWrapper.getFilesDir(ContextWrapper.java:253)
02-23 09:17:27.037  3112 27748 W GmsStrictMode: 	at android.content.ContextWrapper.getFilesDir(ContextWrapper.java:253)
02-23 09:17:27.037  3112 27748 W GmsStrictMode: 	at android.content.ContextWrapper.getFilesDir(ContextWrapper.java:253)
02-23 09:17:27.037  3112 27748 W GmsStrictMode: 	at qnf.<init>(:com.google.android.gms@230514037@23.05.14 (150400-509319212):1)
02-23 09:17:27.037  3112 27748 W GmsStrictMode: 	at gir.<init>(:com.google.android.gms@230514037@23.05.14 (150400-509319212):2)
02-23 09:17:27.037  3112 27748 W GmsStrictMode: 	at com.google.android.gms.auth.ChimeraGetToken.onCreate(:com.google.android.gms@230514037@23.05.14 (150400-509319212):0)
02-23 09:17:27.037  3112 27748 W GmsStrictMode: 	at gor.onCreate(:com.google.android.gms@230514037@23.05.14 (150400-509319212):1)
02-23 09:17:27.037  3112 27748 W GmsStrictMode: 	at xlw.onCreate(:com.google.android.gms@230514037@23.05.14 (150400-509319212):4)
02-23 09:17:27.037  3112 27748 W GmsStrictMode: 	at android.app.ActivityThread.handleCreateService(ActivityThread.java:4541)
02-23 09:17:27.037  3112 27748 W GmsStrictMode: 	at android.app.ActivityThread.access$1800(ActivityThread.java:265)
02-23 09:17:27.037  3112 27748 W GmsStrictMode: 	at android.app.ActivityThread$H.handleMessage(ActivityThread.java:2188)
02-23 09:17:27.037  3112 27748 W GmsStrictMode: 	at android.os.Handler.dispatchMessage(Handler.java:106)
02-23 09:17:27.037  3112 27748 W GmsStrictMode: 	at android.os.Looper.loop(Looper.java:257)
02-23 09:17:27.037  3112 27748 W GmsStrictMode: 	at android.app.ActivityThread.main(ActivityThread.java:8220)
02-23 09:17:27.037  3112 27748 W GmsStrictMode: 	at java.lang.reflect.Method.invoke(Native Method)
02-23 09:17:27.037  3112 27748 W GmsStrictMode: 	at com.android.internal.os.RuntimeInit$MethodAndArgsCaller.run(RuntimeInit.java:626)
02-23 09:17:27.037  3112 27748 W GmsStrictMode: 	at com.android.internal.os.ZygoteInit.main(ZygoteInit.java:1015)
02-23 09:17:27.425  3112  3133 I .gms.persisten: Background concurrent copying GC freed 41531(1798KB) AllocSpace objects, 102(5304KB) LOS objects, 23% free, 19MB/25MB, paused 220us total 318.438ms
02-23 09:17:27.738  3112 27748 W GmsStrictMode: DISK_READ [CONTEXT service_id=256 ]
02-23 09:17:27.738  3112 27748 W GmsStrictMode: android.os.strictmode.DiskReadViolation
02-23 09:17:27.738  3112 27748 W GmsStrictMode: 	at android.os.StrictMode$AndroidBlockGuardPolicy.onReadFromDisk(StrictMode.java:1596)
02-23 09:17:27.738  3112 27748 W GmsStrictMode: 	at libcore.io.BlockGuardOs.access(BlockGuardOs.java:71)
02-23 09:17:27.738  3112 27748 W GmsStrictMode: 	at libcore.io.ForwardingOs.access(ForwardingOs.java:72)
02-23 09:17:27.738  3112 27748 W GmsStrictMode: 	at android.app.ActivityThread$AndroidOs.access(ActivityThread.java:8094)
02-23 09:17:27.738  3112 27748 W GmsStrictMode: 	at java.io.UnixFileSystem.checkAccess(UnixFileSystem.java:281)
02-23 09:17:27.738  3112 27748 W GmsStrictMode: 	at java.io.File.exists(File.java:815)
02-23 09:17:27.738  3112 27748 W GmsStrictMode: 	at android.app.ContextImpl.getDataDir(ContextImpl.java:2596)
02-23 09:17:27.738  3112 27748 W GmsStrictMode: 	at android.app.ContextImpl.getFilesDir(ContextImpl.java:740)
02-23 09:17:27.738  3112 27748 W GmsStrictMode: 	at android.content.ContextWrapper.getFilesDir(ContextWrapper.java:253)
02-23 09:17:27.738  3112 27748 W GmsStrictMode: 	at android.content.ContextWrapper.getFilesDir(ContextWrapper.java:253)
02-23 09:17:27.738  3112 27748 W GmsStrictMode: 	at android.content.ContextWrapper.getFilesDir(ContextWrapper.java:253)
02-23 09:17:27.738  3112 27748 W GmsStrictMode: 	at android.content.ContextWrapper.getFilesDir(ContextWrapper.java:253)
02-23 09:17:27.738  3112 27748 W GmsStrictMode: 	at qnf.<init>(:com.google.android.gms@230514037@23.05.14 (150400-509319212):1)
02-23 09:17:27.738  3112 27748 W GmsStrictMode: 	at gir.<init>(:com.google.android.gms@230514037@23.05.14 (150400-509319212):2)
02-23 09:17:27.738  3112 27748 W GmsStrictMode: 	at kvt.<init>(:com.google.android.gms@230514037@23.05.14 (150400-509319212):2)
02-23 09:17:27.738  3112 27748 W GmsStrictMode: 	at kvu.onCreate(:com.google.android.gms@230514037@23.05.14 (150400-509319212):2)
02-23 09:17:27.738  3112 27748 W GmsStrictMode: 	at gor.onCreate(:com.google.android.gms@230514037@23.05.14 (150400-509319212):1)
02-23 09:17:27.738  3112 27748 W GmsStrictMode: 	at xlw.onCreate(:com.google.android.gms@230514037@23.05.14 (150400-509319212):4)
02-23 09:17:27.738  3112 27748 W GmsStrictMode: 	at android.app.ActivityThread.handleCreateService(ActivityThread.java:4541)
02-23 09:17:27.738  3112 27748 W GmsStrictMode: 	at android.app.ActivityThread.access$1800(ActivityThread.java:265)
02-23 09:17:27.738  3112 27748 W GmsStrictMode: 	at android.app.ActivityThread$H.handleMessage(ActivityThread.java:2188)
02-23 09:17:27.738  3112 27748 W GmsStrictMode: 	at android.os.Handler.dispatchMessage(Handler.java:106)
02-23 09:17:27.738  3112 27748 W GmsStrictMode: 	at android.os.Looper.loop(Looper.java:257)
02-23 09:17:27.738  3112 27748 W GmsStrictMode: 	at android.app.ActivityThread.main(ActivityThread.java:8220)
02-23 09:17:27.738  3112 27748 W GmsStrictMode: 	at java.lang.reflect.Method.invoke(Native Method)
02-23 09:17:27.738  3112 27748 W GmsStrictMode: 	at com.android.internal.os.RuntimeInit$MethodAndArgsCaller.run(RuntimeInit.java:626)
02-23 09:17:27.738  3112 27748 W GmsStrictMode: 	at com.android.internal.os.ZygoteInit.main(ZygoteInit.java:1015)
02-23 09:17:27.739  3112 27748 W GmsStrictMode: DISK_READ [CONTEXT service_id=256 ]
02-23 09:17:27.739  3112 27748 W GmsStrictMode: android.os.strictmode.DiskReadViolation
02-23 09:17:27.739  3112 27748 W GmsStrictMode: 	at android.os.StrictMode$AndroidBlockGuardPolicy.onReadFromDisk(StrictMode.java:1596)
02-23 09:17:27.739  3112 27748 W GmsStrictMode: 	at libcore.io.BlockGuardOs.access(BlockGuardOs.java:71)
02-23 09:17:27.739  3112 27748 W GmsStrictMode: 	at libcore.io.ForwardingOs.access(ForwardingOs.java:72)
02-23 09:17:27.739  3112 27748 W GmsStrictMode: 	at android.app.ActivityThread$AndroidOs.access(ActivityThread.java:8094)
02-23 09:17:27.739  3112 27748 W GmsStrictMode: 	at java.io.UnixFileSystem.checkAccess(UnixFileSystem.java:281)
02-23 09:17:27.739  3112 27748 W GmsStrictMode: 	at java.io.File.exists(File.java:815)
02-23 09:17:27.739  3112 27748 W GmsStrictMode: 	at android.app.ContextImpl.ensurePrivateDirExists(ContextImpl.java:706)
02-23 09:17:27.739  3112 27748 W GmsStrictMode: 	at android.app.ContextImpl.ensurePrivateDirExists(ContextImpl.java:697)
02-23 09:17:27.739  3112 27748 W GmsStrictMode: 	at android.app.ContextImpl.getFilesDir(ContextImpl.java:742)
02-23 09:17:27.739  3112 27748 W GmsStrictMode: 	at android.content.ContextWrapper.getFilesDir(ContextWrapper.java:253)
02-23 09:17:27.739  3112 27748 W GmsStrictMode: 	at android.content.ContextWrapper.getFilesDir(ContextWrapper.java:253)
02-23 09:17:27.739  3112 27748 W GmsStrictMode: 	at android.content.ContextWrapper.getFilesDir(ContextWrapper.java:253)
02-23 09:17:27.739  3112 27748 W GmsStrictMode: 	at android.content.ContextWrapper.getFilesDir(ContextWrapper.java:253)
02-23 09:17:27.739  3112 27748 W GmsStrictMode: 	at qnf.<init>(:com.google.android.gms@230514037@23.05.14 (150400-509319212):1)
02-23 09:17:27.739  3112 27748 W GmsStrictMode: 	at gir.<init>(:com.google.android.gms@230514037@23.05.14 (150400-509319212):2)
02-23 09:17:27.739  3112 27748 W GmsStrictMode: 	at kvt.<init>(:com.google.android.gms@230514037@23.05.14 (150400-509319212):2)
02-23 09:17:27.739  3112 27748 W GmsStrictMode: 	at kvu.onCreate(:com.google.android.gms@230514037@23.05.14 (150400-509319212):2)
02-23 09:17:27.739  3112 27748 W GmsStrictMode: 	at gor.onCreate(:com.google.android.gms@230514037@23.05.14 (150400-509319212):1)
02-23 09:17:27.739  3112 27748 W GmsStrictMode: 	at xlw.onCreate(:com.google.android.gms@230514037@23.05.14 (150400-509319212):4)
02-23 09:17:27.739  3112 27748 W GmsStrictMode: 	at android.app.ActivityThread.handleCreateService(ActivityThread.java:4541)
02-23 09:17:27.739  3112 27748 W GmsStrictMode: 	at android.app.ActivityThread.access$1800(ActivityThread.java:265)
02-23 09:17:27.739  3112 27748 W GmsStrictMode: 	at android.app.ActivityThread$H.handleMessage(ActivityThread.java:2188)
02-23 09:17:27.739  3112 27748 W GmsStrictMode: 	at android.os.Handler.dispatchMessage(Handler.java:106)
02-23 09:17:27.739  3112 27748 W GmsStrictMode: 	at android.os.Looper.loop(Looper.java:257)
02-23 09:17:27.739  3112 27748 W GmsStrictMode: 	at android.app.ActivityThread.main(ActivityThread.java:8220)
02-23 09:17:27.739  3112 27748 W GmsStrictMode: 	at java.lang.reflect.Method.invoke(Native Method)
02-23 09:17:27.739  3112 27748 W GmsStrictMode: 	at com.android.internal.os.RuntimeInit$MethodAndArgsCaller.run(RuntimeInit.java:626)
02-23 09:17:27.739  3112 27748 W GmsStrictMode: 	at com.android.internal.os.ZygoteInit.main(ZygoteInit.java:1015)
02-23 09:17:28.451  3112  4743 E AuthPII : [GoogleAccountDataServiceImpl] getToken() -> NETWORK_ERROR. App: com.android.chrome, Service: oauth2:https://www.googleapis.com/auth/userinfo.email https://www.googleapis.com/auth/userinfo.profile
02-23 09:17:28.451  3112  4743 E AuthPII : Message is Error when calling server.
02-23 09:17:28.452  3112  4743 W Auth    : [GetToken] GetToken failed with status code: NetworkError
02-23 09:17:28.537  3112  4743 E AuthPII : [GoogleAccountDataServiceImpl] getToken() -> NETWORK_ERROR. App: com.android.chrome, Service: oauth2:https://www.googleapis.com/auth/userinfo.email https://www.googleapis.com/auth/userinfo.profile
02-23 09:17:28.538  3112  4743 E AuthPII : Message is Error when calling server.
02-23 09:17:28.538  3112  4743 W Auth    : [GetToken] GetToken failed with status code: NetworkError
02-23 09:17:28.823  3112  3340 E AuthPII : [GoogleAccountDataServiceImpl] getToken() -> NETWORK_ERROR. App: com.android.chrome, Service: oauth2:https://www.googleapis.com/auth/userinfo.email https://www.googleapis.com/auth/userinfo.profile
02-23 09:17:28.824  3112  3340 E AuthPII : Message is Error when calling server.
02-23 09:17:28.940  3112  3340 E AuthPII : [GoogleAccountDataServiceImpl] getToken() -> NETWORK_ERROR. App: com.android.chrome, Service: oauth2:https://www.googleapis.com/auth/userinfo.email https://www.googleapis.com/auth/userinfo.profile
02-23 09:17:28.940  3112  3340 E AuthPII : Message is Error when calling server.
02-23 09:17:28.989  3112  3133 I .gms.persisten: Background concurrent copying GC freed 65567(2496KB) AllocSpace objects, 100(5200KB) LOS objects, 23% free, 19MB/25MB, paused 293us total 311.747ms
02-23 09:17:32.291  3112 25324 D SharedPreferencesImpl: Time required to fsync /data/user/0/com.google.android.gms/shared_prefs/LogDropPref.xml: [<1: 0, <2: 0, <4: 22216, <8: 18797, <16: 1742, <32: 157, <64: 64, <128: 30, <256: 2, <512: 0, <1024: 0, <2048: 0, <4096: 0, <8192: 0, <16384: 0, >=16384: 0]
02-23 09:17:33.156  3112  3133 I .gms.persisten: Background concurrent copying GC freed 31834(1223KB) AllocSpace objects, 118(6136KB) LOS objects, 23% free, 19MB/25MB, paused 161us total 280.870ms
02-23 09:17:39.506  3112  3133 I .gms.persisten: Background concurrent copying GC freed 29266(1101KB) AllocSpace objects, 118(6136KB) LOS objects, 23% free, 19MB/25MB, paused 138us total 276.222ms
02-23 09:17:41.623  3112  3133 I .gms.persisten: Background concurrent copying GC freed 28748(1085KB) AllocSpace objects, 114(5928KB) LOS objects, 23% free, 19MB/25MB, paused 289us total 276.044ms
02-23 09:17:50.095  3112  3133 I .gms.persisten: Background concurrent copying GC freed 29182(1082KB) AllocSpace objects, 118(6136KB) LOS objects, 23% free, 19MB/25MB, paused 241us total 276.740ms
02-23 09:17:52.209  3112  3133 I .gms.persisten: Background concurrent copying GC freed 28717(1120KB) AllocSpace objects, 114(5928KB) LOS objects, 23% free, 19MB/25MB, paused 152us total 273.428ms
02-23 09:17:54.316  3112  3133 I .gms.persisten: Background concurrent copying GC freed 29067(1124KB) AllocSpace objects, 114(5928KB) LOS objects, 23% free, 19MB/25MB, paused 216us total 276.978ms
02-23 09:17:56.445  3112  3133 I .gms.persisten: Background concurrent copying GC freed 28529(1080KB) AllocSpace objects, 116(6032KB) LOS objects, 23% free, 19MB/25MB, paused 155us total 278.048ms
02-23 09:17:58.596  3112  3133 I .gms.persisten: Background concurrent copying GC freed 28603(1062KB) AllocSpace objects, 116(6032KB) LOS objects, 23% free, 19MB/25MB, paused 168us total 273.866ms
02-23 09:18:00.747  3112  3133 I .gms.persisten: Background concurrent copying GC freed 29123(1083KB) AllocSpace objects, 116(6032KB) LOS objects, 23% free, 19MB/25MB, paused 203us total 277.127ms
02-23 09:18:02.871  3112  3133 I .gms.persisten: Background concurrent copying GC freed 30223(1128KB) AllocSpace objects, 116(6032KB) LOS objects, 23% free, 19MB/25MB, paused 151us total 276.520ms
02-23 09:18:05.030  3112  3133 I .gms.persisten: Background concurrent copying GC freed 27996(1046KB) AllocSpace objects, 116(6032KB) LOS objects, 23% free, 19MB/25MB, paused 741us total 274.773ms
02-23 09:18:11.055  3112 25324 D SharedPreferencesImpl: Time required to fsync /data/user/0/com.google.android.gms/shared_prefs/LogDropPref.xml: [<1: 0, <2: 0, <4: 22878, <8: 19125, <16: 1773, <32: 160, <64: 64, <128: 30, <256: 2, <512: 0, <1024: 0, <2048: 0, <4096: 0, <8192: 0, <16384: 0, >=16384: 0]
02-23 09:18:11.431  3112  3133 I .gms.persisten: Background concurrent copying GC freed 29064(1087KB) AllocSpace objects, 116(6032KB) LOS objects, 23% free, 19MB/25MB, paused 241us total 276.001ms
02-23 09:18:13.576  3112  3133 I .gms.persisten: Background concurrent copying GC freed 28444(1080KB) AllocSpace objects, 114(5928KB) LOS objects, 23% free, 19MB/25MB, paused 168us total 275.355ms
02-23 09:18:15.752  3112  3133 I .gms.persisten: Background concurrent copying GC freed 28657(1065KB) AllocSpace objects, 116(6032KB) LOS objects, 23% free, 19MB/25MB, paused 189us total 278.086ms
02-23 09:18:17.923  3112  3133 I .gms.persisten: Background concurrent copying GC freed 28817(1075KB) AllocSpace objects, 116(6032KB) LOS objects, 23% free, 19MB/25MB, paused 165us total 280.606ms
02-23 09:18:20.062  3112  3133 I .gms.persisten: Background concurrent copying GC freed 27741(1051KB) AllocSpace objects, 110(5720KB) LOS objects, 23% free, 19MB/25MB, paused 140us total 285.669ms
02-23 09:18:22.251  3112  3133 I .gms.persisten: Background concurrent copying GC freed 29633(1152KB) AllocSpace objects, 114(5928KB) LOS objects, 23% free, 19MB/25MB, paused 128us total 276.782ms
02-23 09:18:24.435  3112  3133 I .gms.persisten: Background concurrent copying GC freed 29689(1119KB) AllocSpace objects, 116(6032KB) LOS objects, 23% free, 19MB/25MB, paused 130us total 278.079ms
02-23 09:18:26.618  3112  3133 I .gms.persisten: Background concurrent copying GC freed 29512(1092KB) AllocSpace objects, 114(5928KB) LOS objects, 23% free, 19MB/25MB, paused 507us total 276.263ms
02-23 09:18:27.450  3112 26619 W CCTFlatFileLogStore: Excessive logging: 1 events, 648228 bytes from log source STREAMZ_GELLER_LIBRARY last 0s
02-23 09:18:28.795  3112  3133 I .gms.persisten: Background concurrent copying GC freed 30665(1137KB) AllocSpace objects, 118(6136KB) LOS objects, 23% free, 19MB/25MB, paused 153us total 283.729ms
02-23 09:18:30.977  3112  3133 I .gms.persisten: Background concurrent copying GC freed 28644(1065KB) AllocSpace objects, 116(6032KB) LOS objects, 23% free, 19MB/25MB, paused 167us total 276.176ms
02-23 09:18:33.140  3112  3133 I .gms.persisten: Background concurrent copying GC freed 28668(1073KB) AllocSpace objects, 114(5928KB) LOS objects, 23% free, 19MB/25MB, paused 262us total 276.435ms
02-23 09:18:37.574  3112  3133 I .gms.persisten: Background concurrent copying GC freed 28750(1067KB) AllocSpace objects, 116(6032KB) LOS objects, 23% free, 19MB/25MB, paused 132us total 276.438ms
02-23 09:18:39.851  3112  3133 I .gms.persisten: Background concurrent copying GC freed 28616(1084KB) AllocSpace objects, 114(5928KB) LOS objects, 23% free, 19MB/25MB, paused 183us total 280.595ms
02-23 09:18:42.080  3112  3133 I .gms.persisten: Background concurrent copying GC freed 28952(1071KB) AllocSpace objects, 114(5928KB) LOS objects, 23% free, 19MB/25MB, paused 372us total 277.666ms
02-23 09:18:44.327  3112  3133 I .gms.persisten: Background concurrent copying GC freed 29233(1088KB) AllocSpace objects, 116(6032KB) LOS objects, 23% free, 19MB/25MB, paused 180us total 273.910ms
02-23 09:18:48.803  3112  3133 I .gms.persisten: Background concurrent copying GC freed 28755(1085KB) AllocSpace objects, 116(6032KB) LOS objects, 23% free, 19MB/25MB, paused 128us total 273.517ms
02-23 09:18:51.445  3112 25324 D SharedPreferencesImpl: Time required to fsync /data/user/0/com.google.android.gms/shared_prefs/LogDropPref.xml: [<1: 0, <2: 0, <4: 23421, <8: 19561, <16: 1809, <32: 163, <64: 67, <128: 33, <256: 2, <512: 0, <1024: 0, <2048: 0, <4096: 0, <8192: 0, <16384: 0, >=16384: 0]
02-23 09:18:53.296  3112  3133 I .gms.persisten: Background concurrent copying GC freed 28874(1097KB) AllocSpace objects, 116(6032KB) LOS objects, 23% free, 19MB/25MB, paused 205us total 277.514ms
02-23 09:18:55.547  3112  3133 I .gms.persisten: Background concurrent copying GC freed 28669(1066KB) AllocSpace objects, 116(6032KB) LOS objects, 23% free, 19MB/25MB, paused 165us total 278.397ms
02-23 09:18:57.785  3112  3133 I .gms.persisten: Background concurrent copying GC freed 28546(1067KB) AllocSpace objects, 114(5928KB) LOS objects, 23% free, 19MB/25MB, paused 156us total 277.929ms
02-23 09:19:00.028  3112  3133 I .gms.persisten: Background concurrent copying GC freed 29088(1096KB) AllocSpace objects, 114(5928KB) LOS objects, 23% free, 19MB/25MB, paused 185us total 278.514ms
02-23 09:19:02.281  3112  3133 I .gms.persisten: Background concurrent copying GC freed 29422(1105KB) AllocSpace objects, 116(6032KB) LOS objects, 23% free, 19MB/25MB, paused 153us total 282.358ms
02-23 09:19:06.789  3112  3133 I .gms.persisten: Background concurrent copying GC freed 28750(1067KB) AllocSpace objects, 116(6032KB) LOS objects, 23% free, 19MB/25MB, paused 131us total 275.862ms
02-23 09:19:09.057  3112  3133 I .gms.persisten: Background concurrent copying GC freed 28415(1065KB) AllocSpace objects, 114(5928KB) LOS objects, 23% free, 19MB/25MB, paused 149us total 275.501ms
02-23 09:19:11.280  3112  3133 I .gms.persisten: Background concurrent copying GC freed 28372(1080KB) AllocSpace objects, 114(5928KB) LOS objects, 23% free, 19MB/25MB, paused 172us total 275.153ms
02-23 09:19:13.536  3112  3133 I .gms.persisten: Background concurrent copying GC freed 28628(1065KB) AllocSpace objects, 114(5928KB) LOS objects, 23% free, 19MB/25MB, paused 421us total 278.567ms
02-23 09:19:15.890  3112  3133 I .gms.persisten: Background concurrent copying GC freed 30545(1127KB) AllocSpace objects, 124(6448KB) LOS objects, 23% free, 19MB/25MB, paused 138us total 274.575ms
02-23 09:19:20.397  3112  3133 I .gms.persisten: Background concurrent copying GC freed 28731(1068KB) AllocSpace objects, 116(6032KB) LOS objects, 23% free, 19MB/25MB, paused 142us total 278.564ms
02-23 09:19:24.956  3112  3133 I .gms.persisten: Background concurrent copying GC freed 28865(1081KB) AllocSpace objects, 116(6032KB) LOS objects, 23% free, 19MB/25MB, paused 147us total 282.104ms
02-23 09:19:27.233  3112  3133 I .gms.persisten: Background concurrent copying GC freed 28667(1066KB) AllocSpace objects, 116(6032KB) LOS objects, 23% free, 19MB/25MB, paused 154us total 277.505ms
02-23 09:19:31.821  3112  3133 I .gms.persisten: Background concurrent copying GC freed 28586(1068KB) AllocSpace objects, 114(5928KB) LOS objects, 23% free, 19MB/25MB, paused 798us total 278.391ms
02-23 09:19:32.987  3112 26619 D SharedPreferencesImpl: Time required to fsync /data/user/0/com.google.android.gms/shared_prefs/LogDropPref.xml: [<1: 0, <2: 0, <4: 23969, <8: 20001, <16: 1832, <32: 169, <64: 70, <128: 37, <256: 2, <512: 0, <1024: 0, <2048: 0, <4096: 0, <8192: 0, <16384: 0, >=16384: 0]
02-23 09:19:34.111  3112  3133 I .gms.persisten: Background concurrent copying GC freed 28893(1072KB) AllocSpace objects, 114(5928KB) LOS objects, 23% free, 19MB/25MB, paused 526us total 279.589ms
02-23 09:19:36.391  3112  3133 I .gms.persisten: Background concurrent copying GC freed 29376(1106KB) AllocSpace objects, 116(6032KB) LOS objects, 23% free, 19MB/25MB, paused 172us total 280.125ms
02-23 09:19:47.928  3112  3133 I .gms.persisten: Background concurrent copying GC freed 28328(1067KB) AllocSpace objects, 114(5928KB) LOS objects, 23% free, 19MB/25MB, paused 138us total 278.481ms
02-23 09:19:52.573  3112  3133 I .gms.persisten: Background concurrent copying GC freed 29534(1092KB) AllocSpace objects, 116(6032KB) LOS objects, 23% free, 19MB/25MB, paused 129us total 274.860ms
02-23 09:19:57.198  3112  3133 I .gms.persisten: Background concurrent copying GC freed 28271(1065KB) AllocSpace objects, 114(5928KB) LOS objects, 23% free, 19MB/25MB, paused 125us total 272.962ms
02-23 09:20:01.817  3112  3133 I .gms.persisten: Background concurrent copying GC freed 28636(1079KB) AllocSpace objects, 116(6032KB) LOS objects, 23% free, 19MB/25MB, paused 128us total 274.411ms
02-23 09:20:08.869  3112  3133 I .gms.persisten: Background concurrent copying GC freed 29254(1089KB) AllocSpace objects, 114(5928KB) LOS objects, 23% free, 19MB/25MB, paused 152us total 281.153ms
02-23 09:20:15.613  3112 25324 D SharedPreferencesImpl: Time required to fsync /data/user/0/com.google.android.gms/shared_prefs/LogDropPref.xml: [<1: 0, <2: 0, <4: 24501, <8: 20459, <16: 1863, <32: 171, <64: 71, <128: 37, <256: 2, <512: 0, <1024: 0, <2048: 0, <4096: 0, <8192: 0, <16384: 0, >=16384: 0]
02-23 09:20:15.826  3112  3133 I .gms.persisten: Background concurrent copying GC freed 28652(1098KB) AllocSpace objects, 116(6032KB) LOS objects, 23% free, 19MB/25MB, paused 170us total 273.325ms
02-23 09:20:18.188  3112  3133 I .gms.persisten: Background concurrent copying GC freed 28330(1055KB) AllocSpace objects, 114(5928KB) LOS objects, 23% free, 19MB/25MB, paused 133us total 274.164ms
02-23 09:20:25.233  3112  3133 I .gms.persisten: Background concurrent copying GC freed 29001(1107KB) AllocSpace objects, 114(5928KB) LOS objects, 23% free, 19MB/25MB, paused 139us total 277.679ms
02-23 09:20:27.599  3112  3133 I .gms.persisten: Background concurrent copying GC freed 29094(1092KB) AllocSpace objects, 114(5928KB) LOS objects, 23% free, 19MB/25MB, paused 129us total 276.796ms
02-23 09:20:29.997  3112  3133 I .gms.persisten: Background concurrent copying GC freed 28301(1068KB) AllocSpace objects, 114(5928KB) LOS objects, 23% free, 19MB/25MB, paused 137us total 275.564ms
02-23 09:20:32.373  3112  3133 I .gms.persisten: Background concurrent copying GC freed 28275(1066KB) AllocSpace objects, 114(5928KB) LOS objects, 23% free, 19MB/25MB, paused 163us total 277.296ms
02-23 09:20:37.126  3112  3133 I .gms.persisten: Background concurrent copying GC freed 28633(1081KB) AllocSpace objects, 114(5928KB) LOS objects, 23% free, 19MB/25MB, paused 196us total 276.885ms
02-23 09:20:39.495  3112  3133 I .gms.persisten: Background concurrent copying GC freed 28319(1070KB) AllocSpace objects, 116(6032KB) LOS objects, 23% free, 19MB/25MB, paused 133us total 277.601ms
02-23 09:20:41.902  3112  3133 I .gms.persisten: Background concurrent copying GC freed 29062(1082KB) AllocSpace objects, 116(6032KB) LOS objects, 23% free, 19MB/25MB, paused 158us total 276.500ms
02-23 09:20:44.277  3112  3133 I .gms.persisten: Background concurrent copying GC freed 29420(1103KB) AllocSpace objects, 114(5928KB) LOS objects, 23% free, 19MB/25MB, paused 138us total 271.161ms
02-23 09:20:51.451  3112  3133 I .gms.persisten: Background concurrent copying GC freed 28726(1066KB) AllocSpace objects, 116(6032KB) LOS objects, 23% free, 19MB/25MB, paused 146us total 275.773ms
02-23 09:20:53.855  3112  3133 I .gms.persisten: Background concurrent copying GC freed 28283(1067KB) AllocSpace objects, 114(5928KB) LOS objects, 23% free, 19MB/25MB, paused 130us total 276.801ms
02-23 09:20:56.238  3112  3133 I .gms.persisten: Background concurrent copying GC freed 28231(1067KB) AllocSpace objects, 114(5928KB) LOS objects, 23% free, 19MB/25MB, paused 139us total 276.923ms
02-23 09:20:58.649  3112  3133 I .gms.persisten: Background concurrent copying GC freed 28608(1076KB) AllocSpace objects, 114(5928KB) LOS objects, 23% free, 19MB/25MB, paused 133us total 281.322ms
02-23 09:20:59.663  3112 25324 D SharedPreferencesImpl: Time required to fsync /data/user/0/com.google.android.gms/shared_prefs/LogDropPref.xml: [<1: 0, <2: 0, <4: 25014, <8: 20936, <16: 1894, <32: 172, <64: 73, <128: 37, <256: 2, <512: 0, <1024: 0, <2048: 0, <4096: 0, <8192: 0, <16384: 0, >=16384: 0]
02-23 09:21:03.400  3112  3133 I .gms.persisten: Background concurrent copying GC freed 28686(1067KB) AllocSpace objects, 116(6032KB) LOS objects, 23% free, 19MB/25MB, paused 159us total 274.630ms
02-23 09:21:05.823  3112  3133 I .gms.persisten: Background concurrent copying GC freed 28356(1070KB) AllocSpace objects, 114(5928KB) LOS objects, 23% free, 19MB/25MB, paused 148us total 273.515ms
02-23 09:21:10.695  3112  3133 I .gms.persisten: Background concurrent copying GC freed 28746(1067KB) AllocSpace objects, 116(6032KB) LOS objects, 23% free, 19MB/25MB, paused 140us total 279.967ms
02-23 09:21:15.511  3112  3133 I .gms.persisten: Background concurrent copying GC freed 27794(1052KB) AllocSpace objects, 112(5824KB) LOS objects, 23% free, 19MB/25MB, paused 134us total 272.564ms
02-23 09:21:17.935  3112  3133 I .gms.persisten: Background concurrent copying GC freed 28640(1076KB) AllocSpace objects, 114(5928KB) LOS objects, 23% free, 19MB/25MB, paused 128us total 274.776ms
02-23 09:21:22.750  3112  3133 I .gms.persisten: Background concurrent copying GC freed 28362(1069KB) AllocSpace objects, 114(5928KB) LOS objects, 23% free, 19MB/25MB, paused 136us total 282.462ms
02-23 09:21:25.149  3112  3133 I .gms.persisten: Background concurrent copying GC freed 30183(1138KB) AllocSpace objects, 114(5928KB) LOS objects, 23% free, 19MB/25MB, paused 138us total 279.245ms
02-23 09:21:27.566  3112  3133 I .gms.persisten: Background concurrent copying GC freed 27591(1043KB) AllocSpace objects, 114(5928KB) LOS objects, 23% free, 19MB/25MB, paused 132us total 275.182ms
02-23 09:21:30.060  3112  3133 I .gms.persisten: Background concurrent copying GC freed 28255(1067KB) AllocSpace objects, 114(5928KB) LOS objects, 23% free, 19MB/25MB, paused 133us total 272.845ms
02-23 09:21:32.513  3112  3133 I .gms.persisten: Background concurrent copying GC freed 28243(1052KB) AllocSpace objects, 114(5928KB) LOS objects, 23% free, 19MB/25MB, paused 130us total 272.224ms
02-23 09:21:37.315  3112  3133 I .gms.persisten: Background concurrent copying GC freed 28620(1077KB) AllocSpace objects, 114(5928KB) LOS objects, 23% free, 19MB/25MB, paused 130us total 274.245ms
02-23 09:21:39.775  3112  3133 I .gms.persisten: Background concurrent copying GC freed 28148(1050KB) AllocSpace objects, 114(5928KB) LOS objects, 23% free, 19MB/25MB, paused 158us total 271.797ms
02-23 09:21:42.258  3112  3133 I .gms.persisten: Background concurrent copying GC freed 28341(1068KB) AllocSpace objects, 114(5928KB) LOS objects, 23% free, 19MB/25MB, paused 129us total 274.934ms
02-23 09:21:44.754  3112 18687 D SharedPreferencesImpl: Time required to fsync /data/user/0/com.google.android.gms/shared_prefs/LogDropPref.xml: [<1: 0, <2: 0, <4: 25528, <8: 21413, <16: 1925, <32: 172, <64: 73, <128: 39, <256: 2, <512: 0, <1024: 0, <2048: 0, <4096: 0, <8192: 0, <16384: 0, >=16384: 0]
02-23 09:21:44.759  3112  3133 I .gms.persisten: Background concurrent copying GC freed 28283(1066KB) AllocSpace objects, 114(5928KB) LOS objects, 23% free, 19MB/25MB, paused 124us total 274.952ms
02-23 09:21:47.225  3112  3133 I .gms.persisten: Background concurrent copying GC freed 28275(1066KB) AllocSpace objects, 114(5928KB) LOS objects, 23% free, 19MB/25MB, paused 130us total 279.453ms
02-23 09:21:49.687  3112  3133 I .gms.persisten: Background concurrent copying GC freed 28227(1052KB) AllocSpace objects, 114(5928KB) LOS objects, 23% free, 19MB/25MB, paused 176us total 272.855ms
02-23 09:21:52.185  3112  3133 I .gms.persisten: Background concurrent copying GC freed 28270(1066KB) AllocSpace objects, 114(5928KB) LOS objects, 23% free, 19MB/25MB, paused 127us total 274.085ms
02-23 09:21:54.637  3112  3133 I .gms.persisten: Background concurrent copying GC freed 28780(1090KB) AllocSpace objects, 114(5928KB) LOS objects, 23% free, 19MB/25MB, paused 146us total 272.013ms
02-23 09:21:57.105  3112  3133 I .gms.persisten: Background concurrent copying GC freed 29102(1080KB) AllocSpace objects, 114(5928KB) LOS objects, 23% free, 19MB/25MB, paused 148us total 270.701ms
02-23 09:21:59.596  3112  3133 I .gms.persisten: Background concurrent copying GC freed 28356(1070KB) AllocSpace objects, 114(5928KB) LOS objects, 23% free, 19MB/25MB, paused 132us total 275.647ms
02-23 09:22:02.078  3112  3133 I .gms.persisten: Background concurrent copying GC freed 28283(1066KB) AllocSpace objects, 114(5928KB) LOS objects, 23% free, 19MB/25MB, paused 118us total 274.654ms
02-23 09:22:04.551  3112  3133 I .gms.persisten: Background concurrent copying GC freed 28275(1067KB) AllocSpace objects, 114(5928KB) LOS objects, 23% free, 19MB/25MB, paused 125us total 276.694ms
02-23 09:22:07.020  3112  3133 I .gms.persisten: Background concurrent copying GC freed 28227(1067KB) AllocSpace objects, 114(5928KB) LOS objects, 23% free, 19MB/25MB, paused 137us total 276.140ms
02-23 09:22:09.509  3112  3133 I .gms.persisten: Background concurrent copying GC freed 28268(1066KB) AllocSpace objects, 114(5928KB) LOS objects, 23% free, 19MB/25MB, paused 134us total 278.276ms
02-23 09:22:12.014  3112  3133 I .gms.persisten: Background concurrent copying GC freed 28147(1066KB) AllocSpace objects, 114(5928KB) LOS objects, 23% free, 19MB/25MB, paused 160us total 277.821ms
02-23 09:22:14.509  3112  3133 I .gms.persisten: Background concurrent copying GC freed 28741(1065KB) AllocSpace objects, 114(5928KB) LOS objects, 23% free, 19MB/25MB, paused 127us total 273.886ms
02-23 09:22:17.025  3112  3133 I .gms.persisten: Background concurrent copying GC freed 29170(1095KB) AllocSpace objects, 114(5928KB) LOS objects, 23% free, 19MB/25MB, paused 177us total 276.132ms
02-23 09:22:22.012  3112  3133 I .gms.persisten: Background concurrent copying GC freed 28314(1069KB) AllocSpace objects, 114(5928KB) LOS objects, 23% free, 19MB/25MB, paused 131us total 273.969ms
02-23 09:22:24.501  3112  3133 I .gms.persisten: Background concurrent copying GC freed 28340(1065KB) AllocSpace objects, 114(5928KB) LOS objects, 23% free, 19MB/25MB, paused 275us total 273.467ms
02-23 09:22:31.042  3112 25324 D SharedPreferencesImpl: Time required to fsync /data/user/0/com.google.android.gms/shared_prefs/LogDropPref.xml: [<1: 0, <2: 0, <4: 26029, <8: 21906, <16: 1951, <32: 176, <64: 73, <128: 39, <256: 2, <512: 0, <1024: 0, <2048: 0, <4096: 0, <8192: 0, <16384: 0, >=16384: 0]
02-23 09:22:34.491  3112  3133 I .gms.persisten: Background concurrent copying GC freed 28307(1063KB) AllocSpace objects, 112(5824KB) LOS objects, 23% free, 19MB/25MB, paused 136us total 273.203ms
02-23 09:22:36.986  3112  3133 I .gms.persisten: Background concurrent copying GC freed 29090(1079KB) AllocSpace objects, 114(5928KB) LOS objects, 23% free, 19MB/25MB, paused 134us total 273.215ms
02-23 09:22:39.491  3112  3133 I .gms.persisten: Background concurrent copying GC freed 28201(1036KB) AllocSpace objects, 114(5928KB) LOS objects, 23% free, 19MB/25MB, paused 129us total 271.327ms
02-23 09:22:42.009  3112  3133 I .gms.persisten: Background concurrent copying GC freed 28312(1067KB) AllocSpace objects, 115(5948KB) LOS objects, 23% free, 19MB/25MB, paused 144us total 274.578ms
02-23 09:22:47.025  3112  3133 I .gms.persisten: Background concurrent copying GC freed 28151(1050KB) AllocSpace objects, 114(5928KB) LOS objects, 23% free, 19MB/25MB, paused 187us total 275.680ms
02-23 09:22:49.559  3112  3133 I .gms.persisten: Background concurrent copying GC freed 28321(1071KB) AllocSpace objects, 114(5928KB) LOS objects, 23% free, 19MB/25MB, paused 131us total 273.251ms
02-23 09:22:52.110  3112  3133 I .gms.persisten: Background concurrent copying GC freed 28235(1067KB) AllocSpace objects, 114(5928KB) LOS objects, 23% free, 19MB/25MB, paused 127us total 276.680ms
02-23 09:22:54.599  3112  3133 I .gms.persisten: Background concurrent copying GC freed 28873(1091KB) AllocSpace objects, 114(5928KB) LOS objects, 23% free, 19MB/25MB, paused 134us total 274.556ms
02-23 09:22:57.117  3112  3133 I .gms.persisten: Background concurrent copying GC freed 29147(1094KB) AllocSpace objects, 114(5928KB) LOS objects, 23% free, 19MB/25MB, paused 128us total 273.915ms
02-23 09:22:59.655  3112  3133 I .gms.persisten: Background concurrent copying GC freed 28285(1066KB) AllocSpace objects, 114(5928KB) LOS objects, 23% free, 19MB/25MB, paused 134us total 278.365ms
02-23 09:23:02.171  3112  3133 I .gms.persisten: Background concurrent copying GC freed 28275(1067KB) AllocSpace objects, 114(5928KB) LOS objects, 23% free, 19MB/25MB, paused 252us total 274.611ms
02-23 09:23:04.735  3112  3133 I .gms.persisten: Background concurrent copying GC freed 28275(1066KB) AllocSpace objects, 114(5928KB) LOS objects, 23% free, 19MB/25MB, paused 124us total 276.362ms
02-23 09:23:07.266  3112  3133 I .gms.persisten: Background concurrent copying GC freed 28227(1067KB) AllocSpace objects, 114(5928KB) LOS objects, 23% free, 19MB/25MB, paused 127us total 276.427ms
02-23 09:23:09.757  3112  3133 I .gms.persisten: Background concurrent copying GC freed 28227(1052KB) AllocSpace objects, 114(5928KB) LOS objects, 23% free, 19MB/25MB, paused 146us total 277.235ms
02-23 09:23:12.317  3112  3133 I .gms.persisten: Background concurrent copying GC freed 28602(1075KB) AllocSpace objects, 114(5928KB) LOS objects, 23% free, 19MB/25MB, paused 136us total 275.509ms
02-23 09:23:14.835  3112  3133 I .gms.persisten: Background concurrent copying GC freed 29005(1076KB) AllocSpace objects, 114(5928KB) LOS objects, 23% free, 19MB/25MB, paused 135us total 274.754ms
02-23 09:23:17.343  3112  3133 I .gms.persisten: Background concurrent copying GC freed 28249(1053KB) AllocSpace objects, 114(5928KB) LOS objects, 23% free, 19MB/25MB, paused 142us total 275.498ms
02-23 09:23:17.992  3112 18687 D SharedPreferencesImpl: Time required to fsync /data/user/0/com.google.android.gms/shared_prefs/LogDropPref.xml: [<1: 0, <2: 0, <4: 26532, <8: 22393, <16: 1984, <32: 177, <64: 73, <128: 39, <256: 2, <512: 0, <1024: 0, <2048: 0, <4096: 0, <8192: 0, <16384: 0, >=16384: 0]
02-23 09:23:22.445  3112  3133 I .gms.persisten: Background concurrent copying GC freed 28345(1068KB) AllocSpace objects, 114(5928KB) LOS objects, 23% free, 19MB/25MB, paused 126us total 274.623ms
02-23 09:23:24.970  3112  3133 I .gms.persisten: Background concurrent copying GC freed 28436(1082KB) AllocSpace objects, 114(5928KB) LOS objects, 23% free, 19MB/25MB, paused 138us total 273.402ms
02-23 09:23:27.540  3112  3133 I .gms.persisten: Background concurrent copying GC freed 28231(1052KB) AllocSpace objects, 114(5928KB) LOS objects, 23% free, 19MB/25MB, paused 135us total 275.474ms
02-23 09:23:30.095  3112  3133 I .gms.persisten: Background concurrent copying GC freed 28244(1052KB) AllocSpace objects, 114(5928KB) LOS objects, 23% free, 19MB/25MB, paused 134us total 273.380ms
02-23 09:23:32.643  3112  3133 I .gms.persisten: Background concurrent copying GC freed 28882(1083KB) AllocSpace objects, 114(5928KB) LOS objects, 23% free, 19MB/25MB, paused 140us total 275.823ms
02-23 09:23:35.228  3112  3133 I .gms.persisten: Background concurrent copying GC freed 29128(1093KB) AllocSpace objects, 114(5928KB) LOS objects, 23% free, 19MB/25MB, paused 132us total 274.637ms
02-23 09:23:37.771  3112  3133 I .gms.persisten: Background concurrent copying GC freed 28249(1068KB) AllocSpace objects, 114(5928KB) LOS objects, 23% free, 19MB/25MB, paused 136us total 274.400ms
02-23 09:23:40.355  3112  3133 I .gms.persisten: Background concurrent copying GC freed 28227(1052KB) AllocSpace objects, 114(5928KB) LOS objects, 23% free, 19MB/25MB, paused 156us total 274.097ms
02-23 09:23:42.971  3112  3133 I .gms.persisten: Background concurrent copying GC freed 28227(1067KB) AllocSpace objects, 114(5928KB) LOS objects, 23% free, 19MB/25MB, paused 122us total 276.996ms
02-23 09:23:48.103  3112  3133 I .gms.persisten: Background concurrent copying GC freed 27768(1052KB) AllocSpace objects, 112(5824KB) LOS objects, 23% free, 19MB/25MB, paused 136us total 274.555ms
02-23 09:23:50.713  3112  3133 I .gms.persisten: Background concurrent copying GC freed 28313(1067KB) AllocSpace objects, 114(5928KB) LOS objects, 23% free, 19MB/25MB, paused 147us total 272.131ms
02-23 09:23:53.324  3112  3133 I .gms.persisten: Background concurrent copying GC freed 28719(1078KB) AllocSpace objects, 114(5928KB) LOS objects, 23% free, 19MB/25MB, paused 139us total 276.092ms
02-23 09:23:58.483  3112  3133 I .gms.persisten: Background concurrent copying GC freed 28659(1083KB) AllocSpace objects, 114(5928KB) LOS objects, 23% free, 19MB/25MB, paused 142us total 273.121ms
02-23 09:24:01.083  3112  3133 I .gms.persisten: Background concurrent copying GC freed 28260(1053KB) AllocSpace objects, 116(6032KB) LOS objects, 23% free, 19MB/25MB, paused 323us total 278.212ms
02-23 09:24:06.061  3112 26619 D SharedPreferencesImpl: Time required to fsync /data/user/0/com.google.android.gms/shared_prefs/LogDropPref.xml: [<1: 0, <2: 0, <4: 26999, <8: 22916, <16: 2012, <32: 181, <64: 75, <128: 39, <256: 2, <512: 0, <1024: 0, <2048: 0, <4096: 0, <8192: 0, <16384: 0, >=16384: 0]
02-23 09:24:14.064  3112  3133 I .gms.persisten: Background concurrent copying GC freed 28960(1090KB) AllocSpace objects, 114(5928KB) LOS objects, 23% free, 19MB/25MB, paused 171us total 276.095ms
02-23 09:24:27.101  3112  3133 I .gms.persisten: Background concurrent copying GC freed 28339(1069KB) AllocSpace objects, 114(5928KB) LOS objects, 23% free, 19MB/25MB, paused 122us total 273.912ms
02-23 09:24:37.655  3112  3133 I .gms.persisten: Background concurrent copying GC freed 27870(1069KB) AllocSpace objects, 112(5824KB) LOS objects, 23% free, 19MB/25MB, paused 136us total 271.501ms
02-23 09:24:48.256  3112  3133 I .gms.persisten: Background concurrent copying GC freed 27289(1037KB) AllocSpace objects, 108(5616KB) LOS objects, 23% free, 19MB/25MB, paused 135us total 270.893ms
02-23 09:24:50.949  3112  3133 I .gms.persisten: Background concurrent copying GC freed 28389(1054KB) AllocSpace objects, 114(5928KB) LOS objects, 23% free, 19MB/25MB, paused 137us total 275.977ms
02-23 09:24:55.507  3112 25324 D SharedPreferencesImpl: Time required to fsync /data/user/0/com.google.android.gms/shared_prefs/LogDropPref.xml: [<1: 0, <2: 0, <4: 27413, <8: 23499, <16: 2037, <32: 181, <64: 77, <128: 39, <256: 2, <512: 0, <1024: 0, <2048: 0, <4096: 0, <8192: 0, <16384: 0, >=16384: 0]
02-23 09:24:58.942  3112  3133 I .gms.persisten: Background concurrent copying GC freed 28269(1053KB) AllocSpace objects, 114(5928KB) LOS objects, 23% free, 19MB/25MB, paused 150us total 274.338ms
02-23 09:25:25.744  3112  3133 I .gms.persisten: Background concurrent copying GC freed 27881(1053KB) AllocSpace objects, 110(5720KB) LOS objects, 23% free, 19MB/25MB, paused 128us total 273.650ms
02-23 09:25:33.906  3112  3133 I .gms.persisten: Background concurrent copying GC freed 28454(1060KB) AllocSpace objects, 110(5720KB) LOS objects, 23% free, 19MB/25MB, paused 550us total 274.352ms
02-23 09:25:46.316  3112 18687 D SharedPreferencesImpl: Time required to fsync /data/user/0/com.google.android.gms/shared_prefs/LogDropPref.xml: [<1: 0, <2: 0, <4: 27839, <8: 24071, <16: 2061, <32: 183, <64: 77, <128: 39, <256: 2, <512: 0, <1024: 0, <2048: 0, <4096: 0, <8192: 0, <16384: 0, >=16384: 0]
02-23 09:25:50.083  3112  3133 I .gms.persisten: Background concurrent copying GC freed 27331(1035KB) AllocSpace objects, 110(5720KB) LOS objects, 23% free, 19MB/25MB, paused 177us total 278.992ms
02-23 09:26:00.842  3112  3133 I .gms.persisten: Background concurrent copying GC freed 27314(1021KB) AllocSpace objects, 112(5824KB) LOS objects, 23% free, 19MB/25MB, paused 155us total 273.300ms
02-23 09:26:27.987  3112  3133 I .gms.persisten: Background concurrent copying GC freed 27769(1037KB) AllocSpace objects, 110(5720KB) LOS objects, 23% free, 19MB/25MB, paused 189us total 274.612ms
02-23 09:26:30.667  3112  3133 I .gms.persisten: Background concurrent copying GC freed 27991(1041KB) AllocSpace objects, 112(5824KB) LOS objects, 23% free, 19MB/25MB, paused 127us total 271.405ms
02-23 09:26:36.127  3112  3133 I .gms.persisten: Background concurrent copying GC freed 27300(1022KB) AllocSpace objects, 108(5616KB) LOS objects, 23% free, 19MB/25MB, paused 298us total 272.531ms
02-23 09:26:37.591  3112 18687 D SharedPreferencesImpl: Time required to fsync /data/user/0/com.google.android.gms/shared_prefs/LogDropPref.xml: [<1: 0, <2: 0, <4: 28240, <8: 24672, <16: 2079, <32: 184, <64: 80, <128: 39, <256: 2, <512: 0, <1024: 0, <2048: 0, <4096: 0, <8192: 0, <16384: 0, >=16384: 0]
02-23 09:26:38.888  3112  3133 I .gms.persisten: Background concurrent copying GC freed 27516(1031KB) AllocSpace objects, 110(5720KB) LOS objects, 23% free, 19MB/25MB, paused 674us total 273.545ms
02-23 09:27:00.584  3112  3133 I .gms.persisten: Background concurrent copying GC freed 27686(1036KB) AllocSpace objects, 110(5720KB) LOS objects, 23% free, 19MB/25MB, paused 133us total 273.172ms
02-23 09:27:14.171  3112  3133 I .gms.persisten: Background concurrent copying GC freed 28670(1092KB) AllocSpace objects, 116(6032KB) LOS objects, 23% free, 19MB/25MB, paused 133us total 283.437ms
02-23 09:27:16.910  3112  3133 I .gms.persisten: Background concurrent copying GC freed 28564(1062KB) AllocSpace objects, 110(5720KB) LOS objects, 23% free, 19MB/25MB, paused 157us total 272.646ms
02-23 09:27:22.395  3112  3133 I .gms.persisten: Background concurrent copying GC freed 27284(1037KB) AllocSpace objects, 108(5616KB) LOS objects, 23% free, 19MB/25MB, paused 310us total 273.859ms
02-23 09:27:25.147  3112  3133 I .gms.persisten: Background concurrent copying GC freed 27735(1045KB) AllocSpace objects, 112(5824KB) LOS objects, 23% free, 19MB/25MB, paused 186us total 271.859ms
02-23 09:27:27.911  3112  3133 I .gms.persisten: Background concurrent copying GC freed 27554(1013KB) AllocSpace objects, 112(5824KB) LOS objects, 23% free, 19MB/25MB, paused 176us total 269.787ms
02-23 09:27:30.675  3112  3133 I .gms.persisten: Background concurrent copying GC freed 27489(1044KB) AllocSpace objects, 111(5740KB) LOS objects, 23% free, 19MB/25MB, paused 128us total 273.771ms
02-23 09:27:33.443  3112  3133 I .gms.persisten: Background concurrent copying GC freed 27642(1033KB) AllocSpace objects, 112(5824KB) LOS objects, 23% free, 19MB/25MB, paused 147us total 272.837ms
02-23 09:27:47.085  3112  3133 I .gms.persisten: Background concurrent copying GC freed 28017(1050KB) AllocSpace objects, 112(5824KB) LOS objects, 23% free, 19MB/25MB, paused 171us total 274.106ms
02-23 09:27:49.865  3112  3133 I .gms.persisten: Background concurrent copying GC freed 27479(1031KB) AllocSpace objects, 110(5720KB) LOS objects, 23% free, 19MB/25MB, paused 172us total 274.471ms
02-23 09:27:58.067  3112  3133 I .gms.persisten: Background concurrent copying GC freed 27692(1036KB) AllocSpace objects, 110(5720KB) LOS objects, 23% free, 19MB/25MB, paused 392us total 275.703ms
02-23 09:28:00.831  3112  3133 I .gms.persisten: Background concurrent copying GC freed 27752(1038KB) AllocSpace objects, 110(5720KB) LOS objects, 23% free, 19MB/25MB, paused 154us total 274.872ms
02-23 09:28:09.058  3112  3133 I .gms.persisten: Background concurrent copying GC freed 27554(1031KB) AllocSpace objects, 114(5928KB) LOS objects, 23% free, 19MB/25MB, paused 260us total 274.589ms
02-23 09:28:11.827  3112  3133 I .gms.persisten: Background concurrent copying GC freed 27397(1030KB) AllocSpace objects, 110(5720KB) LOS objects, 23% free, 19MB/25MB, paused 128us total 271.291ms
02-23 09:28:14.620  3112  3133 I .gms.persisten: Background concurrent copying GC freed 27533(1034KB) AllocSpace objects, 110(5720KB) LOS objects, 23% free, 19MB/25MB, paused 141us total 271.275ms
02-23 09:28:17.403  3112  3133 I .gms.persisten: Background concurrent copying GC freed 27429(1031KB) AllocSpace objects, 110(5720KB) LOS objects, 23% free, 19MB/25MB, paused 159us total 270.950ms
02-23 09:28:21.404  3112 26619 D SharedPreferencesImpl: Time required to fsync /data/user/0/com.google.android.gms/shared_prefs/LogDropPref.xml: [<1: 0, <2: 0, <4: 29064, <8: 25850, <16: 2122, <32: 185, <64: 82, <128: 39, <256: 2, <512: 0, <1024: 0, <2048: 0, <4096: 0, <8192: 0, <16384: 0, >=16384: 0]
02-23 09:28:22.960  3112  3133 I .gms.persisten: Background concurrent copying GC freed 28111(1046KB) AllocSpace objects, 110(5720KB) LOS objects, 23% free, 19MB/25MB, paused 286us total 274.102ms
02-23 09:28:25.721  3112  3133 I .gms.persisten: Background concurrent copying GC freed 28371(1071KB) AllocSpace objects, 110(5720KB) LOS objects, 23% free, 19MB/25MB, paused 170us total 272.375ms
02-23 09:28:28.480  3112  3133 I .gms.persisten: Background concurrent copying GC freed 27660(1032KB) AllocSpace objects, 112(5824KB) LOS objects, 23% free, 19MB/25MB, paused 150us total 274.461ms
02-23 09:28:31.244  3112  3133 I .gms.persisten: Background concurrent copying GC freed 27723(1036KB) AllocSpace objects, 112(5824KB) LOS objects, 23% free, 19MB/25MB, paused 185us total 277.195ms
02-23 09:28:42.288  3112  3133 I .gms.persisten: Background concurrent copying GC freed 27741(1029KB) AllocSpace objects, 110(5720KB) LOS objects, 23% free, 19MB/25MB, paused 138us total 275.766ms
02-23 09:28:45.036  3112  3133 I .gms.persisten: Background concurrent copying GC freed 28510(1060KB) AllocSpace objects, 110(5720KB) LOS objects, 23% free, 19MB/25MB, paused 606us total 274.765ms
02-23 09:28:50.558  3112  3133 I .gms.persisten: Background concurrent copying GC freed 27354(1020KB) AllocSpace objects, 110(5720KB) LOS objects, 23% free, 19MB/25MB, paused 195us total 277.194ms
02-23 09:28:58.827  3112  3133 I .gms.persisten: Background concurrent copying GC freed 27622(1044KB) AllocSpace objects, 112(5824KB) LOS objects, 23% free, 19MB/25MB, paused 166us total 274.297ms
02-23 09:29:07.175  3112  3133 I .gms.persisten: Background concurrent copying GC freed 28822(1076KB) AllocSpace objects, 112(5824KB) LOS objects, 23% free, 19MB/25MB, paused 161us total 272.940ms
02-23 09:29:13.805  3112 18687 D SharedPreferencesImpl: Time required to fsync /data/user/0/com.google.android.gms/shared_prefs/LogDropPref.xml: [<1: 0, <2: 0, <4: 29479, <8: 26436, <16: 2145, <32: 185, <64: 82, <128: 39, <256: 2, <512: 0, <1024: 0, <2048: 0, <4096: 0, <8192: 0, <16384: 0, >=16384: 0]
02-23 09:29:15.505  3112  3133 I .gms.persisten: Background concurrent copying GC freed 27545(1033KB) AllocSpace objects, 110(5720KB) LOS objects, 23% free, 19MB/25MB, paused 262us total 271.720ms
02-23 09:29:21.056  3112  3133 I .gms.persisten: Background concurrent copying GC freed 27688(1036KB) AllocSpace objects, 110(5720KB) LOS objects, 23% free, 19MB/25MB, paused 294us total 273.507ms
02-23 09:29:26.599  3112  3133 I .gms.persisten: Background concurrent copying GC freed 28145(1046KB) AllocSpace objects, 110(5720KB) LOS objects, 23% free, 19MB/25MB, paused 173us total 272.604ms
02-23 09:29:29.403  3112  3133 I .gms.persisten: Background concurrent copying GC freed 28180(1055KB) AllocSpace objects, 110(5720KB) LOS objects, 23% free, 19MB/25MB, paused 157us total 271.250ms
02-23 09:29:37.739  3112  3133 I .gms.persisten: Background concurrent copying GC freed 27864(1053KB) AllocSpace objects, 112(5824KB) LOS objects, 23% free, 19MB/25MB, paused 135us total 272.447ms
02-23 09:29:40.561  3112  3133 I .gms.persisten: Background concurrent copying GC freed 27513(1032KB) AllocSpace objects, 110(5720KB) LOS objects, 23% free, 19MB/25MB, paused 155us total 273.050ms
02-23 09:29:48.938  3112  3133 I .gms.persisten: Background concurrent copying GC freed 28353(1058KB) AllocSpace objects, 110(5720KB) LOS objects, 23% free, 19MB/25MB, paused 183us total 271.870ms
02-23 09:29:50.192  3112  3133 I .gms.persisten: Background young concurrent copying GC freed 28488(1447KB) AllocSpace objects, 92(4784KB) LOS objects, 21% free, 20MB/25MB, paused 255us total 123.585ms
02-23 09:29:50.219  3112  5029 I NetworkScheduler.Stats: Task com.google.android.gms/com.google.android.gms.ipa.base.IpaGcmTaskService started execution. cause:14 exec_start_elapsed_seconds: 150081 [CONTEXT service_id=218 ]
02-23 09:29:50.330  3112  5029 I NetworkScheduler.Stats: Task com.google.android.gms/com.google.android.gms.ipa.base.IpaGcmTaskService finished executing. cause:14 result: 1 elapsed_millis: 223 uptime_millis: 223 exec_start_elapsed_seconds: 150081 [CONTEXT service_id=218 ]
02-23 09:29:50.577  3112  5029 I NetworkScheduler.Stats: Task com.google.android.gms/com.google.android.gms.semanticlocationhistory.geller.GellerCleanupService started execution. cause:5 exec_start_elapsed_seconds: 150082 [CONTEXT service_id=218 ]
02-23 09:29:50.730  3112  5018 I NetworkScheduler.Stats: Task com.google.android.gms/com.google.android.gms.security.snet.SnetIdleTaskService finished executing. cause:5 result: 1 elapsed_millis: 92 uptime_millis: 92 exec_start_elapsed_seconds: 150082 [CONTEXT service_id=218 ]
02-23 09:29:50.948  3112  4998 E WorkSourceUtil: Could not find package: com.google.android.gms.westworld
02-23 09:29:53.156  3112  5018 E NetworkScheduler.TED: Unable to bind to task service: ComponentInfo{com.google.android.gms/com.google.android.gms.semanticlocationhistory.federated.FederatedTaskIdentityDataService}
02-23 09:29:53.474   611   717 I libPowerHal: [perfNotifyAppState] pack:com.google.android.gms, pid:3112, STATE_DEAD
02-23 09:29:53.492  1447  1474 E _V_VivoVibratorServiceImpl: onProcessDied pid: 3112,uid: 10164
02-23 09:59:57.765   921   998 E android.hardware.sensors@2.0-service-mediatek: akm_log setv_mag(uT) 2.400000, -9.000000, -104.400002  ts 151889311265 
