02-23 09:11:57.017  3112  3133 I .gms.persisten: Background concurrent copying GC freed 31790(1154KB) AllocSpace objects, 126(6552KB) LOS objects, 23% free, 19MB/25MB, paused 141us total 275.969ms
02-23 09:12:04.495  3112 26619 D SharedPreferencesImpl: Time required to fsync /data/user/0/com.google.android.gms/shared_prefs/LogDropPref.xml: [<1: 0, <2: 0, <4: 16225, <8: 14203, <16: 1160, <32: 90, <64: 42, <128: 23, <256: 1, <512: 0, <1024: 0, <2048: 0, <4096: 0, <8192: 0, <16384: 0, >=16384: 0]
02-23 09:12:08.126  3112  3133 I .gms.persisten: Background concurrent copying GC freed 31863(1171KB) AllocSpace objects, 126(6552KB) LOS objects, 23% free, 19MB/25MB, paused 151us total 274.950ms
02-23 09:12:09.707  3112  3133 I .gms.persisten: Background concurrent copying GC freed 31138(1149KB) AllocSpace objects, 124(6448KB) LOS objects, 23% free, 19MB/25MB, paused 154us total 275.853ms
02-23 09:12:24.042  3112  3133 I .gms.persisten: Background concurrent copying GC freed 30997(1148KB) AllocSpace objects, 124(6448KB) LOS objects, 23% free, 19MB/25MB, paused 172us total 278.408ms
02-23 09:12:27.225  3112  3133 I .gms.persisten: Background concurrent copying GC freed 31528(1174KB) AllocSpace objects, 126(6552KB) LOS objects, 23% free, 19MB/25MB, paused 145us total 276.581ms
02-23 09:12:31.824  3112 28676 D SharedPreferencesImpl: Time required to fsync /data/user/0/com.google.android.gms/shared_prefs/LogDropPref.xml: [<1: 0, <2: 0, <4: 16780, <8: 14614, <16: 1218, <32: 90, <64: 42, <128: 23, <256: 1, <512: 0, <1024: 0, <2048: 0, <4096: 0, <8192: 0, <16384: 0, >=16384: 0]
02-23 09:12:41.558  3112  3133 I .gms.persisten: Background concurrent copying GC freed 31146(1149KB) AllocSpace objects, 126(6552KB) LOS objects, 23% free, 19MB/25MB, paused 209us total 278.017ms
02-23 09:12:54.452  3112  3133 I .gms.persisten: Background concurrent copying GC freed 30663(1135KB) AllocSpace objects, 124(6448KB) LOS objects, 23% free, 19MB/25MB, paused 161us total 277.815ms
02-23 09:12:59.292  3112  3133 I .gms.persisten: Background concurrent copying GC freed 31793(1169KB) AllocSpace objects, 126(6552KB) LOS objects, 23% free, 19MB/25MB, paused 168us total 275.890ms
02-23 09:12:59.446  3112 25324 D SharedPreferencesImpl: Time required to fsync /data/user/0/com.google.android.gms/shared_prefs/LogDropPref.xml: [<1: 0, <2: 0, <4: 17328, <8: 15043, <16: 1264, <32: 91, <64: 42, <128: 23, <256: 1, <512: 0, <1024: 0, <2048: 0, <4096: 0, <8192: 0, <16384: 0, >=16384: 0]
02-23 09:13:02.503  3112  3133 I .gms.persisten: Background concurrent copying GC freed 30199(1116KB) AllocSpace objects, 122(6344KB) LOS objects, 23% free, 19MB/25MB, paused 146us total 278.030ms
02-23 09:13:08.947  3112  3133 I .gms.persisten: Background concurrent copying GC freed 30424(1123KB) AllocSpace objects, 120(6240KB) LOS objects, 23% free, 19MB/25MB, paused 128us total 274.975ms
02-23 09:13:10.560  3112  3133 I .gms.persisten: Background concurrent copying GC freed 31869(1172KB) AllocSpace objects, 128(6656KB) LOS objects, 23% free, 19MB/25MB, paused 168us total 276.870ms
02-23 09:13:12.183  3112  3133 I .gms.persisten: Background concurrent copying GC freed 31104(1150KB) AllocSpace objects, 126(6552KB) LOS objects, 23% free, 19MB/25MB, paused 157us total 277.572ms
02-23 09:13:17.037  3112  3133 I .gms.persisten: Background concurrent copying GC freed 30746(1136KB) AllocSpace objects, 124(6448KB) LOS objects, 23% free, 19MB/25MB, paused 243us total 277.721ms
02-23 09:13:23.518  3112  3133 I .gms.persisten: Background concurrent copying GC freed 30665(1134KB) AllocSpace objects, 124(6448KB) LOS objects, 23% free, 19MB/25MB, paused 161us total 277.476ms
02-23 09:13:26.766  3112  3133 I .gms.persisten: Background concurrent copying GC freed 30678(1150KB) AllocSpace objects, 124(6448KB) LOS objects, 23% free, 19MB/25MB, paused 156us total 277.076ms
02-23 09:13:27.428  3112 25324 D SharedPreferencesImpl: Time required to fsync /data/user/0/com.google.android.gms/shared_prefs/LogDropPref.xml: [<1: 0, <2: 0, <4: 17910, <8: 15440, <16: 1305, <32: 95, <64: 42, <128: 23, <256: 1, <512: 0, <1024: 0, <2048: 0, <4096: 0, <8192: 0, <16384: 0, >=16384: 0]
02-23 09:13:49.684  3112  3133 I .gms.persisten: Background concurrent copying GC freed 45987(1656KB) AllocSpace objects, 126(6552KB) LOS objects, 23% free, 19MB/25MB, paused 150us total 279.228ms
02-23 09:13:55.894  3112 26619 D SharedPreferencesImpl: Time required to fsync /data/user/0/com.google.android.gms/shared_prefs/LogDropPref.xml: [<1: 0, <2: 0, <4: 18492, <8: 15823, <16: 1363, <32: 96, <64: 42, <128: 23, <256: 1, <512: 0, <1024: 0, <2048: 0, <4096: 0, <8192: 0, <16384: 0, >=16384: 0]
02-23 09:14:07.851  3112  3133 I .gms.persisten: Background concurrent copying GC freed 31125(1144KB) AllocSpace objects, 124(6448KB) LOS objects, 23% free, 19MB/25MB, paused 135us total 278.298ms
02-23 09:14:21.097  3112  3133 I .gms.persisten: Background concurrent copying GC freed 30223(1117KB) AllocSpace objects, 122(6344KB) LOS objects, 23% free, 19MB/25MB, paused 432us total 279.501ms
02-23 09:14:22.745  3112  3133 I .gms.persisten: Background concurrent copying GC freed 30134(1115KB) AllocSpace objects, 122(6344KB) LOS objects, 23% free, 19MB/25MB, paused 167us total 281.112ms
02-23 09:14:24.628  3112 28676 D SharedPreferencesImpl: Time required to fsync /data/user/0/com.google.android.gms/shared_prefs/LogDropPref.xml: [<1: 0, <2: 0, <4: 19032, <8: 16258, <16: 1402, <32: 105, <64: 43, <128: 23, <256: 1, <512: 0, <1024: 0, <2048: 0, <4096: 0, <8192: 0, <16384: 0, >=16384: 0]
02-23 09:14:27.733  3112  3133 I .gms.persisten: Background concurrent copying GC freed 30204(1117KB) AllocSpace objects, 122(6344KB) LOS objects, 23% free, 19MB/25MB, paused 123us total 278.667ms
02-23 09:14:29.409  3112  3133 I .gms.persisten: Background concurrent copying GC freed 30801(1142KB) AllocSpace objects, 122(6344KB) LOS objects, 23% free, 19MB/25MB, paused 148us total 284.714ms
02-23 09:14:36.066  3112  3133 I .gms.persisten: Background concurrent copying GC freed 30190(1115KB) AllocSpace objects, 122(6344KB) LOS objects, 23% free, 19MB/25MB, paused 139us total 278.605ms
02-23 09:14:39.441  3112  3133 I .gms.persisten: Background concurrent copying GC freed 30393(1124KB) AllocSpace objects, 122(6344KB) LOS objects, 23% free, 19MB/25MB, paused 156us total 280.424ms
02-23 09:14:42.792  3112  3133 I .gms.persisten: Background concurrent copying GC freed 30440(1121KB) AllocSpace objects, 122(6344KB) LOS objects, 23% free, 19MB/25MB, paused 121us total 277.919ms
02-23 09:14:52.917  3112  3133 I .gms.persisten: Background concurrent copying GC freed 30839(1136KB) AllocSpace objects, 122(6344KB) LOS objects, 23% free, 19MB/25MB, paused 197us total 285.376ms
02-23 09:14:53.873  3112 25324 D SharedPreferencesImpl: Time required to fsync /data/user/0/com.google.android.gms/shared_prefs/LogDropPref.xml: [<1: 0, <2: 0, <4: 19568, <8: 16687, <16: 1454, <32: 110, <64: 43, <128: 25, <256: 1, <512: 0, <1024: 0, <2048: 0, <4096: 0, <8192: 0, <16384: 0, >=16384: 0]
02-23 09:14:59.705  3112  3133 I .gms.persisten: Background concurrent copying GC freed 30395(1132KB) AllocSpace objects, 122(6344KB) LOS objects, 23% free, 19MB/25MB, paused 137us total 274.518ms
02-23 09:15:03.140  3112  3133 I .gms.persisten: Background concurrent copying GC freed 29681(1101KB) AllocSpace objects, 120(6240KB) LOS objects, 23% free, 19MB/25MB, paused 160us total 275.802ms
02-23 09:15:15.157  3112  3133 I .gms.persisten: Background concurrent copying GC freed 30125(1102KB) AllocSpace objects, 122(6344KB) LOS objects, 23% free, 19MB/25MB, paused 145us total 277.709ms
02-23 09:15:16.873  3112  3133 I .gms.persisten: Background concurrent copying GC freed 30961(1158KB) AllocSpace objects, 124(6448KB) LOS objects, 23% free, 19MB/25MB, paused 192us total 278.259ms
02-23 09:15:18.586  3112  3133 I .gms.persisten: Background concurrent copying GC freed 30438(1127KB) AllocSpace objects, 120(6240KB) LOS objects, 23% free, 19MB/25MB, paused 147us total 275.891ms
02-23 09:15:23.759  3112  3133 I .gms.persisten: Background concurrent copying GC freed 29710(1117KB) AllocSpace objects, 120(6240KB) LOS objects, 23% free, 19MB/25MB, paused 176us total 276.727ms
02-23 09:15:23.985  3112 26619 D SharedPreferencesImpl: Time required to fsync /data/user/0/com.google.android.gms/shared_prefs/LogDropPref.xml: [<1: 0, <2: 0, <4: 20118, <8: 17117, <16: 1497, <32: 110, <64: 44, <128: 25, <256: 1, <512: 0, <1024: 0, <2048: 0, <4096: 0, <8192: 0, <16384: 0, >=16384: 0]
02-23 09:15:27.214  3112  3133 I .gms.persisten: Background concurrent copying GC freed 30412(1130KB) AllocSpace objects, 122(6344KB) LOS objects, 23% free, 19MB/25MB, paused 178us total 280.555ms
02-23 09:15:30.669  3112  3133 I .gms.persisten: Background concurrent copying GC freed 30665(1128KB) AllocSpace objects, 120(6240KB) LOS objects, 23% free, 19MB/25MB, paused 242us total 275.817ms
02-23 09:15:42.763  3112  3133 I .gms.persisten: Background concurrent copying GC freed 30487(1142KB) AllocSpace objects, 120(6240KB) LOS objects, 23% free, 19MB/25MB, paused 219us total 272.561ms
02-23 09:15:44.491  3112  3133 I .gms.persisten: Background concurrent copying GC freed 29572(1097KB) AllocSpace objects, 120(6240KB) LOS objects, 23% free, 19MB/25MB, paused 158us total 273.160ms
02-23 09:15:46.234  3112  3133 I .gms.persisten: Background concurrent copying GC freed 29874(1111KB) AllocSpace objects, 120(6240KB) LOS objects, 23% free, 19MB/25MB, paused 301us total 274.721ms
02-23 09:15:47.993  3112  3133 I .gms.persisten: Background concurrent copying GC freed 30141(1115KB) AllocSpace objects, 120(6240KB) LOS objects, 23% free, 19MB/25MB, paused 362us total 278.439ms
02-23 09:15:51.466  3112  3133 I .gms.persisten: Background concurrent copying GC freed 29535(1095KB) AllocSpace objects, 120(6240KB) LOS objects, 23% free, 19MB/25MB, paused 164us total 275.896ms
02-23 09:15:54.567  3112 28676 D SharedPreferencesImpl: Time required to fsync /data/user/0/com.google.android.gms/shared_prefs/LogDropPref.xml: [<1: 0, <2: 0, <4: 20682, <8: 17526, <16: 1545, <32: 111, <64: 46, <128: 25, <256: 1, <512: 0, <1024: 0, <2048: 0, <4096: 0, <8192: 0, <16384: 0, >=16384: 0]
02-23 09:15:56.695  3112  3133 I .gms.persisten: Background concurrent copying GC freed 29595(1095KB) AllocSpace objects, 120(6240KB) LOS objects, 23% free, 19MB/25MB, paused 146us total 278.630ms
02-23 09:15:58.434  3112  3133 I .gms.persisten: Background concurrent copying GC freed 29674(1101KB) AllocSpace objects, 118(6136KB) LOS objects, 23% free, 19MB/25MB, paused 180us total 274.532ms
02-23 09:16:00.173  3112  3133 I .gms.persisten: Background concurrent copying GC freed 29565(1096KB) AllocSpace objects, 120(6240KB) LOS objects, 23% free, 19MB/25MB, paused 183us total 278.020ms
02-23 09:16:01.923  3112  3133 I .gms.persisten: Background concurrent copying GC freed 29637(1099KB) AllocSpace objects, 120(6240KB) LOS objects, 23% free, 19MB/25MB, paused 252us total 277.324ms
02-23 09:16:07.146  3112  3133 I .gms.persisten: Background concurrent copying GC freed 30421(1127KB) AllocSpace objects, 118(6136KB) LOS objects, 23% free, 19MB/25MB, paused 127us total 273.621ms
02-23 09:16:10.631  3112  3133 I .gms.persisten: Background concurrent copying GC freed 29703(1101KB) AllocSpace objects, 120(6240KB) LOS objects, 23% free, 19MB/25MB, paused 182us total 277.178ms
02-23 09:16:12.389  3112  3133 I .gms.persisten: Background concurrent copying GC freed 30103(1116KB) AllocSpace objects, 120(6240KB) LOS objects, 23% free, 19MB/25MB, paused 212us total 276.756ms
02-23 09:16:14.139  3112  3133 I .gms.persisten: Background concurrent copying GC freed 30132(1117KB) AllocSpace objects, 122(6344KB) LOS objects, 23% free, 19MB/25MB, paused 150us total 277.213ms
02-23 09:16:19.394  3112  3133 I .gms.persisten: Background concurrent copying GC freed 29774(1109KB) AllocSpace objects, 120(6240KB) LOS objects, 23% free, 19MB/25MB, paused 128us total 277.333ms
02-23 09:16:21.155  3112  3133 I .gms.persisten: Background concurrent copying GC freed 29693(1109KB) AllocSpace objects, 118(6136KB) LOS objects, 23% free, 19MB/25MB, paused 187us total 276.268ms
02-23 09:16:22.926  3112  3133 I .gms.persisten: Background concurrent copying GC freed 29581(1098KB) AllocSpace objects, 118(6136KB) LOS objects, 23% free, 19MB/25MB, paused 166us total 276.065ms
02-23 09:16:24.684  3112  3133 I .gms.persisten: Background concurrent copying GC freed 29932(1112KB) AllocSpace objects, 120(6240KB) LOS objects, 23% free, 19MB/25MB, paused 206us total 277.326ms
02-23 09:16:25.473  3112 28676 D SharedPreferencesImpl: Time required to fsync /data/user/0/com.google.android.gms/shared_prefs/LogDropPref.xml: [<1: 0, <2: 0, <4: 21207, <8: 17970, <16: 1597, <32: 114, <64: 46, <128: 25, <256: 1, <512: 0, <1024: 0, <2048: 0, <4096: 0, <8192: 0, <16384: 0, >=16384: 0]
02-23 09:16:26.440  3112  3133 I .gms.persisten: Background concurrent copying GC freed 29463(1100KB) AllocSpace objects, 118(6136KB) LOS objects, 23% free, 19MB/25MB, paused 151us total 277.141ms
02-23 09:16:28.183  3112  3133 I .gms.persisten: Background concurrent copying GC freed 30495(1125KB) AllocSpace objects, 120(6240KB) LOS objects, 23% free, 19MB/25MB, paused 286us total 277.086ms
02-23 09:16:29.916  3112  3133 I .gms.persisten: Background concurrent copying GC freed 30587(1135KB) AllocSpace objects, 118(6136KB) LOS objects, 23% free, 19MB/25MB, paused 278us total 274.003ms
02-23 09:16:31.678  3112  3133 I .gms.persisten: Background concurrent copying GC freed 29397(1097KB) AllocSpace objects, 118(6136KB) LOS objects, 23% free, 19MB/25MB, paused 157us total 275.653ms
02-23 09:16:33.428  3112  3133 I .gms.persisten: Background concurrent copying GC freed 29945(1111KB) AllocSpace objects, 122(6344KB) LOS objects, 23% free, 19MB/25MB, paused 158us total 276.512ms
02-23 09:16:35.200  3112  3133 I .gms.persisten: Background concurrent copying GC freed 30143(1116KB) AllocSpace objects, 120(6240KB) LOS objects, 23% free, 19MB/25MB, paused 190us total 279.167ms
02-23 09:16:36.948  3112  3133 I .gms.persisten: Background concurrent copying GC freed 29737(1102KB) AllocSpace objects, 120(6240KB) LOS objects, 23% free, 19MB/25MB, paused 168us total 279.405ms
02-23 09:16:38.709  3112  3133 I .gms.persisten: Background concurrent copying GC freed 29776(1109KB) AllocSpace objects, 120(6240KB) LOS objects, 23% free, 19MB/25MB, paused 159us total 278.023ms
02-23 09:16:40.456  3112  3133 I .gms.persisten: Background concurrent copying GC freed 29904(1126KB) AllocSpace objects, 118(6136KB) LOS objects, 23% free, 19MB/25MB, paused 349us total 285.111ms
02-23 09:16:42.216  3112  3133 I .gms.persisten: Background concurrent copying GC freed 29722(1105KB) AllocSpace objects, 118(6136KB) LOS objects, 23% free, 19MB/25MB, paused 181us total 275.603ms
02-23 09:16:43.966  3112  3133 I .gms.persisten: Background concurrent copying GC freed 30781(1141KB) AllocSpace objects, 120(6240KB) LOS objects, 23% free, 19MB/25MB, paused 186us total 275.429ms
02-23 09:16:45.718  3112  3133 I .gms.persisten: Background concurrent copying GC freed 29653(1101KB) AllocSpace objects, 118(6136KB) LOS objects, 23% free, 19MB/25MB, paused 160us total 276.525ms
02-23 09:16:49.258  3112  3133 I .gms.persisten: Background concurrent copying GC freed 30309(1145KB) AllocSpace objects, 122(6344KB) LOS objects, 23% free, 19MB/25MB, paused 153us total 276.538ms
02-23 09:16:51.020  3112  3133 I .gms.persisten: Background concurrent copying GC freed 30011(1115KB) AllocSpace objects, 120(6240KB) LOS objects, 23% free, 19MB/25MB, paused 204us total 276.656ms
02-23 09:16:54.541  3112  3133 I .gms.persisten: Background concurrent copying GC freed 29982(1120KB) AllocSpace objects, 120(6240KB) LOS objects, 23% free, 19MB/25MB, paused 181us total 278.535ms
02-23 09:16:56.285  3112  3133 I .gms.persisten: Background concurrent copying GC freed 30593(1135KB) AllocSpace objects, 120(6240KB) LOS objects, 23% free, 19MB/25MB, paused 143us total 277.020ms
02-23 09:16:56.431  3112 28676 D SharedPreferencesImpl: Time required to fsync /data/user/0/com.google.android.gms/shared_prefs/LogDropPref.xml: [<1: 0, <2: 0, <4: 21762, <8: 18383, <16: 1651, <32: 114, <64: 48, <128: 25, <256: 1, <512: 0, <1024: 0, <2048: 0, <4096: 0, <8192: 0, <16384: 0, >=16384: 0]
02-23 09:16:59.832  3112  3133 I .gms.persisten: Background concurrent copying GC freed 30032(1113KB) AllocSpace objects, 120(6240KB) LOS objects, 23% free, 19MB/25MB, paused 300us total 278.897ms
02-23 09:17:01.615  3112  3133 I .gms.persisten: Background concurrent copying GC freed 29714(1102KB) AllocSpace objects, 120(6240KB) LOS objects, 23% free, 19MB/25MB, paused 314us total 276.473ms
02-23 09:17:03.380  3112  3133 I .gms.persisten: Background concurrent copying GC freed 29432(1096KB) AllocSpace objects, 118(6136KB) LOS objects, 23% free, 19MB/25MB, paused 144us total 275.457ms
02-23 09:17:05.153  3112  3133 I .gms.persisten: Background concurrent copying GC freed 29543(1097KB) AllocSpace objects, 118(6136KB) LOS objects, 23% free, 19MB/25MB, paused 309us total 275.862ms
02-23 09:17:06.950  3112  3133 I .gms.persisten: Background concurrent copying GC freed 30347(1120KB) AllocSpace objects, 122(6344KB) LOS objects, 23% free, 19MB/25MB, paused 160us total 278.809ms
02-23 09:17:08.697  3112  3133 I .gms.persisten: Background concurrent copying GC freed 30892(1127KB) AllocSpace objects, 120(6240KB) LOS objects, 23% free, 19MB/25MB, paused 261us total 278.324ms
02-23 09:17:10.468  3112  3133 I .gms.persisten: Background concurrent copying GC freed 29664(1086KB) AllocSpace objects, 118(6136KB) LOS objects, 23% free, 19MB/25MB, paused 291us total 277.770ms
02-23 09:17:12.253  3112  3133 I .gms.persisten: Background concurrent copying GC freed 29310(1127KB) AllocSpace objects, 119(6156KB) LOS objects, 23% free, 19MB/25MB, paused 169us total 275.262ms
02-23 09:17:14.032  3112  3133 I .gms.persisten: Background concurrent copying GC freed 29582(1100KB) AllocSpace objects, 118(6136KB) LOS objects, 23% free, 19MB/25MB, paused 205us total 275.664ms
02-23 09:17:15.797  3112  3133 I .gms.persisten: Background concurrent copying GC freed 29542(1094KB) AllocSpace objects, 120(6240KB) LOS objects, 23% free, 19MB/25MB, paused 172us total 279.158ms
02-23 09:17:17.581  3112  3133 I .gms.persisten: Background concurrent copying GC freed 29632(1100KB) AllocSpace objects, 120(6240KB) LOS objects, 23% free, 19MB/25MB, paused 226us total 279.970ms
02-23 09:17:19.379  3112  3133 I .gms.persisten: Background concurrent copying GC freed 29484(1113KB) AllocSpace objects, 118(6136KB) LOS objects, 23% free, 19MB/25MB, paused 174us total 278.328ms
02-23 09:17:20.346  3112  3133 I .gms.persisten: Background young concurrent copying GC freed 30314(1208KB) AllocSpace objects, 106(5512KB) LOS objects, 23% free, 19MB/25MB, paused 364us total 103.874ms
02-23 09:17:21.535  3112  4438 E AuthPII : [GoogleAccountDataServiceImpl] getToken() -> NETWORK_ERROR. App: com.google.android.youtube, Service: oauth2:https://www.googleapis.com/auth/peopleapi.readonly https://www.googleapis.com/auth/accounts.reauth https://www.googleapis.com/auth/youtube.force-ssl https://www.googleapis.com/auth/photos.image.readonly https://www.googleapis.com/auth/youtube https://www.googleapis.com/auth/identity.lateimpersonation https://www.googleapis.com/auth/assistant-sdk-prototype
02-23 09:17:21.535  3112  4438 E AuthPII : Message is Error when calling server.
02-23 09:17:21.536  3112  4438 W Auth    : [GetToken] GetToken failed with status code: NetworkError
02-23 09:17:23.424  3112  4739 I FontLog : Received query Noto Color Emoji Compat, URI content://com.google.android.gms.fonts [CONTEXT service_id=132 ]
02-23 09:17:23.426  3112  4739 I FontLog : Query [Noto Color Emoji Compat] resolved to {Noto Color Emoji Compat, wdth 100.0, wght 400, ital 0.0, bestEffort false} [CONTEXT service_id=132 ]
02-23 09:17:23.443  3112  4739 I FontLog : Fetch {Noto Color Emoji Compat, wdth 100.0, wght 400, ital 0.0, bestEffort false} end status Status{statusCode=SUCCESS, resolution=null} [CONTEXT service_id=132 ]
02-23 09:17:23.577  3112  4743 I FontLog : Pulling font file for id = 797, cache size = 6 [CONTEXT service_id=132 ]
02-23 09:17:23.922  3112  3133 I .gms.persisten: Background concurrent copying GC freed 55175(2410KB) AllocSpace objects, 92(4784KB) LOS objects, 23% free, 19MB/25MB, paused 199us total 396.656ms
02-23 09:17:26.196  3112  4739 I FontLog : Pulling font file for id = 798, cache size = 7 [CONTEXT service_id=132 ]
02-23 09:17:26.214  3112  4739 I FontLog : Received query name=Noto Color Emoji Compat&weight=400&besteffort=false, URI content://com.google.android.gms.fonts [CONTEXT service_id=132 ]
02-23 09:17:26.216  3112  4739 I FontLog : Query [name=Noto Color Emoji Compat&weight=400&besteffort=false] resolved to {Noto Color Emoji Compat, wdth 100.0, wght 400, ital 0.0, bestEffort false} [CONTEXT service_id=132 ]
02-23 09:17:26.221  3112  4739 I FontLog : Fetch {Noto Color Emoji Compat, wdth 100.0, wght 400, ital 0.0, bestEffort false} end status Status{statusCode=SUCCESS, resolution=null} [CONTEXT service_id=132 ]
02-23 09:17:26.276  3112  4739 I FontLog : Pulling font file for id = 800, cache size = 7 [CONTEXT service_id=132 ]
02-23 09:17:26.287  3112  4739 I FontLog : Received query name=Google Sans&weight=500&besteffort=false, URI content://com.google.android.gms.fonts [CONTEXT service_id=132 ]
02-23 09:17:26.288  3112  4739 I FontLog : Query [name=Google Sans&weight=500&besteffort=false] resolved to {Google Sans, wdth 100.0, wght 500, ital 0.0, bestEffort false} [CONTEXT service_id=132 ]
02-23 09:17:26.293  3112  4739 I FontLog : Font PFD returned from cache for {Google Sans, wdth 100.0, wght 500, ital 0.0, bestEffort false} [CONTEXT service_id=132 ]
02-23 09:17:26.294  3112  4739 I FontLog : Fetch {Google Sans, wdth 100.0, wght 500, ital 0.0, bestEffort false} end status Status{statusCode=SUCCESS, resolution=null} [CONTEXT service_id=132 ]
02-23 09:17:26.304  3112  4739 I FontLog : Pulling font file for id = 801, cache size = 6 [CONTEXT service_id=132 ]
02-23 09:17:26.848  3112 27748 E biip    : Phenotype API error. Event # dirm@cb0dd39e, EventCode: 7 [CONTEXT service_id=51 ]
02-23 09:17:26.848  3112 27748 E biip    : bihr: 29505: No config packages for log source, or config package not registered
02-23 09:17:26.848  3112 27748 E biip    : 	at bijl.b(:com.google.android.gms@230514037@23.05.14 (150400-509319212):4)
02-23 09:17:26.848  3112 27748 E biip    : 	at biji.g(:com.google.android.gms@230514037@23.05.14 (150400-509319212):0)
02-23 09:17:26.848  3112 27748 E biip    : 	at biip.e(:com.google.android.gms@230514037@23.05.14 (150400-509319212):4)
02-23 09:17:26.848  3112 27748 E biip    : 	at biip.f(:com.google.android.gms@230514037@23.05.14 (150400-509319212):2)
02-23 09:17:26.848  3112 27748 E biip    : 	at aspv.er(:com.google.android.gms@230514037@23.05.14 (150400-509319212):1)
02-23 09:17:26.848  3112 27748 E biip    : 	at asqb.run(:com.google.android.gms@230514037@23.05.14 (150400-509319212):12)
02-23 09:17:26.848  3112 27748 E biip    : 	at cnqy.run(:com.google.android.gms@230514037@23.05.14 (150400-509319212):2)
02-23 09:17:26.848  3112 27748 E biip    : 	at aaiq.c(:com.google.android.gms@230514037@23.05.14 (150400-509319212):6)
02-23 09:17:26.848  3112 27748 E biip    : 	at aaiq.run(:com.google.android.gms@230514037@23.05.14 (150400-509319212):7)
02-23 09:17:26.848  3112 27748 E biip    : 	at java.util.concurrent.ThreadPoolExecutor.runWorker(ThreadPoolExecutor.java:1167)
02-23 09:17:26.848  3112 27748 E biip    : 	at java.util.concurrent.ThreadPoolExecutor$Worker.run(ThreadPoolExecutor.java:641)
02-23 09:17:26.848  3112 27748 E biip    : 	at aanw.run(:com.google.android.gms@230514037@23.05.14 (150400-509319212):0)
02-23 09:17:26.848  3112 27748 E biip    : 	at java.lang.Thread.run(Thread.java:923)
02-23 09:17:26.850  3112 27748 W AsyncOperation: operation=GetExperimentTokensOperationCall, opStatusCode=29505 [CONTEXT service_id=51 ]
02-23 09:17:26.850  3112 27748 W AsyncOperation: OperationException[Status{statusCode=No config packages for log source, or config package not registered, resolution=null}]
02-23 09:17:26.850  3112 27748 W AsyncOperation: 	at biip.e(:com.google.android.gms@230514037@23.05.14 (150400-509319212):6)
02-23 09:17:26.850  3112 27748 W AsyncOperation: 	at biip.f(:com.google.android.gms@230514037@23.05.14 (150400-509319212):2)
02-23 09:17:26.850  3112 27748 W AsyncOperation: 	at aspv.er(:com.google.android.gms@230514037@23.05.14 (150400-509319212):1)
02-23 09:17:26.850  3112 27748 W AsyncOperation: 	at asqb.run(:com.google.android.gms@230514037@23.05.14 (150400-509319212):12)
02-23 09:17:26.850  3112 27748 W AsyncOperation: 	at cnqy.run(:com.google.android.gms@230514037@23.05.14 (150400-509319212):2)
02-23 09:17:26.850  3112 27748 W AsyncOperation: 	at aaiq.c(:com.google.android.gms@230514037@23.05.14 (150400-509319212):6)
02-23 09:17:26.850  3112 27748 W AsyncOperation: 	at aaiq.run(:com.google.android.gms@230514037@23.05.14 (150400-509319212):7)
02-23 09:17:26.850  3112 27748 W AsyncOperation: 	at java.util.concurrent.ThreadPoolExecutor.runWorker(ThreadPoolExecutor.java:1167)
02-23 09:17:26.850  3112 27748 W AsyncOperation: 	at java.util.concurrent.ThreadPoolExecutor$Worker.run(ThreadPoolExecutor.java:641)
02-23 09:17:26.850  3112 27748 W AsyncOperation: 	at aanw.run(:com.google.android.gms@230514037@23.05.14 (150400-509319212):0)
02-23 09:17:26.850  3112 27748 W AsyncOperation: 	at java.lang.Thread.run(Thread.java:923)
02-23 09:17:27.035  3112 27748 W GmsStrictMode: DISK_READ [CONTEXT service_id=256 ]
02-23 09:17:27.035  3112 27748 W GmsStrictMode: android.os.strictmode.DiskReadViolation
02-23 09:17:27.035  3112 27748 W GmsStrictMode: 	at android.os.StrictMode$AndroidBlockGuardPolicy.onReadFromDisk(StrictMode.java:1596)
02-23 09:17:27.035  3112 27748 W GmsStrictMode: 	at libcore.io.BlockGuardOs.access(BlockGuardOs.java:71)
02-23 09:17:27.035  3112 27748 W GmsStrictMode: 	at libcore.io.ForwardingOs.access(ForwardingOs.java:72)
02-23 09:17:27.035  3112 27748 W GmsStrictMode: 	at android.app.ActivityThread$AndroidOs.access(ActivityThread.java:8094)
02-23 09:17:27.035  3112 27748 W GmsStrictMode: 	at java.io.UnixFileSystem.checkAccess(UnixFileSystem.java:281)
02-23 09:17:27.035  3112 27748 W GmsStrictMode: 	at java.io.File.exists(File.java:815)
02-23 09:17:27.035  3112 27748 W GmsStrictMode: 	at android.app.ContextImpl.getDataDir(ContextImpl.java:2596)
02-23 09:17:27.035  3112 27748 W GmsStrictMode: 	at android.app.ContextImpl.getFilesDir(ContextImpl.java:740)
02-23 09:17:27.035  3112 27748 W GmsStrictMode: 	at android.content.ContextWrapper.getFilesDir(ContextWrapper.java:253)
02-23 09:17:27.035  3112 27748 W GmsStrictMode: 	at android.content.ContextWrapper.getFilesDir(ContextWrapper.java:253)
02-23 09:17:27.035  3112 27748 W GmsStrictMode: 	at android.content.ContextWrapper.getFilesDir(ContextWrapper.java:253)
02-23 09:17:27.035  3112 27748 W GmsStrictMode: 	at android.content.ContextWrapper.getFilesDir(ContextWrapper.java:253)
02-23 09:17:27.035  3112 27748 W GmsStrictMode: 	at qnf.<init>(:com.google.android.gms@230514037@23.05.14 (150400-509319212):1)
02-23 09:17:27.035  3112 27748 W GmsStrictMode: 	at gir.<init>(:com.google.android.gms@230514037@23.05.14 (150400-509319212):2)
02-23 09:17:27.035  3112 27748 W GmsStrictMode: 	at com.google.android.gms.auth.ChimeraGetToken.onCreate(:com.google.android.gms@230514037@23.05.14 (150400-509319212):0)
02-23 09:17:27.035  3112 27748 W GmsStrictMode: 	at gor.onCreate(:com.google.android.gms@230514037@23.05.14 (150400-509319212):1)
02-23 09:17:27.035  3112 27748 W GmsStrictMode: 	at xlw.onCreate(:com.google.android.gms@230514037@23.05.14 (150400-509319212):4)
02-23 09:17:27.035  3112 27748 W GmsStrictMode: 	at android.app.ActivityThread.handleCreateService(ActivityThread.java:4541)
02-23 09:17:27.035  3112 27748 W GmsStrictMode: 	at android.app.ActivityThread.access$1800(ActivityThread.java:265)
02-23 09:17:27.035  3112 27748 W GmsStrictMode: 	at android.app.ActivityThread$H.handleMessage(ActivityThread.java:2188)
02-23 09:17:27.035  3112 27748 W GmsStrictMode: 	at android.os.Handler.dispatchMessage(Handler.java:106)
02-23 09:17:27.035  3112 27748 W GmsStrictMode: 	at android.os.Looper.loop(Looper.java:257)
02-23 09:17:27.035  3112 27748 W GmsStrictMode: 	at android.app.ActivityThread.main(ActivityThread.java:8220)
02-23 09:17:27.035  3112 27748 W GmsStrictMode: 	at java.lang.reflect.Method.invoke(Native Method)
02-23 09:17:27.035  3112 27748 W GmsStrictMode: 	at com.android.internal.os.RuntimeInit$MethodAndArgsCaller.run(RuntimeInit.java:626)
02-23 09:17:27.035  3112 27748 W GmsStrictMode: 	at com.android.internal.os.ZygoteInit.main(ZygoteInit.java:1015)
02-23 09:17:27.037  3112 27748 W GmsStrictMode: DISK_READ [CONTEXT service_id=256 ]
02-23 09:17:27.037  3112 27748 W GmsStrictMode: android.os.strictmode.DiskReadViolation
02-23 09:17:27.037  3112 27748 W GmsStrictMode: 	at android.os.StrictMode$AndroidBlockGuardPolicy.onReadFromDisk(StrictMode.java:1596)
02-23 09:17:27.037  3112 27748 W GmsStrictMode: 	at libcore.io.BlockGuardOs.access(BlockGuardOs.java:71)
02-23 09:17:27.037  3112 27748 W GmsStrictMode: 	at libcore.io.ForwardingOs.access(ForwardingOs.java:72)
02-23 09:17:27.037  3112 27748 W GmsStrictMode: 	at android.app.ActivityThread$AndroidOs.access(ActivityThread.java:8094)
02-23 09:17:27.037  3112 27748 W GmsStrictMode: 	at java.io.UnixFileSystem.checkAccess(UnixFileSystem.java:281)
02-23 09:17:27.037  3112 27748 W GmsStrictMode: 	at java.io.File.exists(File.java:815)
02-23 09:17:27.037  3112 27748 W GmsStrictMode: 	at android.app.ContextImpl.ensurePrivateDirExists(ContextImpl.java:706)
02-23 09:17:27.037  3112 27748 W GmsStrictMode: 	at android.app.ContextImpl.ensurePrivateDirExists(ContextImpl.java:697)
02-23 09:17:27.037  3112 27748 W GmsStrictMode: 	at android.app.ContextImpl.getFilesDir(ContextImpl.java:742)
02-23 09:17:27.037  3112 27748 W GmsStrictMode: 	at android.content.ContextWrapper.getFilesDir(ContextWrapper.java:253)
02-23 09:17:27.037  3112 27748 W GmsStrictMode: 	at android.content.ContextWrapper.getFilesDir(ContextWrapper.java:253)
02-23 09:17:27.037  3112 27748 W GmsStrictMode: 	at android.content.ContextWrapper.getFilesDir(ContextWrapper.java:253)
02-23 09:17:27.037  3112 27748 W GmsStrictMode: 	at android.content.ContextWrapper.getFilesDir(ContextWrapper.java:253)
02-23 09:17:27.037  3112 27748 W GmsStrictMode: 	at qnf.<init>(:com.google.android.gms@230514037@23.05.14 (150400-509319212):1)
02-23 09:17:27.037  3112 27748 W GmsStrictMode: 	at gir.<init>(:com.google.android.gms@230514037@23.05.14 (150400-509319212):2)
02-23 09:17:27.037  3112 27748 W GmsStrictMode: 	at com.google.android.gms.auth.ChimeraGetToken.onCreate(:com.google.android.gms@230514037@23.05.14 (150400-509319212):0)
02-23 09:17:27.037  3112 27748 W GmsStrictMode: 	at gor.onCreate(:com.google.android.gms@230514037@23.05.14 (150400-509319212):1)
02-23 09:17:27.037  3112 27748 W GmsStrictMode: 	at xlw.onCreate(:com.google.android.gms@230514037@23.05.14 (150400-509319212):4)
02-23 09:17:27.037  3112 27748 W GmsStrictMode: 	at android.app.ActivityThread.handleCreateService(ActivityThread.java:4541)
02-23 09:17:27.037  3112 27748 W GmsStrictMode: 	at android.app.ActivityThread.access$1800(ActivityThread.java:265)
02-23 09:17:27.037  3112 27748 W GmsStrictMode: 	at android.app.ActivityThread$H.handleMessage(ActivityThread.java:2188)
02-23 09:17:27.037  3112 27748 W GmsStrictMode: 	at android.os.Handler.dispatchMessage(Handler.java:106)
02-23 09:17:27.037  3112 27748 W GmsStrictMode: 	at android.os.Looper.loop(Looper.java:257)
02-23 09:17:27.037  3112 27748 W GmsStrictMode: 	at android.app.ActivityThread.main(ActivityThread.java:8220)
02-23 09:17:27.037  3112 27748 W GmsStrictMode: 	at java.lang.reflect.Method.invoke(Native Method)
02-23 09:17:27.037  3112 27748 W GmsStrictMode: 	at com.android.internal.os.RuntimeInit$MethodAndArgsCaller.run(RuntimeInit.java:626)
02-23 09:17:27.037  3112 27748 W GmsStrictMode: 	at com.android.internal.os.ZygoteInit.main(ZygoteInit.java:1015)
02-23 09:17:27.425  3112  3133 I .gms.persisten: Background concurrent copying GC freed 41531(1798KB) AllocSpace objects, 102(5304KB) LOS objects, 23% free, 19MB/25MB, paused 220us total 318.438ms
02-23 09:17:27.738  3112 27748 W GmsStrictMode: DISK_READ [CONTEXT service_id=256 ]
02-23 09:17:27.738  3112 27748 W GmsStrictMode: android.os.strictmode.DiskReadViolation
02-23 09:17:27.738  3112 27748 W GmsStrictMode: 	at android.os.StrictMode$AndroidBlockGuardPolicy.onReadFromDisk(StrictMode.java:1596)
02-23 09:17:27.738  3112 27748 W GmsStrictMode: 	at libcore.io.BlockGuardOs.access(BlockGuardOs.java:71)
02-23 09:17:27.738  3112 27748 W GmsStrictMode: 	at libcore.io.ForwardingOs.access(ForwardingOs.java:72)
02-23 09:17:27.738  3112 27748 W GmsStrictMode: 	at android.app.ActivityThread$AndroidOs.access(ActivityThread.java:8094)
02-23 09:17:27.738  3112 27748 W GmsStrictMode: 	at java.io.UnixFileSystem.checkAccess(UnixFileSystem.java:281)
02-23 09:17:27.738  3112 27748 W GmsStrictMode: 	at java.io.File.exists(File.java:815)
02-23 09:17:27.738  3112 27748 W GmsStrictMode: 	at android.app.ContextImpl.getDataDir(ContextImpl.java:2596)
02-23 09:17:27.738  3112 27748 W GmsStrictMode: 	at android.app.ContextImpl.getFilesDir(ContextImpl.java:740)
02-23 09:17:27.738  3112 27748 W GmsStrictMode: 	at android.content.ContextWrapper.getFilesDir(ContextWrapper.java:253)
02-23 09:17:27.738  3112 27748 W GmsStrictMode: 	at android.content.ContextWrapper.getFilesDir(ContextWrapper.java:253)
02-23 09:17:27.738  3112 27748 W GmsStrictMode: 	at android.content.ContextWrapper.getFilesDir(ContextWrapper.java:253)
02-23 09:17:27.738  3112 27748 W GmsStrictMode: 	at android.content.ContextWrapper.getFilesDir(ContextWrapper.java:253)
02-23 09:17:27.738  3112 27748 W GmsStrictMode: 	at qnf.<init>(:com.google.android.gms@230514037@23.05.14 (150400-509319212):1)
02-23 09:17:27.738  3112 27748 W GmsStrictMode: 	at gir.<init>(:com.google.android.gms@230514037@23.05.14 (150400-509319212):2)
02-23 09:17:27.738  3112 27748 W GmsStrictMode: 	at kvt.<init>(:com.google.android.gms@230514037@23.05.14 (150400-509319212):2)
02-23 09:17:27.738  3112 27748 W GmsStrictMode: 	at kvu.onCreate(:com.google.android.gms@230514037@23.05.14 (150400-509319212):2)
02-23 09:17:27.738  3112 27748 W GmsStrictMode: 	at gor.onCreate(:com.google.android.gms@230514037@23.05.14 (150400-509319212):1)
02-23 09:17:27.738  3112 27748 W GmsStrictMode: 	at xlw.onCreate(:com.google.android.gms@230514037@23.05.14 (150400-509319212):4)
02-23 09:17:27.738  3112 27748 W GmsStrictMode: 	at android.app.ActivityThread.handleCreateService(ActivityThread.java:4541)
02-23 09:17:27.738  3112 27748 W GmsStrictMode: 	at android.app.ActivityThread.access$1800(ActivityThread.java:265)
02-23 09:17:27.738  3112 27748 W GmsStrictMode: 	at android.app.ActivityThread$H.handleMessage(ActivityThread.java:2188)
02-23 09:17:27.738  3112 27748 W GmsStrictMode: 	at android.os.Handler.dispatchMessage(Handler.java:106)
02-23 09:17:27.738  3112 27748 W GmsStrictMode: 	at android.os.Looper.loop(Looper.java:257)
02-23 09:17:27.738  3112 27748 W GmsStrictMode: 	at android.app.ActivityThread.main(ActivityThread.java:8220)
02-23 09:17:27.738  3112 27748 W GmsStrictMode: 	at java.lang.reflect.Method.invoke(Native Method)
02-23 09:17:27.738  3112 27748 W GmsStrictMode: 	at com.android.internal.os.RuntimeInit$MethodAndArgsCaller.run(RuntimeInit.java:626)
02-23 09:17:27.738  3112 27748 W GmsStrictMode: 	at com.android.internal.os.ZygoteInit.main(ZygoteInit.java:1015)
02-23 09:17:27.739  3112 27748 W GmsStrictMode: DISK_READ [CONTEXT service_id=256 ]
02-23 09:17:27.739  3112 27748 W GmsStrictMode: android.os.strictmode.DiskReadViolation
02-23 09:17:27.739  3112 27748 W GmsStrictMode: 	at android.os.StrictMode$AndroidBlockGuardPolicy.onReadFromDisk(StrictMode.java:1596)
02-23 09:17:27.739  3112 27748 W GmsStrictMode: 	at libcore.io.BlockGuardOs.access(BlockGuardOs.java:71)
02-23 09:17:27.739  3112 27748 W GmsStrictMode: 	at libcore.io.ForwardingOs.access(ForwardingOs.java:72)
02-23 09:17:27.739  3112 27748 W GmsStrictMode: 	at android.app.ActivityThread$AndroidOs.access(ActivityThread.java:8094)
02-23 09:17:27.739  3112 27748 W GmsStrictMode: 	at java.io.UnixFileSystem.checkAccess(UnixFileSystem.java:281)
02-23 09:17:27.739  3112 27748 W GmsStrictMode: 	at java.io.File.exists(File.java:815)
02-23 09:17:27.739  3112 27748 W GmsStrictMode: 	at android.app.ContextImpl.ensurePrivateDirExists(ContextImpl.java:706)
02-23 09:17:27.739  3112 27748 W GmsStrictMode: 	at android.app.ContextImpl.ensurePrivateDirExists(ContextImpl.java:697)
02-23 09:17:27.739  3112 27748 W GmsStrictMode: 	at android.app.ContextImpl.getFilesDir(ContextImpl.java:742)
02-23 09:17:27.739  3112 27748 W GmsStrictMode: 	at android.content.ContextWrapper.getFilesDir(ContextWrapper.java:253)
02-23 09:17:27.739  3112 27748 W GmsStrictMode: 	at android.content.ContextWrapper.getFilesDir(ContextWrapper.java:253)
02-23 09:17:27.739  3112 27748 W GmsStrictMode: 	at android.content.ContextWrapper.getFilesDir(ContextWrapper.java:253)
02-23 09:17:27.739  3112 27748 W GmsStrictMode: 	at android.content.ContextWrapper.getFilesDir(ContextWrapper.java:253)
02-23 09:17:27.739  3112 27748 W GmsStrictMode: 	at qnf.<init>(:com.google.android.gms@230514037@23.05.14 (150400-509319212):1)
02-23 09:17:27.739  3112 27748 W GmsStrictMode: 	at gir.<init>(:com.google.android.gms@230514037@23.05.14 (150400-509319212):2)
02-23 09:17:27.739  3112 27748 W GmsStrictMode: 	at kvt.<init>(:com.google.android.gms@230514037@23.05.14 (150400-509319212):2)
02-23 09:17:27.739  3112 27748 W GmsStrictMode: 	at kvu.onCreate(:com.google.android.gms@230514037@23.05.14 (150400-509319212):2)
02-23 09:17:27.739  3112 27748 W GmsStrictMode: 	at gor.onCreate(:com.google.android.gms@230514037@23.05.14 (150400-509319212):1)
02-23 09:17:27.739  3112 27748 W GmsStrictMode: 	at xlw.onCreate(:com.google.android.gms@230514037@23.05.14 (150400-509319212):4)
02-23 09:17:27.739  3112 27748 W GmsStrictMode: 	at android.app.ActivityThread.handleCreateService(ActivityThread.java:4541)
02-23 09:17:27.739  3112 27748 W GmsStrictMode: 	at android.app.ActivityThread.access$1800(ActivityThread.java:265)
02-23 09:17:27.739  3112 27748 W GmsStrictMode: 	at android.app.ActivityThread$H.handleMessage(ActivityThread.java:2188)
02-23 09:17:27.739  3112 27748 W GmsStrictMode: 	at android.os.Handler.dispatchMessage(Handler.java:106)
02-23 09:17:27.739  3112 27748 W GmsStrictMode: 	at android.os.Looper.loop(Looper.java:257)
02-23 09:17:27.739  3112 27748 W GmsStrictMode: 	at android.app.ActivityThread.main(ActivityThread.java:8220)
02-23 09:17:27.739  3112 27748 W GmsStrictMode: 	at java.lang.reflect.Method.invoke(Native Method)
02-23 09:17:27.739  3112 27748 W GmsStrictMode: 	at com.android.internal.os.RuntimeInit$MethodAndArgsCaller.run(RuntimeInit.java:626)
02-23 09:17:27.739  3112 27748 W GmsStrictMode: 	at com.android.internal.os.ZygoteInit.main(ZygoteInit.java:1015)
02-23 09:17:28.451  3112  4743 E AuthPII : [GoogleAccountDataServiceImpl] getToken() -> NETWORK_ERROR. App: com.android.chrome, Service: oauth2:https://www.googleapis.com/auth/userinfo.email https://www.googleapis.com/auth/userinfo.profile
02-23 09:17:28.451  3112  4743 E AuthPII : Message is Error when calling server.
02-23 09:17:28.452  3112  4743 W Auth    : [GetToken] GetToken failed with status code: NetworkError
02-23 09:17:28.537  3112  4743 E AuthPII : [GoogleAccountDataServiceImpl] getToken() -> NETWORK_ERROR. App: com.android.chrome, Service: oauth2:https://www.googleapis.com/auth/userinfo.email https://www.googleapis.com/auth/userinfo.profile
02-23 09:17:28.538  3112  4743 E AuthPII : Message is Error when calling server.
02-23 09:17:28.538  3112  4743 W Auth    : [GetToken] GetToken failed with status code: NetworkError
02-23 09:17:28.823  3112  3340 E AuthPII : [GoogleAccountDataServiceImpl] getToken() -> NETWORK_ERROR. App: com.android.chrome, Service: oauth2:https://www.googleapis.com/auth/userinfo.email https://www.googleapis.com/auth/userinfo.profile
02-23 09:17:28.824  3112  3340 E AuthPII : Message is Error when calling server.
02-23 09:17:28.940  3112  3340 E AuthPII : [GoogleAccountDataServiceImpl] getToken() -> NETWORK_ERROR. App: com.android.chrome, Service: oauth2:https://www.googleapis.com/auth/userinfo.email https://www.googleapis.com/auth/userinfo.profile
02-23 09:17:28.940  3112  3340 E AuthPII : Message is Error when calling server.
02-23 09:17:28.989  3112  3133 I .gms.persisten: Background concurrent copying GC freed 65567(2496KB) AllocSpace objects, 100(5200KB) LOS objects, 23% free, 19MB/25MB, paused 293us total 311.747ms
02-23 09:17:32.291  3112 25324 D SharedPreferencesImpl: Time required to fsync /data/user/0/com.google.android.gms/shared_prefs/LogDropPref.xml: [<1: 0, <2: 0, <4: 22216, <8: 18797, <16: 1742, <32: 157, <64: 64, <128: 30, <256: 2, <512: 0, <1024: 0, <2048: 0, <4096: 0, <8192: 0, <16384: 0, >=16384: 0]
02-23 09:17:33.156  3112  3133 I .gms.persisten: Background concurrent copying GC freed 31834(1223KB) AllocSpace objects, 118(6136KB) LOS objects, 23% free, 19MB/25MB, paused 161us total 280.870ms
02-23 09:17:39.506  3112  3133 I .gms.persisten: Background concurrent copying GC freed 29266(1101KB) AllocSpace objects, 118(6136KB) LOS objects, 23% free, 19MB/25MB, paused 138us total 276.222ms
02-23 09:17:41.623  3112  3133 I .gms.persisten: Background concurrent copying GC freed 28748(1085KB) AllocSpace objects, 114(5928KB) LOS objects, 23% free, 19MB/25MB, paused 289us total 276.044ms
02-23 09:17:50.095  3112  3133 I .gms.persisten: Background concurrent copying GC freed 29182(1082KB) AllocSpace objects, 118(6136KB) LOS objects, 23% free, 19MB/25MB, paused 241us total 276.740ms
02-23 09:17:52.209  3112  3133 I .gms.persisten: Background concurrent copying GC freed 28717(1120KB) AllocSpace objects, 114(5928KB) LOS objects, 23% free, 19MB/25MB, paused 152us total 273.428ms
02-23 09:17:54.316  3112  3133 I .gms.persisten: Background concurrent copying GC freed 29067(1124KB) AllocSpace objects, 114(5928KB) LOS objects, 23% free, 19MB/25MB, paused 216us total 276.978ms
02-23 09:17:56.445  3112  3133 I .gms.persisten: Background concurrent copying GC freed 28529(1080KB) AllocSpace objects, 116(6032KB) LOS objects, 23% free, 19MB/25MB, paused 155us total 278.048ms
02-23 09:17:58.596  3112  3133 I .gms.persisten: Background concurrent copying GC freed 28603(1062KB) AllocSpace objects, 116(6032KB) LOS objects, 23% free, 19MB/25MB, paused 168us total 273.866ms
02-23 09:18:00.747  3112  3133 I .gms.persisten: Background concurrent copying GC freed 29123(1083KB) AllocSpace objects, 116(6032KB) LOS objects, 23% free, 19MB/25MB, paused 203us total 277.127ms
02-23 09:18:02.871  3112  3133 I .gms.persisten: Background concurrent copying GC freed 30223(1128KB) AllocSpace objects, 116(6032KB) LOS objects, 23% free, 19MB/25MB, paused 151us total 276.520ms
02-23 09:18:05.030  3112  3133 I .gms.persisten: Background concurrent copying GC freed 27996(1046KB) AllocSpace objects, 116(6032KB) LOS objects, 23% free, 19MB/25MB, paused 741us total 274.773ms
02-23 09:18:11.055  3112 25324 D SharedPreferencesImpl: Time required to fsync /data/user/0/com.google.android.gms/shared_prefs/LogDropPref.xml: [<1: 0, <2: 0, <4: 22878, <8: 19125, <16: 1773, <32: 160, <64: 64, <128: 30, <256: 2, <512: 0, <1024: 0, <2048: 0, <4096: 0, <8192: 0, <16384: 0, >=16384: 0]
02-23 09:18:11.431  3112  3133 I .gms.persisten: Background concurrent copying GC freed 29064(1087KB) AllocSpace objects, 116(6032KB) LOS objects, 23% free, 19MB/25MB, paused 241us total 276.001ms
02-23 09:18:13.576  3112  3133 I .gms.persisten: Background concurrent copying GC freed 28444(1080KB) AllocSpace objects, 114(5928KB) LOS objects, 23% free, 19MB/25MB, paused 168us total 275.355ms
02-23 09:18:15.752  3112  3133 I .gms.persisten: Background concurrent copying GC freed 28657(1065KB) AllocSpace objects, 116(6032KB) LOS objects, 23% free, 19MB/25MB, paused 189us total 278.086ms
02-23 09:18:17.923  3112  3133 I .gms.persisten: Background concurrent copying GC freed 28817(1075KB) AllocSpace objects, 116(6032KB) LOS objects, 23% free, 19MB/25MB, paused 165us total 280.606ms
02-23 09:18:20.062  3112  3133 I .gms.persisten: Background concurrent copying GC freed 27741(1051KB) AllocSpace objects, 110(5720KB) LOS objects, 23% free, 19MB/25MB, paused 140us total 285.669ms
02-23 09:18:22.251  3112  3133 I .gms.persisten: Background concurrent copying GC freed 29633(1152KB) AllocSpace objects, 114(5928KB) LOS objects, 23% free, 19MB/25MB, paused 128us total 276.782ms
02-23 09:18:24.435  3112  3133 I .gms.persisten: Background concurrent copying GC freed 29689(1119KB) AllocSpace objects, 116(6032KB) LOS objects, 23% free, 19MB/25MB, paused 130us total 278.079ms
02-23 09:18:26.618  3112  3133 I .gms.persisten: Background concurrent copying GC freed 29512(1092KB) AllocSpace objects, 114(5928KB) LOS objects, 23% free, 19MB/25MB, paused 507us total 276.263ms
02-23 09:18:27.450  3112 26619 W CCTFlatFileLogStore: Excessive logging: 1 events, 648228 bytes from log source STREAMZ_GELLER_LIBRARY last 0s
02-23 09:18:28.795  3112  3133 I .gms.persisten: Background concurrent copying GC freed 30665(1137KB) AllocSpace objects, 118(6136KB) LOS objects, 23% free, 19MB/25MB, paused 153us total 283.729ms
02-23 09:18:30.977  3112  3133 I .gms.persisten: Background concurrent copying GC freed 28644(1065KB) AllocSpace objects, 116(6032KB) LOS objects, 23% free, 19MB/25MB, paused 167us total 276.176ms
02-23 09:18:33.140  3112  3133 I .gms.persisten: Background concurrent copying GC freed 28668(1073KB) AllocSpace objects, 114(5928KB) LOS objects, 23% free, 19MB/25MB, paused 262us total 276.435ms
02-23 09:18:37.574  3112  3133 I .gms.persisten: Background concurrent copying GC freed 28750(1067KB) AllocSpace objects, 116(6032KB) LOS objects, 23% free, 19MB/25MB, paused 132us total 276.438ms
02-23 09:18:39.851  3112  3133 I .gms.persisten: Background concurrent copying GC freed 28616(1084KB) AllocSpace objects, 114(5928KB) LOS objects, 23% free, 19MB/25MB, paused 183us total 280.595ms
02-23 09:18:42.080  3112  3133 I .gms.persisten: Background concurrent copying GC freed 28952(1071KB) AllocSpace objects, 114(5928KB) LOS objects, 23% free, 19MB/25MB, paused 372us total 277.666ms
02-23 09:18:44.327  3112  3133 I .gms.persisten: Background concurrent copying GC freed 29233(1088KB) AllocSpace objects, 116(6032KB) LOS objects, 23% free, 19MB/25MB, paused 180us total 273.910ms
02-23 09:18:48.803  3112  3133 I .gms.persisten: Background concurrent copying GC freed 28755(1085KB) AllocSpace objects, 116(6032KB) LOS objects, 23% free, 19MB/25MB, paused 128us total 273.517ms
02-23 09:18:51.445  3112 25324 D SharedPreferencesImpl: Time required to fsync /data/user/0/com.google.android.gms/shared_prefs/LogDropPref.xml: [<1: 0, <2: 0, <4: 23421, <8: 19561, <16: 1809, <32: 163, <64: 67, <128: 33, <256: 2, <512: 0, <1024: 0, <2048: 0, <4096: 0, <8192: 0, <16384: 0, >=16384: 0]
02-23 09:18:53.296  3112  3133 I .gms.persisten: Background concurrent copying GC freed 28874(1097KB) AllocSpace objects, 116(6032KB) LOS objects, 23% free, 19MB/25MB, paused 205us total 277.514ms
02-23 09:18:55.547  3112  3133 I .gms.persisten: Background concurrent copying GC freed 28669(1066KB) AllocSpace objects, 116(6032KB) LOS objects, 23% free, 19MB/25MB, paused 165us total 278.397ms
02-23 09:18:57.785  3112  3133 I .gms.persisten: Background concurrent copying GC freed 28546(1067KB) AllocSpace objects, 114(5928KB) LOS objects, 23% free, 19MB/25MB, paused 156us total 277.929ms
02-23 09:19:00.028  3112  3133 I .gms.persisten: Background concurrent copying GC freed 29088(1096KB) AllocSpace objects, 114(5928KB) LOS objects, 23% free, 19MB/25MB, paused 185us total 278.514ms
02-23 09:19:02.281  3112  3133 I .gms.persisten: Background concurrent copying GC freed 29422(1105KB) AllocSpace objects, 116(6032KB) LOS objects, 23% free, 19MB/25MB, paused 153us total 282.358ms
02-23 09:19:06.789  3112  3133 I .gms.persisten: Background concurrent copying GC freed 28750(1067KB) AllocSpace objects, 116(6032KB) LOS objects, 23% free, 19MB/25MB, paused 131us total 275.862ms
02-23 09:19:09.057  3112  3133 I .gms.persisten: Background concurrent copying GC freed 28415(1065KB) AllocSpace objects, 114(5928KB) LOS objects, 23% free, 19MB/25MB, paused 149us total 275.501ms
02-23 09:19:11.280  3112  3133 I .gms.persisten: Background concurrent copying GC freed 28372(1080KB) AllocSpace objects, 114(5928KB) LOS objects, 23% free, 19MB/25MB, paused 172us total 275.153ms
02-23 09:19:13.536  3112  3133 I .gms.persisten: Background concurrent copying GC freed 28628(1065KB) AllocSpace objects, 114(5928KB) LOS objects, 23% free, 19MB/25MB, paused 421us total 278.567ms
02-23 09:19:15.890  3112  3133 I .gms.persisten: Background concurrent copying GC freed 30545(1127KB) AllocSpace objects, 124(6448KB) LOS objects, 23% free, 19MB/25MB, paused 138us total 274.575ms
02-23 09:19:20.397  3112  3133 I .gms.persisten: Background concurrent copying GC freed 28731(1068KB) AllocSpace objects, 116(6032KB) LOS objects, 23% free, 19MB/25MB, paused 142us total 278.564ms
02-23 09:19:24.956  3112  3133 I .gms.persisten: Background concurrent copying GC freed 28865(1081KB) AllocSpace objects, 116(6032KB) LOS objects, 23% free, 19MB/25MB, paused 147us total 282.104ms
02-23 09:19:27.233  3112  3133 I .gms.persisten: Background concurrent copying GC freed 28667(1066KB) AllocSpace objects, 116(6032KB) LOS objects, 23% free, 19MB/25MB, paused 154us total 277.505ms
