02-22 11:22:08.477   918   918 E wificond: vivo add tx_good 131125 tx_bad 3 rx_good 277442 tx_retry 16403
02-22 15:28:59.665   918   918 E wificond: vivo add tx_good 903379 tx_bad 12 rx_good 1311226 tx_retry 70186
02-22 17:44:54.138   918   918 E wificond: vivo add tx_good 1473120 tx_bad 30 rx_good 2311245 tx_retry 118739
02-22 17:44:57.337   918   918 E wificond: vivo add tx_good 1473128 tx_bad 30 rx_good 2311256 tx_retry 118739
02-22 17:45:00.355   918   918 E wificond: vivo add tx_good 1473128 tx_bad 30 rx_good 2311258 tx_retry 118739
02-22 17:45:03.376   918   918 E wificond: vivo add tx_good 1473133 tx_bad 30 rx_good 2311263 tx_retry 118739
02-22 17:45:06.384   918   918 E wificond: vivo add tx_good 1473138 tx_bad 30 rx_good 2311269 tx_retry 118740
02-22 20:03:12.603   918   918 E wificond: vivo add tx_good 1943568 tx_bad 39 rx_good 3112032 tx_retry 163473
02-22 20:53:43.590   918   918 E wificond: vivo add tx_good 2194306 tx_bad 46 rx_good 3531321 tx_retry 183112
02-22 20:53:46.598   918   918 E wificond: vivo add tx_good 2194312 tx_bad 46 rx_good 3531330 tx_retry 183112
02-22 22:02:37.230  1447  1474 E _V_VivoVibratorServiceImpl: onProcessDied pid: 31124,uid: 10182
02-22 22:03:42.942   918   918 E wificond: vivo add tx_good 263112 tx_bad 13 rx_good 517400 tx_retry 25908
02-22 22:15:07.019   918   918 E wificond: vivo add tx_good 290993 tx_bad 14 rx_good 556352 tx_retry 31122
02-23 00:14:17.524   918   918 E wificond: vivo add tx_good 63112 tx_bad 14 rx_good 180319 tx_retry 9404
02-23 00:45:26.977  3112 19149 E WakeLock: GCM_CONN_ALARM ** IS FORCE-RELEASED ON TIMEOUT **
02-23 00:46:22.199  3112 19928 E WakeLock: GCM_HB_ALARM release without a matched acquire!
02-23 00:46:27.206  3112 19149 E WakeLock: GCM_CONN_ALARM ** IS FORCE-RELEASED ON TIMEOUT **
02-23 00:47:22.647  3112 19928 E WakeLock: GCM_HB_ALARM release without a matched acquire!
02-23 00:52:29.814  3112 21038 E WorkSourceUtil: Could not find package: com.google.android.gms.westworld
02-23 00:52:51.224  3112 21099 E WorkSourceUtil: Could not find package: com.google.android.gms.westworld
02-23 00:58:07.676  3112 21104 E WakeLock: GCM_CONN_ALARM ** IS FORCE-RELEASED ON TIMEOUT **
02-23 00:59:02.868  3112 20519 E WakeLock: GCM_HB_ALARM release without a matched acquire!
02-23 00:59:07.879  3112 21104 E WakeLock: GCM_CONN_ALARM ** IS FORCE-RELEASED ON TIMEOUT **
02-23 01:00:03.227  3112 21432 E WakeLock: GCM_HB_ALARM release without a matched acquire!
02-23 01:15:03.290  3112 21432 E WakeLock: GCM_HB_ALARM release without a matched acquire!
02-23 01:17:53.288  3112 21114 E biip    : Phenotype API error. Event # dirm@5a0a88d5, EventCode: 7 [CONTEXT service_id=51 ]
02-23 01:17:53.288  3112 21114 E biip    : bihr: 29505: No config packages for log source, or config package not registered
02-23 01:17:53.288  3112 21114 E biip    : 	at bijl.b(:com.google.android.gms@230514037@23.05.14 (150400-509319212):4)
02-23 01:17:53.288  3112 21114 E biip    : 	at biji.g(:com.google.android.gms@230514037@23.05.14 (150400-509319212):0)
02-23 01:17:53.288  3112 21114 E biip    : 	at biip.e(:com.google.android.gms@230514037@23.05.14 (150400-509319212):4)
02-23 01:17:53.288  3112 21114 E biip    : 	at biip.f(:com.google.android.gms@230514037@23.05.14 (150400-509319212):2)
02-23 01:17:53.288  3112 21114 E biip    : 	at aspv.er(:com.google.android.gms@230514037@23.05.14 (150400-509319212):1)
02-23 01:17:53.288  3112 21114 E biip    : 	at asqb.run(:com.google.android.gms@230514037@23.05.14 (150400-509319212):12)
02-23 01:17:53.288  3112 21114 E biip    : 	at cnqy.run(:com.google.android.gms@230514037@23.05.14 (150400-509319212):2)
02-23 01:17:53.288  3112 21114 E biip    : 	at aaiq.c(:com.google.android.gms@230514037@23.05.14 (150400-509319212):6)
02-23 01:17:53.288  3112 21114 E biip    : 	at aaiq.run(:com.google.android.gms@230514037@23.05.14 (150400-509319212):7)
02-23 01:17:53.288  3112 21114 E biip    : 	at java.util.concurrent.ThreadPoolExecutor.runWorker(ThreadPoolExecutor.java:1167)
02-23 01:17:53.288  3112 21114 E biip    : 	at java.util.concurrent.ThreadPoolExecutor$Worker.run(ThreadPoolExecutor.java:641)
02-23 01:17:53.288  3112 21114 E biip    : 	at aanw.run(:com.google.android.gms@230514037@23.05.14 (150400-509319212):0)
02-23 01:17:53.288  3112 21114 E biip    : 	at java.lang.Thread.run(Thread.java:923)
02-23 01:32:12.471  3112 21432 E WakeLock: GCM_HB_ALARM release without a matched acquire!
02-23 01:49:05.715  3112 21114 W GmsStrictMode: DISK_READ [CONTEXT service_id=256 ]
02-23 01:49:05.715  3112 21114 W GmsStrictMode: android.os.strictmode.DiskReadViolation
02-23 01:49:05.715  3112 21114 W GmsStrictMode: 	at android.os.StrictMode$AndroidBlockGuardPolicy.onReadFromDisk(StrictMode.java:1596)
02-23 01:49:05.715  3112 21114 W GmsStrictMode: 	at libcore.io.BlockGuardOs.access(BlockGuardOs.java:71)
02-23 01:49:05.715  3112 21114 W GmsStrictMode: 	at libcore.io.ForwardingOs.access(ForwardingOs.java:72)
02-23 01:49:05.715  3112 21114 W GmsStrictMode: 	at android.app.ActivityThread$AndroidOs.access(ActivityThread.java:8094)
02-23 01:49:05.715  3112 21114 W GmsStrictMode: 	at java.io.UnixFileSystem.checkAccess(UnixFileSystem.java:281)
02-23 01:49:05.715  3112 21114 W GmsStrictMode: 	at java.io.File.exists(File.java:815)
02-23 01:49:05.715  3112 21114 W GmsStrictMode: 	at android.app.ContextImpl.getDataDir(ContextImpl.java:2596)
02-23 01:49:05.715  3112 21114 W GmsStrictMode: 	at android.app.ContextImpl.getPreferencesDir(ContextImpl.java:651)
02-23 01:49:05.715  3112 21114 W GmsStrictMode: 	at android.app.ContextImpl.getSharedPreferencesPath(ContextImpl.java:878)
02-23 01:49:05.715  3112 21114 W GmsStrictMode: 	at android.app.ContextImpl.getSharedPreferences(ContextImpl.java:500)
02-23 01:49:05.715  3112 21114 W GmsStrictMode: 	at android.content.ContextWrapper.getSharedPreferences(ContextWrapper.java:188)
02-23 01:49:05.715  3112 21114 W GmsStrictMode: 	at android.content.ContextWrapper.getSharedPreferences(ContextWrapper.java:188)
02-23 01:49:05.715  3112 21114 W GmsStrictMode: 	at android.content.ContextWrapper.getSharedPreferences(ContextWrapper.java:188)
02-23 01:49:05.715  3112 21114 W GmsStrictMode: 	at com.google.android.gms.stats.PlatformStatsCollectorChimeraService.d(:com.google.android.gms@230514037@23.05.14 (150400-509319212):1)
02-23 01:49:05.715  3112 21114 W GmsStrictMode: 	at com.google.android.gms.stats.PlatformStatsCollectorChimeraService.onCreate(:com.google.android.gms@230514037@23.05.14 (150400-509319212):2)
02-23 01:49:05.715  3112 21114 W GmsStrictMode: 	at gor.onCreate(:com.google.android.gms@230514037@23.05.14 (150400-509319212):1)
02-23 01:49:05.715  3112 21114 W GmsStrictMode: 	at xlw.onCreate(:com.google.android.gms@230514037@23.05.14 (150400-509319212):4)
02-23 01:49:05.715  3112 21114 W GmsStrictMode: 	at android.app.ActivityThread.handleCreateService(ActivityThread.java:4541)
02-23 01:49:05.715  3112 21114 W GmsStrictMode: 	at android.app.ActivityThread.access$1800(ActivityThread.java:265)
02-23 01:49:05.715  3112 21114 W GmsStrictMode: 	at android.app.ActivityThread$H.handleMessage(ActivityThread.java:2188)
02-23 01:49:05.715  3112 21114 W GmsStrictMode: 	at android.os.Handler.dispatchMessage(Handler.java:106)
02-23 01:49:05.715  3112 21114 W GmsStrictMode: 	at android.os.Looper.loop(Looper.java:257)
02-23 01:49:05.715  3112 21114 W GmsStrictMode: 	at android.app.ActivityThread.main(ActivityThread.java:8220)
02-23 01:49:05.715  3112 21114 W GmsStrictMode: 	at java.lang.reflect.Method.invoke(Native Method)
02-23 01:49:05.715  3112 21114 W GmsStrictMode: 	at com.android.internal.os.RuntimeInit$MethodAndArgsCaller.run(RuntimeInit.java:626)
02-23 01:49:05.715  3112 21114 W GmsStrictMode: 	at com.android.internal.os.ZygoteInit.main(ZygoteInit.java:1015)
02-23 01:49:05.717  3112 21114 W GmsStrictMode: DISK_READ [CONTEXT service_id=256 ]
02-23 01:49:05.717  3112 21114 W GmsStrictMode: android.os.strictmode.DiskReadViolation
02-23 01:49:05.717  3112 21114 W GmsStrictMode: 	at android.os.StrictMode$AndroidBlockGuardPolicy.onReadFromDisk(StrictMode.java:1596)
02-23 01:49:05.717  3112 21114 W GmsStrictMode: 	at libcore.io.BlockGuardOs.access(BlockGuardOs.java:71)
02-23 01:49:05.717  3112 21114 W GmsStrictMode: 	at libcore.io.ForwardingOs.access(ForwardingOs.java:72)
02-23 01:49:05.717  3112 21114 W GmsStrictMode: 	at android.app.ActivityThread$AndroidOs.access(ActivityThread.java:8094)
02-23 01:49:05.717  3112 21114 W GmsStrictMode: 	at java.io.UnixFileSystem.checkAccess(UnixFileSystem.java:281)
02-23 01:49:05.717  3112 21114 W GmsStrictMode: 	at java.io.File.exists(File.java:815)
02-23 01:49:05.717  3112 21114 W GmsStrictMode: 	at android.app.ContextImpl.ensurePrivateDirExists(ContextImpl.java:706)
02-23 01:49:05.717  3112 21114 W GmsStrictMode: 	at android.app.ContextImpl.ensurePrivateDirExists(ContextImpl.java:697)
02-23 01:49:05.717  3112 21114 W GmsStrictMode: 	at android.app.ContextImpl.getPreferencesDir(ContextImpl.java:653)
02-23 01:49:05.717  3112 21114 W GmsStrictMode: 	at android.app.ContextImpl.getSharedPreferencesPath(ContextImpl.java:878)
02-23 01:49:05.717  3112 21114 W GmsStrictMode: 	at android.app.ContextImpl.getSharedPreferences(ContextImpl.java:500)
02-23 01:49:05.717  3112 21114 W GmsStrictMode: 	at android.content.ContextWrapper.getSharedPreferences(ContextWrapper.java:188)
02-23 01:49:05.717  3112 21114 W GmsStrictMode: 	at android.content.ContextWrapper.getSharedPreferences(ContextWrapper.java:188)
02-23 01:49:05.717  3112 21114 W GmsStrictMode: 	at android.content.ContextWrapper.getSharedPreferences(ContextWrapper.java:188)
02-23 01:49:05.717  3112 21114 W GmsStrictMode: 	at com.google.android.gms.stats.PlatformStatsCollectorChimeraService.d(:com.google.android.gms@230514037@23.05.14 (150400-509319212):1)
02-23 01:49:05.717  3112 21114 W GmsStrictMode: 	at com.google.android.gms.stats.PlatformStatsCollectorChimeraService.onCreate(:com.google.android.gms@230514037@23.05.14 (150400-509319212):2)
02-23 01:49:05.717  3112 21114 W GmsStrictMode: 	at gor.onCreate(:com.google.android.gms@230514037@23.05.14 (150400-509319212):1)
02-23 01:49:05.717  3112 21114 W GmsStrictMode: 	at xlw.onCreate(:com.google.android.gms@230514037@23.05.14 (150400-509319212):4)
02-23 01:49:05.717  3112 21114 W GmsStrictMode: 	at android.app.ActivityThread.handleCreateService(ActivityThread.java:4541)
02-23 01:49:05.717  3112 21114 W GmsStrictMode: 	at android.app.ActivityThread.access$1800(ActivityThread.java:265)
02-23 01:49:05.717  3112 21114 W GmsStrictMode: 	at android.app.ActivityThread$H.handleMessage(ActivityThread.java:2188)
02-23 01:49:05.717  3112 21114 W GmsStrictMode: 	at android.os.Handler.dispatchMessage(Handler.java:106)
02-23 01:49:05.717  3112 21114 W GmsStrictMode: 	at android.os.Looper.loop(Looper.java:257)
02-23 01:49:05.717  3112 21114 W GmsStrictMode: 	at android.app.ActivityThread.main(ActivityThread.java:8220)
02-23 01:49:05.717  3112 21114 W GmsStrictMode: 	at java.lang.reflect.Method.invoke(Native Method)
02-23 01:49:05.717  3112 21114 W GmsStrictMode: 	at com.android.internal.os.RuntimeInit$MethodAndArgsCaller.run(RuntimeInit.java:626)
02-23 01:49:05.717  3112 21114 W GmsStrictMode: 	at com.android.internal.os.ZygoteInit.main(ZygoteInit.java:1015)
02-23 01:49:05.719  3112 25233 I NetworkScheduler.Stats: Task com.google.android.gms/com.google.android.gms.stats.PlatformStatsCollectorService started execution. cause:11 exec_start_elapsed_seconds: 122437 [CONTEXT service_id=218 ]
02-23 01:49:06.252  3112 22130 E NetworkScheduler.TED: Unable to bind to task service: ComponentInfo{com.google.android.gms/com.google.android.gms.semanticlocationhistory.federated.FederatedTaskIdentityDataService}
02-23 02:05:05.386  3112 26694 E WakeLock: GCM_HB_ALARM release without a matched acquire!
02-23 02:17:06.024  3112  3112 D BoundBrokerSvc: onRebind: Intent { act=com.google.android.gms.clearcut.bootcount.service.START pkg=com.google.android.gms }
02-23 03:09:04.415  3112 26694 E WakeLock: GCM_HB_ALARM release without a matched acquire!
02-23 03:25:05.471  3112  4792 E _V_SensorManager: registerListenerImpl type:1 strType=android.sensor.accelerometer delay:20000 maxLatency:2147483647 by: class com.google.android.location.collectionlib.BatchSignalCollector$BatchSensorEventListener num: 0
02-23 03:25:05.515  3112 27172 E _V_SensorManager: registerListenerImpl type:1 strType=android.sensor.accelerometer delay:20000 maxLatency:0 by: class com.google.android.location.collectionlib.SensorScanner$SensorEventListenerAdapter num: 0
02-23 03:25:05.658  3112 21104 W GmsStrictMode: DISK_READ [CONTEXT service_id=256 ]
02-23 03:25:05.658  3112 21104 W GmsStrictMode: android.os.strictmode.DiskReadViolation
02-23 03:25:05.658  3112 21104 W GmsStrictMode: 	at android.os.StrictMode$AndroidBlockGuardPolicy.onReadFromDisk(StrictMode.java:1596)
02-23 03:25:05.658  3112 21104 W GmsStrictMode: 	at libcore.io.BlockGuardOs.access(BlockGuardOs.java:71)
02-23 03:25:05.658  3112 21104 W GmsStrictMode: 	at libcore.io.ForwardingOs.access(ForwardingOs.java:72)
02-23 03:25:05.658  3112 21104 W GmsStrictMode: 	at android.app.ActivityThread$AndroidOs.access(ActivityThread.java:8094)
02-23 03:25:05.658  3112 21104 W GmsStrictMode: 	at java.io.UnixFileSystem.checkAccess(UnixFileSystem.java:281)
02-23 03:25:05.658  3112 21104 W GmsStrictMode: 	at java.io.File.exists(File.java:815)
02-23 03:25:05.658  3112 21104 W GmsStrictMode: 	at android.app.ContextImpl.getDataDir(ContextImpl.java:2596)
02-23 03:25:05.658  3112 21104 W GmsStrictMode: 	at android.app.ContextImpl.getPreferencesDir(ContextImpl.java:651)
02-23 03:25:05.658  3112 21104 W GmsStrictMode: 	at android.app.ContextImpl.getSharedPreferencesPath(ContextImpl.java:878)
02-23 03:25:05.658  3112 21104 W GmsStrictMode: 	at android.app.ContextImpl.getSharedPreferences(ContextImpl.java:500)
02-23 03:25:05.658  3112 21104 W GmsStrictMode: 	at android.content.ContextWrapper.getSharedPreferences(ContextWrapper.java:188)
02-23 03:25:05.658  3112 21104 W GmsStrictMode: 	at android.content.ContextWrapper.getSharedPreferences(ContextWrapper.java:188)
02-23 03:25:05.658  3112 21104 W GmsStrictMode: 	at android.content.ContextWrapper.getSharedPreferences(ContextWrapper.java:188)
02-23 03:25:05.658  3112 21104 W GmsStrictMode: 	at com.google.android.gms.stats.PlatformStatsCollectorChimeraService.d(:com.google.android.gms@230514037@23.05.14 (150400-509319212):1)
02-23 03:25:05.658  3112 21104 W GmsStrictMode: 	at com.google.android.gms.stats.PlatformStatsCollectorChimeraService.onCreate(:com.google.android.gms@230514037@23.05.14 (150400-509319212):2)
02-23 03:25:05.658  3112 21104 W GmsStrictMode: 	at gor.onCreate(:com.google.android.gms@230514037@23.05.14 (150400-509319212):1)
02-23 03:25:05.658  3112 21104 W GmsStrictMode: 	at xlw.onCreate(:com.google.android.gms@230514037@23.05.14 (150400-509319212):4)
02-23 03:25:05.658  3112 21104 W GmsStrictMode: 	at android.app.ActivityThread.handleCreateService(ActivityThread.java:4541)
02-23 03:25:05.658  3112 21104 W GmsStrictMode: 	at android.app.ActivityThread.access$1800(ActivityThread.java:265)
02-23 03:25:05.658  3112 21104 W GmsStrictMode: 	at android.app.ActivityThread$H.handleMessage(ActivityThread.java:2188)
02-23 03:25:05.658  3112 21104 W GmsStrictMode: 	at android.os.Handler.dispatchMessage(Handler.java:106)
02-23 03:25:05.658  3112 21104 W GmsStrictMode: 	at android.os.Looper.loop(Looper.java:257)
02-23 03:25:05.658  3112 21104 W GmsStrictMode: 	at android.app.ActivityThread.main(ActivityThread.java:8220)
02-23 03:25:05.658  3112 21104 W GmsStrictMode: 	at java.lang.reflect.Method.invoke(Native Method)
02-23 03:25:05.658  3112 21104 W GmsStrictMode: 	at com.android.internal.os.RuntimeInit$MethodAndArgsCaller.run(RuntimeInit.java:626)
02-23 03:25:05.658  3112 21104 W GmsStrictMode: 	at com.android.internal.os.ZygoteInit.main(ZygoteInit.java:1015)
02-23 03:25:05.662  3112 26694 I NetworkScheduler.Stats: Task com.google.android.gms/com.google.android.gms.stats.PlatformStatsCollectorService started execution. cause:10 exec_start_elapsed_seconds: 128197 [CONTEXT service_id=218 ]
02-23 03:25:05.674  3112 21104 W GmsStrictMode: DISK_READ [CONTEXT service_id=256 ]
02-23 03:25:05.674  3112 21104 W GmsStrictMode: android.os.strictmode.DiskReadViolation
02-23 03:25:05.674  3112 21104 W GmsStrictMode: 	at android.os.StrictMode$AndroidBlockGuardPolicy.onReadFromDisk(StrictMode.java:1596)
02-23 03:25:05.674  3112 21104 W GmsStrictMode: 	at libcore.io.BlockGuardOs.access(BlockGuardOs.java:71)
02-23 03:25:05.674  3112 21104 W GmsStrictMode: 	at libcore.io.ForwardingOs.access(ForwardingOs.java:72)
02-23 03:25:05.674  3112 21104 W GmsStrictMode: 	at android.app.ActivityThread$AndroidOs.access(ActivityThread.java:8094)
02-23 03:25:05.674  3112 21104 W GmsStrictMode: 	at java.io.UnixFileSystem.checkAccess(UnixFileSystem.java:281)
02-23 03:25:05.674  3112 21104 W GmsStrictMode: 	at java.io.File.exists(File.java:815)
02-23 03:25:05.674  3112 21104 W GmsStrictMode: 	at android.app.ContextImpl.ensurePrivateDirExists(ContextImpl.java:706)
02-23 03:25:05.674  3112 21104 W GmsStrictMode: 	at android.app.ContextImpl.ensurePrivateDirExists(ContextImpl.java:697)
02-23 03:25:05.674  3112 21104 W GmsStrictMode: 	at android.app.ContextImpl.getPreferencesDir(ContextImpl.java:653)
02-23 03:25:05.674  3112 21104 W GmsStrictMode: 	at android.app.ContextImpl.getSharedPreferencesPath(ContextImpl.java:878)
02-23 03:25:05.674  3112 21104 W GmsStrictMode: 	at android.app.ContextImpl.getSharedPreferences(ContextImpl.java:500)
02-23 03:25:05.674  3112 21104 W GmsStrictMode: 	at android.content.ContextWrapper.getSharedPreferences(ContextWrapper.java:188)
02-23 03:25:05.674  3112 21104 W GmsStrictMode: 	at android.content.ContextWrapper.getSharedPreferences(ContextWrapper.java:188)
02-23 03:25:05.674  3112 21104 W GmsStrictMode: 	at android.content.ContextWrapper.getSharedPreferences(ContextWrapper.java:188)
02-23 03:25:05.674  3112 21104 W GmsStrictMode: 	at com.google.android.gms.stats.PlatformStatsCollectorChimeraService.d(:com.google.android.gms@230514037@23.05.14 (150400-509319212):1)
02-23 03:25:05.674  3112 21104 W GmsStrictMode: 	at com.google.android.gms.stats.PlatformStatsCollectorChimeraService.onCreate(:com.google.android.gms@230514037@23.05.14 (150400-509319212):2)
02-23 03:25:05.674  3112 21104 W GmsStrictMode: 	at gor.onCreate(:com.google.android.gms@230514037@23.05.14 (150400-509319212):1)
02-23 03:25:05.674  3112 21104 W GmsStrictMode: 	at xlw.onCreate(:com.google.android.gms@230514037@23.05.14 (150400-509319212):4)
02-23 03:25:05.674  3112 21104 W GmsStrictMode: 	at android.app.ActivityThread.handleCreateService(ActivityThread.java:4541)
02-23 03:25:05.674  3112 21104 W GmsStrictMode: 	at android.app.ActivityThread.access$1800(ActivityThread.java:265)
02-23 03:25:05.674  3112 21104 W GmsStrictMode: 	at android.app.ActivityThread$H.handleMessage(ActivityThread.java:2188)
02-23 03:25:05.674  3112 21104 W GmsStrictMode: 	at android.os.Handler.dispatchMessage(Handler.java:106)
02-23 03:25:05.674  3112 21104 W GmsStrictMode: 	at android.os.Looper.loop(Looper.java:257)
02-23 03:25:05.674  3112 21104 W GmsStrictMode: 	at android.app.ActivityThread.main(ActivityThread.java:8220)
02-23 03:25:05.674  3112 21104 W GmsStrictMode: 	at java.lang.reflect.Method.invoke(Native Method)
02-23 03:25:05.674  3112 21104 W GmsStrictMode: 	at com.android.internal.os.RuntimeInit$MethodAndArgsCaller.run(RuntimeInit.java:626)
02-23 03:25:05.674  3112 21104 W GmsStrictMode: 	at com.android.internal.os.ZygoteInit.main(ZygoteInit.java:1015)
02-23 03:25:06.084  3112 26626 E NetworkScheduler.TED: Unable to bind to task service: ComponentInfo{com.google.android.gms/com.google.android.gms.semanticlocationhistory.federated.FederatedTaskIdentityDataService}
02-23 03:25:08.977  3112 27172 E _V_SensorManager: unregisterListenerImpl listener=com.google.android.location.collectionlib.SensorScanner$SensorEventListenerAdapter@5b1a997sensor=NULL num: 1
02-23 04:09:18.510  3112 27194 E WakeLock: GCM_HB_ALARM release without a matched acquire!
02-23 05:09:24.496  3112 26845 E WakeLock: GCM_HB_ALARM release without a matched acquire!
02-23 05:25:04.575  3112 27264 E _V_SensorManager: registerListenerImpl type:1 strType=android.sensor.accelerometer delay:20000 maxLatency:0 by: class com.google.android.location.collectionlib.SensorScanner$SensorEventListenerAdapter num: 0
02-23 05:25:04.782  3112 27194 I NetworkScheduler.Stats: Task com.google.android.gms/com.google.android.gms.checkin.EventLogService started execution. cause:4 exec_start_elapsed_seconds: 135396 [CONTEXT service_id=218 ]
02-23 05:25:04.815  3112  8842 E NetworkScheduler.ATC: Error finding compatible intent-filter to handle SERVICE_ACTION_EXECUTE_TASK for com.google.android.gms/.chimera.GmsInternalBoundBrokerService [CONTEXT service_id=218 ]
02-23 05:25:04.816  3112  8842 E NetworkScheduler.TED: Invalid service definition provided: null [CONTEXT service_id=218 ]
02-23 05:25:04.820  3112 27194 I NetworkScheduler.Stats: Task com.google.android.gms/com.google.android.gms.chimera.GmsInternalBoundBrokerService finished executing. cause:4 result: 10 elapsed_millis: 31 uptime_millis: 31 exec_start_elapsed_seconds: 135396 [CONTEXT service_id=218 ]
02-23 05:25:04.964  3112  3112 D BoundBrokerSvc: onBind: Intent { act=com.google.android.contextmanager.service.ContextManagerLogsUploadBoundService.ACTION_TASK_READY dat=chimera-action: cmp=com.google.android.gms/.chimera.PersistentInternalBoundBrokerService }
02-23 05:25:04.964  3112  3112 D BoundBrokerSvc: Loading bound service for intent: Intent { act=com.google.android.contextmanager.service.ContextManagerLogsUploadBoundService.ACTION_TASK_READY dat=chimera-action: cmp=com.google.android.gms/.chimera.PersistentInternalBoundBrokerService }
02-23 05:25:04.973  3112 27141 I NetworkScheduler.Stats: Task com.google.android.gms/com.google.android.contextmanager.service.ContextManagerLogsUploadBoundService started execution. cause:10 exec_start_elapsed_seconds: 135396 [CONTEXT service_id=218 ]
02-23 05:25:04.988  3112  3112 D BoundBrokerSvc: onUnbind: Intent { act=com.google.android.contextmanager.service.ContextManagerLogsUploadBoundService.ACTION_TASK_READY dat=chimera-action: cmp=com.google.android.gms/.chimera.PersistentInternalBoundBrokerService }
02-23 05:25:04.988  3112 27270 I NetworkScheduler.Stats: Task com.google.android.gms/com.google.android.contextmanager.service.ContextManagerLogsUploadBoundService finished executing. cause:10 result: 1 elapsed_millis: 30 uptime_millis: 29 exec_start_elapsed_seconds: 135396 [CONTEXT service_id=218 ]
02-23 05:25:05.060  3112  3133 I .gms.persisten: Background young concurrent copying GC freed 67995(4333KB) AllocSpace objects, 7(188KB) LOS objects, 16% free, 23MB/27MB, paused 182us total 123.059ms
02-23 05:25:05.124  3112 27141 E NetworkScheduler.TED: Unable to bind to task service: ComponentInfo{com.google.android.gms/com.google.android.gms.semanticlocationhistory.federated.FederatedTaskIdentityDataService}
02-23 05:25:05.130  3112 27270 I NetworkScheduler.Stats: Task com.google.android.gms/com.google.android.gms.semanticlocationhistory.federated.FederatedTaskIdentityDataService finished executing. cause:5 result: 7 elapsed_millis: 11 uptime_millis: 11 exec_start_elapsed_seconds: 135396 [CONTEXT service_id=218 ]
02-23 05:25:08.048  3112 27264 E _V_SensorManager: unregisterListenerImpl listener=com.google.android.location.collectionlib.SensorScanner$SensorEventListenerAdapter@25c80bfsensor=NULL num: 1
02-23 05:25:08.122  3112  4792 E _V_SensorManager: unregisterListenerImpl listener=com.google.android.location.collectionlib.BatchSignalCollector$BatchSensorEventListener@4914933sensor=android.sensor.accelerometer num: 1
02-23 05:29:26.517  3112 27353 E WorkSourceUtil: Could not find package: com.google.android.gms.westworld
02-23 05:49:27.819  3112 27354 E WorkSourceUtil: Could not find package: com.google.android.gms.westworld
02-23 06:09:29.580  3112 26845 E WakeLock: GCM_HB_ALARM release without a matched acquire!
02-23 07:09:34.568  3112 27141 E WakeLock: GCM_HB_ALARM release without a matched acquire!
02-23 08:09:40.652  3112 27141 E WakeLock: GCM_HB_ALARM release without a matched acquire!
02-23 08:58:28.745  3112  4792 E _V_SensorManager: registerListenerImpl type:1 strType=android.sensor.accelerometer delay:20000 maxLatency:2147483647 by: class com.google.android.location.collectionlib.BatchSignalCollector$BatchSensorEventListener num: 0
02-23 08:58:28.849  3112 27734 E _V_SensorManager: registerListenerImpl type:1 strType=android.sensor.accelerometer delay:20000 maxLatency:0 by: class com.google.android.location.collectionlib.SensorScanner$SensorEventListenerAdapter num: 0
02-23 08:58:32.191  3112 27734 E _V_SensorManager: unregisterListenerImpl listener=com.google.android.location.collectionlib.SensorScanner$SensorEventListenerAdapter@250772esensor=NULL num: 1
02-23 08:58:33.031  3112 27980 E _V_SensorManager: registerListenerImpl type:1 strType=android.sensor.accelerometer delay:20000 maxLatency:0 by: class com.google.android.location.collectionlib.SensorScanner$SensorEventListenerAdapter num: 0
02-23 08:58:36.371  3112 27980 E _V_SensorManager: unregisterListenerImpl listener=com.google.android.location.collectionlib.SensorScanner$SensorEventListenerAdapter@861db88sensor=NULL num: 1
02-23 08:58:38.878  3112 27997 E _V_SensorManager: registerListenerImpl type:1 strType=android.sensor.accelerometer delay:20000 maxLatency:0 by: class com.google.android.location.collectionlib.SensorScanner$SensorEventListenerAdapter num: 0
02-23 08:58:42.354  3112 27997 E _V_SensorManager: unregisterListenerImpl listener=com.google.android.location.collectionlib.SensorScanner$SensorEventListenerAdapter@4951453sensor=NULL num: 1
02-23 08:59:12.706  3112  3133 I .gms.persisten: Background concurrent copying GC freed 53758(2072KB) AllocSpace objects, 114(5928KB) LOS objects, 23% free, 19MB/25MB, paused 186us total 297.656ms
02-23 08:59:14.346  3112  3133 I .gms.persisten: Background concurrent copying GC freed 39867(1484KB) AllocSpace objects, 114(5928KB) LOS objects, 23% free, 19MB/25MB, paused 177us total 293.608ms
02-23 08:59:17.727  3112  3133 I .gms.persisten: Background concurrent copying GC freed 40383(1512KB) AllocSpace objects, 114(5928KB) LOS objects, 23% free, 19MB/25MB, paused 219us total 290.350ms
02-23 08:59:27.907  3112  3133 I .gms.persisten: Background concurrent copying GC freed 39723(1473KB) AllocSpace objects, 114(5928KB) LOS objects, 23% free, 19MB/25MB, paused 273us total 288.664ms
02-23 08:59:31.411  3112  3133 I .gms.persisten: Background concurrent copying GC freed 39048(1466KB) AllocSpace objects, 114(5928KB) LOS objects, 23% free, 19MB/25MB, paused 219us total 296.151ms
02-23 08:59:33.162  3112  3133 I .gms.persisten: Background concurrent copying GC freed 43495(1612KB) AllocSpace objects, 114(5928KB) LOS objects, 23% free, 19MB/25MB, paused 189us total 292.064ms
02-23 08:59:34.887  3112  3133 I .gms.persisten: Background concurrent copying GC freed 39618(1480KB) AllocSpace objects, 114(5928KB) LOS objects, 23% free, 19MB/25MB, paused 163us total 294.242ms
02-23 08:59:36.635  3112  3133 I .gms.persisten: Background concurrent copying GC freed 40745(1519KB) AllocSpace objects, 114(5928KB) LOS objects, 23% free, 19MB/25MB, paused 271us total 291.824ms
02-23 08:59:45.414  3112  3133 I .gms.persisten: Background concurrent copying GC freed 39901(1483KB) AllocSpace objects, 114(5928KB) LOS objects, 23% free, 19MB/25MB, paused 149us total 289.939ms
02-23 08:59:54.576  3112  3133 I .gms.persisten: Background concurrent copying GC freed 40427(1504KB) AllocSpace objects, 112(5824KB) LOS objects, 23% free, 19MB/25MB, paused 168us total 288.514ms
02-23 09:00:00.136  3112  3133 I .gms.persisten: Background concurrent copying GC freed 39842(1486KB) AllocSpace objects, 112(5824KB) LOS objects, 23% free, 19MB/25MB, paused 202us total 298.373ms
02-23 09:00:02.049  3112  3133 I .gms.persisten: Background concurrent copying GC freed 40660(1509KB) AllocSpace objects, 112(5824KB) LOS objects, 23% free, 19MB/25MB, paused 338us total 289.471ms
02-23 09:00:03.898  3112  3133 I .gms.persisten: Background concurrent copying GC freed 40695(1510KB) AllocSpace objects, 112(5824KB) LOS objects, 23% free, 19MB/25MB, paused 177us total 291.030ms
02-23 09:00:05.741  3112  3133 I .gms.persisten: Background concurrent copying GC freed 37642(1398KB) AllocSpace objects, 104(5408KB) LOS objects, 23% free, 20MB/26MB, paused 197us total 290.026ms
02-23 09:00:12.784  3112  3342 D SharedPreferencesImpl: Time required to fsync /data/user/0/com.google.android.gms/shared_prefs/tron_prefs.xml: [<1: 0, <2: 0, <4: 8007, <8: 6522, <16: 615, <32: 109, <64: 68, <128: 37, <256: 2, <512: 0, <1024: 0, <2048: 0, <4096: 0, <8192: 0, <16384: 0, >=16384: 0]
02-23 09:00:17.118  3112  3133 I .gms.persisten: Background concurrent copying GC freed 40212(1492KB) AllocSpace objects, 112(5824KB) LOS objects, 23% free, 19MB/25MB, paused 182us total 292.485ms
02-23 09:00:18.987  3112  3133 I .gms.persisten: Background concurrent copying GC freed 40608(1509KB) AllocSpace objects, 110(5720KB) LOS objects, 23% free, 19MB/25MB, paused 211us total 288.522ms
02-23 09:00:22.830  3112  3133 I .gms.persisten: Background concurrent copying GC freed 39794(1480KB) AllocSpace objects, 112(5824KB) LOS objects, 23% free, 19MB/25MB, paused 188us total 289.790ms
02-23 09:00:24.899  3112  3133 I .gms.persisten: Background concurrent copying GC freed 45006(1657KB) AllocSpace objects, 124(6448KB) LOS objects, 22% free, 20MB/26MB, paused 271us total 293.245ms
02-23 09:00:44.540  3112  3133 I .gms.persisten: Background concurrent copying GC freed 39676(1468KB) AllocSpace objects, 110(5720KB) LOS objects, 23% free, 19MB/25MB, paused 177us total 307.172ms
02-23 09:00:48.655  3112  3133 I .gms.persisten: Background concurrent copying GC freed 40263(1492KB) AllocSpace objects, 110(5720KB) LOS objects, 23% free, 19MB/25MB, paused 127us total 286.834ms
02-23 09:01:03.121  3112  3133 I .gms.persisten: Background concurrent copying GC freed 40452(1482KB) AllocSpace objects, 110(5720KB) LOS objects, 23% free, 19MB/25MB, paused 162us total 289.296ms
02-23 09:01:13.439  3112  3133 I .gms.persisten: Background concurrent copying GC freed 39784(1473KB) AllocSpace objects, 110(5720KB) LOS objects, 23% free, 19MB/25MB, paused 204us total 288.881ms
02-23 09:01:15.485  3112  3133 I .gms.persisten: Background concurrent copying GC freed 39133(1451KB) AllocSpace objects, 110(5720KB) LOS objects, 23% free, 19MB/25MB, paused 135us total 285.450ms
02-23 09:01:18.781  3112  3133 I .gms.persisten: Background concurrent copying GC freed 23831(920KB) AllocSpace objects, 140(7280KB) LOS objects, 22% free, 20MB/26MB, paused 194us total 288.470ms
02-23 09:01:20.072  3112  3133 I .gms.persisten: Background concurrent copying GC freed 23123(917KB) AllocSpace objects, 140(7280KB) LOS objects, 22% free, 20MB/26MB, paused 194us total 288.490ms
02-23 09:01:29.174  3112  3133 I .gms.persisten: Background concurrent copying GC freed 22829(873KB) AllocSpace objects, 136(7072KB) LOS objects, 22% free, 20MB/26MB, paused 201us total 286.670ms
02-23 09:01:33.962  3112 28116 D SharedPreferencesImpl: Time required to fsync /data/user/0/com.google.android.gms/shared_prefs/LogDropPref.xml: [<1: 0, <2: 0, <4: 871, <8: 1004, <16: 149, <32: 11, <64: 4, <128: 8, <256: 1, <512: 0, <1024: 0, <2048: 0, <4096: 0, <8192: 0, <16384: 0, >=16384: 0]
02-23 09:01:39.719  3112  3133 I .gms.persisten: Background concurrent copying GC freed 23456(915KB) AllocSpace objects, 144(7488KB) LOS objects, 23% free, 19MB/25MB, paused 179us total 291.501ms
02-23 09:01:43.649  3112  3133 I .gms.persisten: Background concurrent copying GC freed 23204(915KB) AllocSpace objects, 142(7384KB) LOS objects, 23% free, 20MB/26MB, paused 201us total 286.751ms
02-23 09:01:47.443  3112  3133 I .gms.persisten: Background concurrent copying GC freed 21784(853KB) AllocSpace objects, 132(6864KB) LOS objects, 23% free, 19MB/25MB, paused 165us total 290.295ms
02-23 09:01:54.634  3112 28116 D SharedPreferencesImpl: Time required to fsync /data/user/0/com.google.android.gms/shared_prefs/LogDropPref.xml: [<1: 0, <2: 0, <4: 1451, <8: 1391, <16: 199, <32: 13, <64: 7, <128: 10, <256: 1, <512: 0, <1024: 0, <2048: 0, <4096: 0, <8192: 0, <16384: 0, >=16384: 0]
02-23 09:01:55.560  3112  3133 I .gms.persisten: Background concurrent copying GC freed 24369(949KB) AllocSpace objects, 148(7696KB) LOS objects, 22% free, 20MB/26MB, paused 196us total 293.753ms
02-23 09:02:03.502  3112  3133 I .gms.persisten: Background concurrent copying GC freed 23236(908KB) AllocSpace objects, 138(7176KB) LOS objects, 22% free, 20MB/26MB, paused 186us total 288.570ms
02-23 09:02:11.583  3112  3133 I .gms.persisten: Background concurrent copying GC freed 22812(862KB) AllocSpace objects, 134(6968KB) LOS objects, 22% free, 20MB/26MB, paused 146us total 280.737ms
02-23 09:02:11.950  3112  3342 D SharedPreferencesImpl: Time required to fsync /data/user/0/com.google.android.gms/shared_prefs/tron_prefs.xml: [<1: 0, <2: 0, <4: 11838, <8: 8477, <16: 906, <32: 134, <64: 95, <128: 51, <256: 3, <512: 0, <1024: 0, <2048: 0, <4096: 0, <8192: 0, <16384: 0, >=16384: 0]
02-23 09:02:15.859  3112 28116 D SharedPreferencesImpl: Time required to fsync /data/user/0/com.google.android.gms/shared_prefs/LogDropPref.xml: [<1: 0, <2: 0, <4: 2068, <8: 1740, <16: 244, <32: 24, <64: 8, <128: 11, <256: 1, <512: 0, <1024: 0, <2048: 0, <4096: 0, <8192: 0, <16384: 0, >=16384: 0]
02-23 09:02:18.609  3112  3133 I .gms.persisten: Background concurrent copying GC freed 23605(929KB) AllocSpace objects, 144(7488KB) LOS objects, 22% free, 20MB/26MB, paused 165us total 280.400ms
02-23 09:02:25.796  3112  3133 I .gms.persisten: Background concurrent copying GC freed 22703(871KB) AllocSpace objects, 140(7280KB) LOS objects, 22% free, 20MB/26MB, paused 210us total 281.894ms
02-23 09:02:38.840  3112 28116 D SharedPreferencesImpl: Time required to fsync /data/user/0/com.google.android.gms/shared_prefs/LogDropPref.xml: [<1: 0, <2: 0, <4: 2745, <8: 2049, <16: 277, <32: 26, <64: 10, <128: 12, <256: 1, <512: 0, <1024: 0, <2048: 0, <4096: 0, <8192: 0, <16384: 0, >=16384: 0]
02-23 09:03:09.866  3112  3342 D SharedPreferencesImpl: Time required to fsync /data/user/0/com.google.android.gms/shared_prefs/tron_prefs.xml: [<1: 0, <2: 1, <4: 13240, <8: 10066, <16: 959, <32: 141, <64: 108, <128: 58, <256: 3, <512: 0, <1024: 0, <2048: 0, <4096: 0, <8192: 0, <16384: 0, >=16384: 0]
02-23 09:03:16.274  3112  3133 I .gms.persisten: Background concurrent copying GC freed 36653(1364KB) AllocSpace objects, 148(7696KB) LOS objects, 22% free, 20MB/26MB, paused 190us total 285.272ms
02-23 09:03:19.249  3112  3133 I .gms.persisten: Background concurrent copying GC freed 36515(1361KB) AllocSpace objects, 148(7696KB) LOS objects, 22% free, 20MB/26MB, paused 191us total 290.193ms
02-23 09:03:29.148  3112  3133 I .gms.persisten: Background concurrent copying GC freed 37283(1375KB) AllocSpace objects, 150(7800KB) LOS objects, 22% free, 20MB/26MB, paused 168us total 289.245ms
02-23 09:03:30.157  3112  3133 I .gms.persisten: Background concurrent copying GC freed 36209(1355KB) AllocSpace objects, 146(7592KB) LOS objects, 22% free, 20MB/26MB, paused 199us total 290.881ms
02-23 09:03:31.185  3112  3133 I .gms.persisten: Background concurrent copying GC freed 36207(1338KB) AllocSpace objects, 148(7696KB) LOS objects, 22% free, 20MB/26MB, paused 284us total 287.416ms
02-23 09:03:39.630  3112  3133 I .gms.persisten: Background concurrent copying GC freed 35778(1321KB) AllocSpace objects, 144(7488KB) LOS objects, 22% free, 20MB/26MB, paused 310us total 286.545ms
02-23 09:03:42.815  3112  3133 I .gms.persisten: Background concurrent copying GC freed 36219(1354KB) AllocSpace objects, 150(7800KB) LOS objects, 22% free, 20MB/26MB, paused 188us total 288.163ms
02-23 09:03:44.186  3112  3133 I .gms.persisten: Background concurrent copying GC freed 36566(1342KB) AllocSpace objects, 146(7592KB) LOS objects, 22% free, 20MB/26MB, paused 321us total 286.885ms
02-23 09:03:45.266  3112  3133 I .gms.persisten: Background concurrent copying GC freed 35581(1327KB) AllocSpace objects, 146(7592KB) LOS objects, 22% free, 20MB/26MB, paused 172us total 286.279ms
02-23 09:03:47.427  3112  3133 I .gms.persisten: Background concurrent copying GC freed 36391(1353KB) AllocSpace objects, 144(7488KB) LOS objects, 22% free, 20MB/26MB, paused 283us total 287.199ms
02-23 09:03:48.486  3112  3133 I .gms.persisten: Background concurrent copying GC freed 35590(1325KB) AllocSpace objects, 146(7592KB) LOS objects, 22% free, 20MB/26MB, paused 191us total 288.183ms
02-23 09:03:55.010  3112  3133 I .gms.persisten: Background concurrent copying GC freed 35173(1308KB) AllocSpace objects, 142(7384KB) LOS objects, 22% free, 20MB/26MB, paused 185us total 289.345ms
02-23 09:03:56.375  3112  3342 D SharedPreferencesImpl: Time required to fsync /data/user/0/com.google.android.gms/shared_prefs/tron_prefs.xml: [<1: 0, <2: 1, <4: 15015, <8: 11297, <16: 1009, <32: 148, <64: 115, <128: 60, <256: 3, <512: 0, <1024: 0, <2048: 0, <4096: 0, <8192: 0, <16384: 0, >=16384: 0]
02-23 09:04:03.952  3112  3133 I .gms.persisten: Background concurrent copying GC freed 34816(1298KB) AllocSpace objects, 142(7384KB) LOS objects, 22% free, 20MB/26MB, paused 277us total 288.165ms
02-23 09:04:06.232  3112  3133 I .gms.persisten: Background concurrent copying GC freed 35787(1321KB) AllocSpace objects, 142(7384KB) LOS objects, 22% free, 20MB/26MB, paused 199us total 285.454ms
02-23 09:04:09.610  3112  3133 I .gms.persisten: Background concurrent copying GC freed 34885(1300KB) AllocSpace objects, 140(7280KB) LOS objects, 22% free, 20MB/26MB, paused 145us total 288.268ms
02-23 09:04:10.749  3112  3133 I .gms.persisten: Background concurrent copying GC freed 35377(1311KB) AllocSpace objects, 146(7592KB) LOS objects, 22% free, 20MB/26MB, paused 283us total 289.981ms
02-23 09:04:11.894  3112  3133 I .gms.persisten: Background concurrent copying GC freed 34459(1282KB) AllocSpace objects, 136(7072KB) LOS objects, 22% free, 20MB/26MB, paused 199us total 283.442ms
02-23 09:04:13.036  3112  3133 I .gms.persisten: Background concurrent copying GC freed 35783(1343KB) AllocSpace objects, 144(7488KB) LOS objects, 22% free, 20MB/26MB, paused 194us total 285.424ms
02-23 09:04:14.160  3112  3133 I .gms.persisten: Background concurrent copying GC freed 34452(1279KB) AllocSpace objects, 138(7176KB) LOS objects, 22% free, 20MB/26MB, paused 187us total 283.966ms
02-23 09:04:16.462  3112  3133 I .gms.persisten: Background concurrent copying GC freed 34744(1280KB) AllocSpace objects, 144(7488KB) LOS objects, 22% free, 20MB/26MB, paused 188us total 287.456ms
02-23 09:04:21.070  3112  3133 I .gms.persisten: Background concurrent copying GC freed 34519(1291KB) AllocSpace objects, 142(7384KB) LOS objects, 22% free, 20MB/26MB, paused 169us total 287.802ms
02-23 09:04:28.153  3112  3133 I .gms.persisten: Background concurrent copying GC freed 37895(1398KB) AllocSpace objects, 154(8008KB) LOS objects, 22% free, 20MB/26MB, paused 179us total 288.896ms
02-23 09:04:31.697  3112  3133 I .gms.persisten: Background concurrent copying GC freed 34617(1294KB) AllocSpace objects, 142(7384KB) LOS objects, 22% free, 20MB/26MB, paused 185us total 287.878ms
02-23 09:04:35.259  3112  3133 I .gms.persisten: Background concurrent copying GC freed 34335(1271KB) AllocSpace objects, 138(7176KB) LOS objects, 22% free, 20MB/26MB, paused 178us total 287.221ms
02-23 09:04:40.045  3112  3133 I .gms.persisten: Background concurrent copying GC freed 34339(1257KB) AllocSpace objects, 138(7176KB) LOS objects, 22% free, 20MB/26MB, paused 184us total 285.693ms
02-23 09:04:42.425  3112  3133 I .gms.persisten: Background concurrent copying GC freed 33619(1239KB) AllocSpace objects, 136(7072KB) LOS objects, 22% free, 20MB/26MB, paused 172us total 287.015ms
02-23 09:04:43.635  3112  3133 I .gms.persisten: Background concurrent copying GC freed 33711(1238KB) AllocSpace objects, 134(6968KB) LOS objects, 22% free, 20MB/26MB, paused 191us total 285.561ms
02-23 09:04:46.089  3112  3133 I .gms.persisten: Background concurrent copying GC freed 34139(1275KB) AllocSpace objects, 142(7384KB) LOS objects, 22% free, 20MB/26MB, paused 170us total 287.044ms
02-23 09:04:47.321  3112  3133 I .gms.persisten: Background concurrent copying GC freed 33912(1276KB) AllocSpace objects, 146(7592KB) LOS objects, 22% free, 20MB/26MB, paused 184us total 287.409ms
02-23 09:04:49.747  3112  3133 I .gms.persisten: Background concurrent copying GC freed 34473(1278KB) AllocSpace objects, 140(7280KB) LOS objects, 22% free, 20MB/26MB, paused 172us total 283.566ms
02-23 09:04:53.487  3112  3133 I .gms.persisten: Background concurrent copying GC freed 34693(1307KB) AllocSpace objects, 138(7176KB) LOS objects, 22% free, 20MB/26MB, paused 147us total 287.499ms
02-23 09:04:54.847  3112  3133 I .gms.persisten: Background concurrent copying GC freed 40313(1486KB) AllocSpace objects, 164(8528KB) LOS objects, 22% free, 20MB/26MB, paused 339us total 291.654ms
02-23 09:04:57.359  3112  3133 I .gms.persisten: Background concurrent copying GC freed 33638(1243KB) AllocSpace objects, 138(7176KB) LOS objects, 22% free, 20MB/26MB, paused 179us total 284.344ms
02-23 09:04:59.895  3112  3133 I .gms.persisten: Background concurrent copying GC freed 34014(1266KB) AllocSpace objects, 136(7072KB) LOS objects, 22% free, 20MB/26MB, paused 204us total 286.312ms
02-23 09:05:01.134  3112  3133 I .gms.persisten: Background concurrent copying GC freed 34345(1272KB) AllocSpace objects, 136(7072KB) LOS objects, 22% free, 20MB/26MB, paused 159us total 285.359ms
02-23 09:05:08.684  3112  3133 I .gms.persisten: Background concurrent copying GC freed 34255(1270KB) AllocSpace objects, 136(7072KB) LOS objects, 22% free, 20MB/26MB, paused 181us total 283.559ms
02-23 09:05:26.362  3112  3133 I .gms.persisten: Background concurrent copying GC freed 33850(1243KB) AllocSpace objects, 132(6864KB) LOS objects, 22% free, 20MB/26MB, paused 325us total 284.387ms
02-23 09:05:28.939  3112  3133 I .gms.persisten: Background concurrent copying GC freed 33013(1218KB) AllocSpace objects, 130(6760KB) LOS objects, 22% free, 20MB/26MB, paused 277us total 281.633ms
02-23 09:05:50.880  3112  3133 I .gms.persisten: Background concurrent copying GC freed 33843(1262KB) AllocSpace objects, 146(7592KB) LOS objects, 22% free, 20MB/26MB, paused 285us total 284.019ms
02-23 09:05:55.592  3112 17757 D SharedPreferencesImpl: Time required to fsync /data/user/0/com.google.android.gms/shared_prefs/LogDropPref.xml: [<1: 0, <2: 0, <4: 7714, <8: 8044, <16: 521, <32: 49, <64: 32, <128: 23, <256: 1, <512: 0, <1024: 0, <2048: 0, <4096: 0, <8192: 0, <16384: 0, >=16384: 0]
02-23 09:06:26.818  3112  3133 I .gms.persisten: Background concurrent copying GC freed 33287(1239KB) AllocSpace objects, 130(6760KB) LOS objects, 22% free, 20MB/26MB, paused 185us total 280.757ms
02-23 09:06:29.521  3112  3133 I .gms.persisten: Background concurrent copying GC freed 32638(1192KB) AllocSpace objects, 132(6864KB) LOS objects, 22% free, 20MB/26MB, paused 157us total 284.314ms
02-23 09:06:30.872  3112  3133 I .gms.persisten: Background concurrent copying GC freed 32413(1184KB) AllocSpace objects, 130(6760KB) LOS objects, 22% free, 20MB/26MB, paused 151us total 283.515ms
02-23 09:06:33.594  3112  3133 I .gms.persisten: Background concurrent copying GC freed 32825(1189KB) AllocSpace objects, 132(6864KB) LOS objects, 23% free, 20MB/26MB, paused 251us total 284.799ms
02-23 09:06:36.298  3112  3133 I .gms.persisten: Background concurrent copying GC freed 32373(1195KB) AllocSpace objects, 130(6760KB) LOS objects, 22% free, 20MB/26MB, paused 559us total 284.932ms
02-23 09:06:52.634  3112  3133 I .gms.persisten: Background concurrent copying GC freed 32740(1210KB) AllocSpace objects, 130(6760KB) LOS objects, 22% free, 20MB/26MB, paused 162us total 284.280ms
02-23 09:07:02.054  3112 17757 D SharedPreferencesImpl: Time required to fsync /data/user/0/com.google.android.gms/shared_prefs/LogDropPref.xml: [<1: 0, <2: 0, <4: 9535, <8: 9204, <16: 604, <32: 55, <64: 34, <128: 23, <256: 1, <512: 0, <1024: 0, <2048: 0, <4096: 0, <8192: 0, <16384: 0, >=16384: 0]
02-23 09:07:18.922  3112  3133 I .gms.persisten: Background concurrent copying GC freed 33006(1223KB) AllocSpace objects, 132(6864KB) LOS objects, 22% free, 20MB/26MB, paused 167us total 290.935ms
02-23 09:07:27.376  3112  3133 I .gms.persisten: Background concurrent copying GC freed 32377(1197KB) AllocSpace objects, 130(6760KB) LOS objects, 23% free, 19MB/25MB, paused 225us total 287.849ms
02-23 09:07:35.841  3112  3133 I .gms.persisten: Background concurrent copying GC freed 32100(1214KB) AllocSpace objects, 130(6760KB) LOS objects, 22% free, 20MB/26MB, paused 305us total 283.570ms
02-23 09:07:48.545  3112 25323 D SharedPreferencesImpl: Time required to fsync /data/user/0/com.google.android.gms/shared_prefs/LogDropPref.xml: [<1: 0, <2: 0, <4: 10658, <8: 10055, <16: 666, <32: 66, <64: 35, <128: 23, <256: 1, <512: 0, <1024: 0, <2048: 0, <4096: 0, <8192: 0, <16384: 0, >=16384: 0]
02-23 09:08:36.799  3112 26619 D SharedPreferencesImpl: Time required to fsync /data/user/0/com.google.android.gms/shared_prefs/LogDropPref.xml: [<1: 0, <2: 0, <4: 11802, <8: 10861, <16: 760, <32: 69, <64: 36, <128: 23, <256: 1, <512: 0, <1024: 0, <2048: 0, <4096: 0, <8192: 0, <16384: 0, >=16384: 0]
02-23 09:09:01.570  3112 25324 D SharedPreferencesImpl: Time required to fsync /data/user/0/com.google.android.gms/shared_prefs/LogDropPref.xml: [<1: 0, <2: 0, <4: 12390, <8: 11257, <16: 796, <32: 70, <64: 39, <128: 23, <256: 1, <512: 0, <1024: 0, <2048: 0, <4096: 0, <8192: 0, <16384: 0, >=16384: 0]
02-23 09:09:26.582  3112 26619 D SharedPreferencesImpl: Time required to fsync /data/user/0/com.google.android.gms/shared_prefs/LogDropPref.xml: [<1: 0, <2: 0, <4: 12978, <8: 11642, <16: 844, <32: 73, <64: 39, <128: 23, <256: 1, <512: 0, <1024: 0, <2048: 0, <4096: 0, <8192: 0, <16384: 0, >=16384: 0]
02-23 09:09:27.808  3112  3133 I .gms.persisten: Background concurrent copying GC freed 31535(1166KB) AllocSpace objects, 126(6552KB) LOS objects, 22% free, 20MB/26MB, paused 350us total 283.114ms
02-23 09:09:40.749  3112 26619 E WakeLock: GCM_HB_ALARM release without a matched acquire!
02-23 09:09:44.306  3112  3133 I .gms.persisten: Background concurrent copying GC freed 31574(1196KB) AllocSpace objects, 126(6552KB) LOS objects, 22% free, 20MB/26MB, paused 169us total 280.521ms
02-23 09:09:52.037  3112 28676 D SharedPreferencesImpl: Time required to fsync /data/user/0/com.google.android.gms/shared_prefs/LogDropPref.xml: [<1: 0, <2: 0, <4: 13537, <8: 12056, <16: 894, <32: 74, <64: 39, <128: 23, <256: 1, <512: 0, <1024: 0, <2048: 0, <4096: 0, <8192: 0, <16384: 0, >=16384: 0]
02-23 09:10:08.438  3112  3133 I .gms.persisten: Background concurrent copying GC freed 30913(1160KB) AllocSpace objects, 124(6448KB) LOS objects, 23% free, 19MB/25MB, paused 224us total 279.805ms
02-23 09:10:17.775  3112 26619 D SharedPreferencesImpl: Time required to fsync /data/user/0/com.google.android.gms/shared_prefs/LogDropPref.xml: [<1: 0, <2: 0, <4: 14091, <8: 12472, <16: 947, <32: 75, <64: 39, <128: 23, <256: 1, <512: 0, <1024: 0, <2048: 0, <4096: 0, <8192: 0, <16384: 0, >=16384: 0]
02-23 09:10:20.515  3112  3133 I .gms.persisten: Background concurrent copying GC freed 31861(1187KB) AllocSpace objects, 126(6552KB) LOS objects, 22% free, 20MB/26MB, paused 370us total 283.509ms
02-23 09:10:43.441  3112  4792 E _V_SensorManager: unregisterListenerImpl listener=com.google.android.location.collectionlib.BatchSignalCollector$BatchSensorEventListener@4914933sensor=android.sensor.accelerometer num: 1
02-23 09:10:43.957  3112 26619 D SharedPreferencesImpl: Time required to fsync /data/user/0/com.google.android.gms/shared_prefs/LogDropPref.xml: [<1: 0, <2: 0, <4: 14613, <8: 12914, <16: 1002, <32: 79, <64: 40, <128: 23, <256: 1, <512: 0, <1024: 0, <2048: 0, <4096: 0, <8192: 0, <16384: 0, >=16384: 0]
02-23 09:10:49.625  3112  3133 I .gms.persisten: Background concurrent copying GC freed 30668(1150KB) AllocSpace objects, 124(6448KB) LOS objects, 23% free, 19MB/25MB, paused 162us total 281.675ms
02-23 09:10:57.409  3112  3133 I .gms.persisten: Background concurrent copying GC freed 31025(1147KB) AllocSpace objects, 126(6552KB) LOS objects, 23% free, 19MB/25MB, paused 161us total 276.098ms
02-23 09:11:05.866  3112  3342 D SharedPreferencesImpl: Time required to fsync /data/user/0/com.google.android.gms/shared_prefs/tron_prefs.xml: [<1: 0, <2: 2, <4: 23860, <8: 21446, <16: 1354, <32: 226, <64: 143, <128: 70, <256: 3, <512: 0, <1024: 0, <2048: 0, <4096: 0, <8192: 0, <16384: 0, >=16384: 0]
02-23 09:11:06.784  3112  3133 I .gms.persisten: Background concurrent copying GC freed 31026(1163KB) AllocSpace objects, 126(6552KB) LOS objects, 23% free, 19MB/25MB, paused 141us total 277.281ms
02-23 09:11:10.602  3112 28676 D SharedPreferencesImpl: Time required to fsync /data/user/0/com.google.android.gms/shared_prefs/LogDropPref.xml: [<1: 0, <2: 0, <4: 15143, <8: 13340, <16: 1063, <32: 86, <64: 40, <128: 23, <256: 1, <512: 0, <1024: 0, <2048: 0, <4096: 0, <8192: 0, <16384: 0, >=16384: 0]
02-23 09:11:27.123  3112  3133 I .gms.persisten: Background concurrent copying GC freed 31898(1174KB) AllocSpace objects, 128(6656KB) LOS objects, 23% free, 19MB/25MB, paused 160us total 275.948ms
02-23 09:11:37.406  3112 28676 D SharedPreferencesImpl: Time required to fsync /data/user/0/com.google.android.gms/shared_prefs/LogDropPref.xml: [<1: 0, <2: 0, <4: 15679, <8: 13780, <16: 1107, <32: 89, <64: 41, <128: 23, <256: 1, <512: 0, <1024: 0, <2048: 0, <4096: 0, <8192: 0, <16384: 0, >=16384: 0]
